mavlink_sha256.h:161:21:mavlink_sha256_update	416	static
mouseDriver.c:67:6:mouseDriver_initSetpoint	0	static
mouseDriver.c:73:6:mouseDriver_initMode	0	static
mouseDriver.c:77:6:mouseDriver_getSpeedFromSensors	0	static
mouseDriver.c:81:6:mouseDriver_initPoints	12	static
mouseDriver.c:92:6:mouseDriver_setSetpoint	8	static
mouseDriver.c:98:6:mouseDriver_sendMsg	528	static
mouseDriver.c:151:6:mouseDriver_setMode	16	static
mouseDriver.c:178:9:mouseDriver_init	8	static
mouseDriver.c:187:10:mouseDriver_getTime	8	static
mouseDriver.c:191:6:mouseDriver_readMsg	16	static
mouseDriver.c:227:6:mouseDriver_idle	8	static
mouseDriver.c:296:6:mouseDriver_controlISR	0	static
