mavlink_sha256.h:161:21:mavlink_sha256_update	416	static
mouseDriver.c:98:6:mouseDriver_sendMsg.constprop	928	static
mouseDriver.c:98:6:mouseDriver_sendMsg.constprop	928	static
mouseDriver.c:98:6:mouseDriver_sendMsg.constprop	928	static
mouseDriver.c:98:6:mouseDriver_sendMsg.constprop	928	static
mouseDriver.c:67:6:mouseDriver_initSetpoint	0	static
mouseDriver.c:73:6:mouseDriver_initMode	0	static
mouseDriver.c:77:6:mouseDriver_getSpeedFromSensors	0	static
mouseDriver.c:81:6:mouseDriver_initPoints	16	static
mouseDriver.c:92:6:mouseDriver_setSetpoint	8	static
mouseDriver.c:98:6:mouseDriver_sendMsg	552	static
mouseDriver.c:151:6:mouseDriver_setMode	16	static
mouseDriver.c:178:6:mouseDriver_init	16	static
mouseDriver.c:188:10:mouseDriver_getTime	0	static
mouseDriver.c:192:6:mouseDriver_readMsg	16	static
mouseDriver.c:228:6:mouseDriver_idle	24	static
mouseDriver.c:297:6:mouseDriver_controlISR	0	static
