checksum.h:35:20:crc_accumulate	24	static
checksum.h:52:20:crc_init	16	static
checksum.h:65:24:crc_calculate	24	static
checksum.h:85:20:crc_accumulate_buffer	32	static
mavlink_sha256.h:100:21:mavlink_sha256_init	16	static
mavlink_sha256.h:114:20:mavlink_sha256_calc	320	static
mavlink_sha256.h:161:21:mavlink_sha256_update	120	static
mavlink_sha256.h:201:21:mavlink_sha256_final_48	104	static
mavlink_helpers.h:23:34:mavlink_get_channel_status	16	static
mavlink_helpers.h:72:24:mavlink_sign_packet	144	static
mavlink_helpers.h:109:24:_mav_trim_payload	16	static
mavlink_helpers.h:212:25:mavlink_finalize_message_buffer	80	static
mavlink_helpers.h:275:25:mavlink_finalize_message_chan	40	static
mavlink_helpers.h:285:25:mavlink_finalize_message	32	static
mavlink_helpers.h:428:25:mavlink_msg_to_send_buffer	32	static
mavlink_msg_heartbeat.h:51:24:mavlink_msg_heartbeat_pack	32	static
mavlink_msg_speed_info.h:55:24:mavlink_msg_speed_info_pack	56	static
mavlink_msg_speed_info.h:121:24:mavlink_msg_speed_info_encode	32	static
mavlink_msg_speed_setpoint.h:51:24:mavlink_msg_speed_setpoint_pack	40	static
mavlink_msg_speed_setpoint.h:112:24:mavlink_msg_speed_setpoint_encode	24	static
mavlink_msg_speed_setpoint.h:228:20:mavlink_msg_speed_setpoint_decode	24	static
mavlink_msg_mode_selection.h:193:23:mavlink_msg_mode_selection_get_mode	16	static
mavlink_msg_motor_setpoint.h:55:24:mavlink_msg_motor_setpoint_pack	56	static
mavlink_msg_motor_setpoint.h:121:24:mavlink_msg_motor_setpoint_encode	32	static
mouseDriver.c:11:6:mouseDriver_initSetpoint	4	static
mouseDriver.c:16:6:mouseDriver_initTime	4	static
mouseDriver.c:20:6:mouseDriver_initMode	4	static
mouseDriver.c:24:6:mouseDriver_getSpeedFromSensors	4	static
mouseDriver.c:30:6:mouseDriver_setSetpoint	16	static
mouseDriver.c:34:6:mouseDriver_setMode	16	static
mouseDriver.c:39:6:mouseDriver_sendMsg	320	static
mouseDriver.c:83:6:mouseDriver_init	8	static
mouseDriver.c:90:6:mouseDriver_setTime	16	static
mouseDriver.c:94:10:mouseDriver_getTime	4	static
mouseDriver.c:98:6:mouseDriver_readMsg	8	static
mouseDriver.c:121:6:mouseDriver_idle	8	static
mouseDriver.c:152:6:mouseDriver_controlISR	4	static
