mavlink_sha256.h:161:21:mavlink_sha256_update	416	static
mouseDriver.c:72:6:mouseDriver_initSetpoint	0	static
mouseDriver.c:78:6:mouseDriver_initMode	0	static
mouseDriver.c:82:6:mouseDriver_getSpeedFromSensors	0	static
mouseDriver.c:86:6:mouseDriver_initPoints	12	static
mouseDriver.c:97:6:mouseDriver_setSetpoint	8	static
mouseDriver.c:103:6:mouseDriver_sendMsg	528	static
mouseDriver.c:164:6:mouseDriver_setMode	16	static
mouseDriver.c:191:6:mouseDriver_init	8	static
mouseDriver.c:200:10:mouseDriver_getTime	8	static
mouseDriver.c:204:6:mouseDriver_readMsg	16	static
mouseDriver.c:240:6:mouseDriver_idle	16	static
mouseDriver.c:319:6:mouseDriver_send_status_msg	0	static
mouseDriver.c:323:6:mouseDriver_controlISR	0	static
