mavlink_sha256.h:161:21:mavlink_sha256_update	416	static
mouseDriver.c:73:6:mouseDriver_initSetpoint	0	static
mouseDriver.c:79:6:mouseDriver_initMode	0	static
mouseDriver.c:83:6:mouseDriver_getSpeedFromSensors	0	static
mouseDriver.c:87:6:mouseDriver_initPoints	12	static
mouseDriver.c:98:6:mouseDriver_setSetpoint	8	static
mouseDriver.c:104:6:mouseDriver_sendMsg	528	static
mouseDriver.c:165:6:mouseDriver_setMode	16	static
mouseDriver.c:192:6:mouseDriver_init	8	static
mouseDriver.c:201:10:mouseDriver_getTime	8	static
mouseDriver.c:205:6:mouseDriver_readMsg	16	static
mouseDriver.c:316:6:mouseDriver_send_status_msg	0	static
mouseDriver.c:320:6:mouseDriver_control_idle	8	static
mouseDriver.c:241:6:mouseDriver_idle	16	static
