mavlink_sha256.h:161:21:mavlink_sha256_update	416	static
mouseDriver.c:69:6:mouseDriver_initSetpoint	0	static
mouseDriver.c:75:6:mouseDriver_initMode	0	static
mouseDriver.c:79:6:mouseDriver_getSpeedFromSensors	0	static
mouseDriver.c:83:6:mouseDriver_initPoints	12	static
mouseDriver.c:94:6:mouseDriver_setSetpoint	8	static
mouseDriver.c:100:6:mouseDriver_sendMsg	528	static
mouseDriver.c:161:6:mouseDriver_setMode	16	static
mouseDriver.c:188:6:mouseDriver_init	8	static
mouseDriver.c:197:10:mouseDriver_getTime	8	static
mouseDriver.c:201:6:mouseDriver_readMsg	16	static
mouseDriver.c:237:6:mouseDriver_idle	8	static
mouseDriver.c:310:6:mouseDriver_controlISR	0	static
