checksum.h:35:20:crc_accumulate	24	static
checksum.h:52:20:crc_init	16	static
checksum.h:65:24:crc_calculate	24	static
checksum.h:85:20:crc_accumulate_buffer	32	static
mavlink_sha256.h:100:21:mavlink_sha256_init	16	static
mavlink_sha256.h:114:20:mavlink_sha256_calc	320	static
mavlink_sha256.h:161:21:mavlink_sha256_update	120	static
mavlink_sha256.h:201:21:mavlink_sha256_final_48	104	static
mavlink_helpers.h:23:34:mavlink_get_channel_status	16	static
mavlink_helpers.h:72:24:mavlink_sign_packet	144	static
mavlink_helpers.h:109:24:_mav_trim_payload	16	static
mavlink_helpers.h:212:25:mavlink_finalize_message_buffer	80	static
mavlink_helpers.h:275:25:mavlink_finalize_message_chan	40	static
mavlink_helpers.h:285:25:mavlink_finalize_message	32	static
mavlink_helpers.h:428:25:mavlink_msg_to_send_buffer	32	static
mavlink_msg_heartbeat.h:51:24:mavlink_msg_heartbeat_pack	32	static
mavlink_msg_speed_info.h:55:24:mavlink_msg_speed_info_pack	56	static
mavlink_msg_speed_info.h:121:24:mavlink_msg_speed_info_encode	32	static
mavlink_msg_speed_setpoint.h:51:24:mavlink_msg_speed_setpoint_pack	40	static
mavlink_msg_speed_setpoint.h:112:24:mavlink_msg_speed_setpoint_encode	24	static
mavlink_msg_speed_setpoint.h:228:20:mavlink_msg_speed_setpoint_decode	24	static
mavlink_msg_mode_selection.h:193:23:mavlink_msg_mode_selection_get_mode	16	static
mavlink_msg_motor_setpoint.h:55:24:mavlink_msg_motor_setpoint_pack	56	static
mavlink_msg_motor_setpoint.h:121:24:mavlink_msg_motor_setpoint_encode	32	static
mavlink_msg_point_loaded.h:47:24:mavlink_msg_point_loaded_pack	32	static
mavlink_msg_point.h:59:24:mavlink_msg_point_pack	56	static
mavlink_msg_point.h:130:24:mavlink_msg_point_encode	40	static
mavlink_msg_point.h:276:20:mavlink_msg_point_decode	24	static
mavlink_msg_error.h:51:24:mavlink_msg_error_pack	40	static
mavlink_msg_error.h:112:24:mavlink_msg_error_encode	32	static
mouseDriver.c:74:6:mouseDriver_initSetpoint	4	static
mouseDriver.c:79:6:mouseDriver_initTime	4	static
mouseDriver.c:83:6:mouseDriver_initMode	4	static
mouseDriver.c:87:6:mouseDriver_getSpeedFromSensors	4	static
mouseDriver.c:91:6:mouseDriver_initPoints	16	static
mouseDriver.c:102:6:mouseDriver_setSetpoint	16	static
mouseDriver.c:108:6:mouseDriver_sendMsg	328	static
mouseDriver.c:161:6:mouseDriver_setMode	16	static
mouseDriver.c:188:6:mouseDriver_init	8	static
mouseDriver.c:196:6:mouseDriver_setTime	16	static
mouseDriver.c:200:10:mouseDriver_getTime	4	static
mouseDriver.c:204:6:mouseDriver_readMsg	8	static
mouseDriver.c:240:6:mouseDriver_idle	24	static
mouseDriver.c:309:6:mouseDriver_controlISR	4	static
