Archive member included to satisfy reference by file (symbol)

/Applications/STMicroelectronics/STM32CubeIDE.app/Contents/Eclipse/plugins/com.st.stm32cube.ide.mcu.externaltools.gnu-tools-for-stm32.7-2018-q2-update.macos64_1.0.0.201904181610/tools/bin/../lib/gcc/arm-none-eabi/7.3.1/../../../../arm-none-eabi/lib/thumb/v7e-m/fpv4-sp/hard/libc.a(lib_a-errno.o)
                              Core/Src/syscalls.o (__errno)
/Applications/STMicroelectronics/STM32CubeIDE.app/Contents/Eclipse/plugins/com.st.stm32cube.ide.mcu.externaltools.gnu-tools-for-stm32.7-2018-q2-update.macos64_1.0.0.201904181610/tools/bin/../lib/gcc/arm-none-eabi/7.3.1/../../../../arm-none-eabi/lib/thumb/v7e-m/fpv4-sp/hard/libc.a(lib_a-exit.o)
                              /Applications/STMicroelectronics/STM32CubeIDE.app/Contents/Eclipse/plugins/com.st.stm32cube.ide.mcu.externaltools.gnu-tools-for-stm32.7-2018-q2-update.macos64_1.0.0.201904181610/tools/bin/../lib/gcc/arm-none-eabi/7.3.1/../../../../arm-none-eabi/lib/thumb/v7e-m/fpv4-sp/hard/crt0.o (exit)
/Applications/STMicroelectronics/STM32CubeIDE.app/Contents/Eclipse/plugins/com.st.stm32cube.ide.mcu.externaltools.gnu-tools-for-stm32.7-2018-q2-update.macos64_1.0.0.201904181610/tools/bin/../lib/gcc/arm-none-eabi/7.3.1/../../../../arm-none-eabi/lib/thumb/v7e-m/fpv4-sp/hard/libc.a(lib_a-impure.o)
                              /Applications/STMicroelectronics/STM32CubeIDE.app/Contents/Eclipse/plugins/com.st.stm32cube.ide.mcu.externaltools.gnu-tools-for-stm32.7-2018-q2-update.macos64_1.0.0.201904181610/tools/bin/../lib/gcc/arm-none-eabi/7.3.1/../../../../arm-none-eabi/lib/thumb/v7e-m/fpv4-sp/hard/libc.a(lib_a-exit.o) (_global_impure_ptr)
/Applications/STMicroelectronics/STM32CubeIDE.app/Contents/Eclipse/plugins/com.st.stm32cube.ide.mcu.externaltools.gnu-tools-for-stm32.7-2018-q2-update.macos64_1.0.0.201904181610/tools/bin/../lib/gcc/arm-none-eabi/7.3.1/../../../../arm-none-eabi/lib/thumb/v7e-m/fpv4-sp/hard/libc.a(lib_a-init.o)
                              /Applications/STMicroelectronics/STM32CubeIDE.app/Contents/Eclipse/plugins/com.st.stm32cube.ide.mcu.externaltools.gnu-tools-for-stm32.7-2018-q2-update.macos64_1.0.0.201904181610/tools/bin/../lib/gcc/arm-none-eabi/7.3.1/../../../../arm-none-eabi/lib/thumb/v7e-m/fpv4-sp/hard/crt0.o (__libc_init_array)
/Applications/STMicroelectronics/STM32CubeIDE.app/Contents/Eclipse/plugins/com.st.stm32cube.ide.mcu.externaltools.gnu-tools-for-stm32.7-2018-q2-update.macos64_1.0.0.201904181610/tools/bin/../lib/gcc/arm-none-eabi/7.3.1/../../../../arm-none-eabi/lib/thumb/v7e-m/fpv4-sp/hard/libc.a(lib_a-memcmp.o)
                              Core/Src/main.o (memcmp)
/Applications/STMicroelectronics/STM32CubeIDE.app/Contents/Eclipse/plugins/com.st.stm32cube.ide.mcu.externaltools.gnu-tools-for-stm32.7-2018-q2-update.macos64_1.0.0.201904181610/tools/bin/../lib/gcc/arm-none-eabi/7.3.1/../../../../arm-none-eabi/lib/thumb/v7e-m/fpv4-sp/hard/libc.a(lib_a-memcpy-stub.o)
                              Code STM32/mouseDriver.o (memcpy)
/Applications/STMicroelectronics/STM32CubeIDE.app/Contents/Eclipse/plugins/com.st.stm32cube.ide.mcu.externaltools.gnu-tools-for-stm32.7-2018-q2-update.macos64_1.0.0.201904181610/tools/bin/../lib/gcc/arm-none-eabi/7.3.1/../../../../arm-none-eabi/lib/thumb/v7e-m/fpv4-sp/hard/libc.a(lib_a-memset.o)
                              /Applications/STMicroelectronics/STM32CubeIDE.app/Contents/Eclipse/plugins/com.st.stm32cube.ide.mcu.externaltools.gnu-tools-for-stm32.7-2018-q2-update.macos64_1.0.0.201904181610/tools/bin/../lib/gcc/arm-none-eabi/7.3.1/../../../../arm-none-eabi/lib/thumb/v7e-m/fpv4-sp/hard/crt0.o (memset)
/Applications/STMicroelectronics/STM32CubeIDE.app/Contents/Eclipse/plugins/com.st.stm32cube.ide.mcu.externaltools.gnu-tools-for-stm32.7-2018-q2-update.macos64_1.0.0.201904181610/tools/bin/../lib/gcc/arm-none-eabi/7.3.1/../../../../arm-none-eabi/lib/thumb/v7e-m/fpv4-sp/hard/libc.a(lib_a-__call_atexit.o)
                              /Applications/STMicroelectronics/STM32CubeIDE.app/Contents/Eclipse/plugins/com.st.stm32cube.ide.mcu.externaltools.gnu-tools-for-stm32.7-2018-q2-update.macos64_1.0.0.201904181610/tools/bin/../lib/gcc/arm-none-eabi/7.3.1/../../../../arm-none-eabi/lib/thumb/v7e-m/fpv4-sp/hard/libc.a(lib_a-exit.o) (__call_exitprocs)
/Applications/STMicroelectronics/STM32CubeIDE.app/Contents/Eclipse/plugins/com.st.stm32cube.ide.mcu.externaltools.gnu-tools-for-stm32.7-2018-q2-update.macos64_1.0.0.201904181610/tools/bin/../lib/gcc/arm-none-eabi/7.3.1/../../../../arm-none-eabi/lib/thumb/v7e-m/fpv4-sp/hard/libc.a(lib_a-atexit.o)
                              /Applications/STMicroelectronics/STM32CubeIDE.app/Contents/Eclipse/plugins/com.st.stm32cube.ide.mcu.externaltools.gnu-tools-for-stm32.7-2018-q2-update.macos64_1.0.0.201904181610/tools/bin/../lib/gcc/arm-none-eabi/7.3.1/../../../../arm-none-eabi/lib/thumb/v7e-m/fpv4-sp/hard/libc.a(lib_a-__call_atexit.o) (atexit)
[...]
Memory Configuration

Name             Origin             Length             Attributes
RAM              0x0000000020000000 0x0000000000018000 xrw
RAM2             0x0000000010000000 0x0000000000008000 xrw
FLASH            0x0000000008000000 0x0000000000100000 xr
*default*        0x0000000000000000 0xffffffffffffffff

Linker script and memory map

LOAD /Applications/STMicroelectronics/STM32CubeIDE.app/Contents/Eclipse/plugins/com.st.stm32cube.ide.mcu.externaltools.gnu-tools-for-stm32.7-2018-q2-update.macos64_1.0.0.201904181610/tools/bin/../lib/gcc/arm-none-eabi/7.3.1/thumb/v7e-m/fpv4-sp/hard/crti.o
LOAD /Applications/STMicroelectronics/STM32CubeIDE.app/Contents/Eclipse/plugins/com.st.stm32cube.ide.mcu.externaltools.gnu-tools-for-stm32.7-2018-q2-update.macos64_1.0.0.201904181610/tools/bin/../lib/gcc/arm-none-eabi/7.3.1/thumb/v7e-m/fpv4-sp/hard/crtbegin.o
LOAD /Applications/STMicroelectronics/STM32CubeIDE.app/Contents/Eclipse/plugins/com.st.stm32cube.ide.mcu.externaltools.gnu-tools-for-stm32.7-2018-q2-update.macos64_1.0.0.201904181610/tools/bin/../lib/gcc/arm-none-eabi/7.3.1/../../../../arm-none-eabi/lib/thumb/v7e-m/fpv4-sp/hard/crt0.o
LOAD Code STM32/mouseDriver.o
LOAD Code STM32/sensorDriver.o
LOAD Core/Src/main.o
LOAD Core/Src/stm32l4xx_hal_msp.o
LOAD Core/Src/stm32l4xx_it.o
LOAD Core/Src/syscalls.o
LOAD Core/Src/sysmem.o
LOAD Core/Src/system_stm32l4xx.o
LOAD Core/Startup/startup_stm32l476rgtx.o
LOAD Drivers/STM32L4xx_HAL_Driver/Src/stm32l4xx_hal.o
LOAD Drivers/STM32L4xx_HAL_Driver/Src/stm32l4xx_hal_cortex.o
LOAD Drivers/STM32L4xx_HAL_Driver/Src/stm32l4xx_hal_dma.o
LOAD Drivers/STM32L4xx_HAL_Driver/Src/stm32l4xx_hal_dma_ex.o
LOAD Drivers/STM32L4xx_HAL_Driver/Src/stm32l4xx_hal_exti.o
LOAD Drivers/STM32L4xx_HAL_Driver/Src/stm32l4xx_hal_flash.o
LOAD Drivers/STM32L4xx_HAL_Driver/Src/stm32l4xx_hal_flash_ex.o
LOAD Drivers/STM32L4xx_HAL_Driver/Src/stm32l4xx_hal_flash_ramfunc.o
LOAD Drivers/STM32L4xx_HAL_Driver/Src/stm32l4xx_hal_gpio.o
LOAD Drivers/STM32L4xx_HAL_Driver/Src/stm32l4xx_hal_i2c.o
LOAD Drivers/STM32L4xx_HAL_Driver/Src/stm32l4xx_hal_i2c_ex.o
LOAD Drivers/STM32L4xx_HAL_Driver/Src/stm32l4xx_hal_pwr.o
LOAD Drivers/STM32L4xx_HAL_Driver/Src/stm32l4xx_hal_pwr_ex.o
LOAD Drivers/STM32L4xx_HAL_Driver/Src/stm32l4xx_hal_rcc.o
LOAD Drivers/STM32L4xx_HAL_Driver/Src/stm32l4xx_hal_rcc_ex.o
LOAD Drivers/STM32L4xx_HAL_Driver/Src/stm32l4xx_hal_spi.o
LOAD Drivers/STM32L4xx_HAL_Driver/Src/stm32l4xx_hal_spi_ex.o
LOAD Drivers/STM32L4xx_HAL_Driver/Src/stm32l4xx_hal_tim.o
LOAD Drivers/STM32L4xx_HAL_Driver/Src/stm32l4xx_hal_tim_ex.o
LOAD Drivers/STM32L4xx_HAL_Driver/Src/stm32l4xx_hal_uart.o
LOAD Drivers/STM32L4xx_HAL_Driver/Src/stm32l4xx_hal_uart_ex.o
START GROUP
LOAD /Applications/STMicroelectronics/STM32CubeIDE.app/Contents/Eclipse/plugins/com.st.stm32cube.ide.mcu.externaltools.gnu-tools-for-stm32.7-2018-q2-update.macos64_1.0.0.201904181610/tools/bin/../lib/gcc/arm-none-eabi/7.3.1/../../../../arm-none-eabi/lib/thumb/v7e-m/fpv4-sp/hard/libc.a
LOAD /Applications/STMicroelectronics/STM32CubeIDE.app/Contents/Eclipse/plugins/com.st.stm32cube.ide.mcu.externaltools.gnu-tools-for-stm32.7-2018-q2-update.macos64_1.0.0.201904181610/tools/bin/../lib/gcc/arm-none-eabi/7.3.1/../../../../arm-none-eabi/lib/thumb/v7e-m/fpv4-sp/hard/libm.a
END GROUP
START GROUP
LOAD /Applications/STMicroelectronics/STM32CubeIDE.app/Contents/Eclipse/plugins/com.st.stm32cube.ide.mcu.externaltools.gnu-tools-for-stm32.7-2018-q2-update.macos64_1.0.0.201904181610/tools/bin/../lib/gcc/arm-none-eabi/7.3.1/thumb/v7e-m/fpv4-sp/hard/libgcc.a
LOAD /Applications/STMicroelectronics/STM32CubeIDE.app/Contents/Eclipse/plugins/com.st.stm32cube.ide.mcu.externaltools.gnu-tools-for-stm32.7-2018-q2-update.macos64_1.0.0.201904181610/tools/bin/../lib/gcc/arm-none-eabi/7.3.1/../../../../arm-none-eabi/lib/thumb/v7e-m/fpv4-sp/hard/libc.a
END GROUP
START GROUP
LOAD /Applications/STMicroelectronics/STM32CubeIDE.app/Contents/Eclipse/plugins/com.st.stm32cube.ide.mcu.externaltools.gnu-tools-for-stm32.7-2018-q2-update.macos64_1.0.0.201904181610/tools/bin/../lib/gcc/arm-none-eabi/7.3.1/thumb/v7e-m/fpv4-sp/hard/libgcc.a
LOAD /Applications/STMicroelectronics/STM32CubeIDE.app/Contents/Eclipse/plugins/com.st.stm32cube.ide.mcu.externaltools.gnu-tools-for-stm32.7-2018-q2-update.macos64_1.0.0.201904181610/tools/bin/../lib/gcc/arm-none-eabi/7.3.1/../../../../arm-none-eabi/lib/thumb/v7e-m/fpv4-sp/hard/libc.a
LOAD /Applications/STMicroelectronics/STM32CubeIDE.app/Contents/Eclipse/plugins/com.st.stm32cube.ide.mcu.externaltools.gnu-tools-for-stm32.7-2018-q2-update.macos64_1.0.0.201904181610/tools/bin/../lib/gcc/arm-none-eabi/7.3.1/../../../../arm-none-eabi/lib/thumb/v7e-m/fpv4-sp/hard/libnosys.a
END GROUP
LOAD /Applications/STMicroelectronics/STM32CubeIDE.app/Contents/Eclipse/plugins/com.st.stm32cube.ide.mcu.externaltools.gnu-tools-for-stm32.7-2018-q2-update.macos64_1.0.0.201904181610/tools/bin/../lib/gcc/arm-none-eabi/7.3.1/thumb/v7e-m/fpv4-sp/hard/crtend.o
LOAD /Applications/STMicroelectronics/STM32CubeIDE.app/Contents/Eclipse/plugins/com.st.stm32cube.ide.mcu.externaltools.gnu-tools-for-stm32.7-2018-q2-update.macos64_1.0.0.201904181610/tools/bin/../lib/gcc/arm-none-eabi/7.3.1/thumb/v7e-m/fpv4-sp/hard/crtn.o
                0x0000000020018000                _estack = (ORIGIN (RAM) + LENGTH (RAM))
                0x0000000000000200                _Min_Heap_Size = 0x200
                0x0000000000000400                _Min_Stack_Size = 0x400

.isr_vector     0x0000000008000000      0x188
                0x0000000008000000                . = ALIGN (0x4)
 *(.isr_vector)
 .isr_vector    0x0000000008000000      0x188 Core/Startup/startup_stm32l476rgtx.o
                0x0000000008000000                g_pfnVectors
                0x0000000008000188                . = ALIGN (0x4)

.text           0x0000000008000188    0x13460
                0x0000000008000188                . = ALIGN (0x4)
 *(.text)
 .text          0x0000000008000188        0x0 /Applications/STMicroelectronics/STM32CubeIDE.app/Contents/Eclipse/plugins/com.st.stm32cube.ide.mcu.externaltools.gnu-tools-for-stm32.7-2018-q2-update.macos64_1.0.0.201904181610/tools/bin/../lib/gcc/arm-none-eabi/7.3.1/thumb/v7e-m/fpv4-sp/hard/crti.o
 .text          0x0000000008000188       0x40 /Applications/STMicroelectronics/STM32CubeIDE.app/Contents/Eclipse/plugins/com.st.stm32cube.ide.mcu.externaltools.gnu-tools-for-stm32.7-2018-q2-update.macos64_1.0.0.201904181610/tools/bin/../lib/gcc/arm-none-eabi/7.3.1/thumb/v7e-m/fpv4-sp/hard/crtbegin.o
 .text          0x00000000080001c8       0x74 /Applications/STMicroelectronics/STM32CubeIDE.app/Contents/Eclipse/plugins/com.st.stm32cube.ide.mcu.externaltools.gnu-tools-for-stm32.7-2018-q2-update.macos64_1.0.0.201904181610/tools/bin/../lib/gcc/arm-none-eabi/7.3.1/../../../../arm-none-eabi/lib/thumb/v7e-m/fpv4-sp/hard/crt0.o
                0x00000000080001c8                _mainCRTStartup
                0x00000000080001c8                _start
 .text          0x000000000800023c        0x0 Code STM32/mouseDriver.o
 .text          0x000000000800023c        0x0 Code STM32/sensorDriver.o
 .text          0x000000000800023c        0x0 Core/Src/main.o
 .text          0x000000000800023c        0x0 Core/Src/stm32l4xx_hal_msp.o
 .text          0x000000000800023c        0x0 Core/Src/stm32l4xx_it.o
 .text          0x000000000800023c        0x0 Core/Src/syscalls.o
 .text          0x000000000800023c        0x0 Core/Src/sysmem.o
 .text          0x000000000800023c        0x0 Core/Src/system_stm32l4xx.o
 .text          0x000000000800023c       0x14 Core/Startup/startup_stm32l476rgtx.o
 .text          0x0000000008000250        0x0 Drivers/STM32L4xx_HAL_Driver/Src/stm32l4xx_hal.o
 .text          0x0000000008000250        0x0 Drivers/STM32L4xx_HAL_Driver/Src/stm32l4xx_hal_cortex.o
 .text          0x0000000008000250        0x0 Drivers/STM32L4xx_HAL_Driver/Src/stm32l4xx_hal_dma.o
 .text          0x0000000008000250        0x0 Drivers/STM32L4xx_HAL_Driver/Src/stm32l4xx_hal_dma_ex.o
 .text          0x0000000008000250        0x0 Drivers/STM32L4xx_HAL_Driver/Src/stm32l4xx_hal_exti.o
 .text          0x0000000008000250        0x0 Drivers/STM32L4xx_HAL_Driver/Src/stm32l4xx_hal_flash.o
 .text          0x0000000008000250        0x0 Drivers/STM32L4xx_HAL_Driver/Src/stm32l4xx_hal_flash_ex.o
 .text          0x0000000008000250        0x0 Drivers/STM32L4xx_HAL_Driver/Src/stm32l4xx_hal_flash_ramfunc.o
 .text          0x0000000008000250        0x0 Drivers/STM32L4xx_HAL_Driver/Src/stm32l4xx_hal_gpio.o
 .text          0x0000000008000250        0x0 Drivers/STM32L4xx_HAL_Driver/Src/stm32l4xx_hal_i2c.o
 .text          0x0000000008000250        0x0 Drivers/STM32L4xx_HAL_Driver/Src/stm32l4xx_hal_i2c_ex.o
 .text          0x0000000008000250        0x0 Drivers/STM32L4xx_HAL_Driver/Src/stm32l4xx_hal_pwr.o
 .text          0x0000000008000250        0x0 Drivers/STM32L4xx_HAL_Driver/Src/stm32l4xx_hal_pwr_ex.o
 .text          0x0000000008000250        0x0 Drivers/STM32L4xx_HAL_Driver/Src/stm32l4xx_hal_rcc.o
 .text          0x0000000008000250        0x0 Drivers/STM32L4xx_HAL_Driver/Src/stm32l4xx_hal_rcc_ex.o
 .text          0x0000000008000250        0x0 Drivers/STM32L4xx_HAL_Driver/Src/stm32l4xx_hal_spi.o
 .text          0x0000000008000250        0x0 Drivers/STM32L4xx_HAL_Driver/Src/stm32l4xx_hal_spi_ex.o
 .text          0x0000000008000250        0x0 Drivers/STM32L4xx_HAL_Driver/Src/stm32l4xx_hal_tim.o
 .text          0x0000000008000250        0x0 Drivers/STM32L4xx_HAL_Driver/Src/stm32l4xx_hal_tim_ex.o
 .text          0x0000000008000250        0x0 Drivers/STM32L4xx_HAL_Driver/Src/stm32l4xx_hal_uart.o
 .text          0x0000000008000250        0x0 Drivers/STM32L4xx_HAL_Driver/Src/stm32l4xx_hal_uart_ex.o
 .text          0x0000000008000250        0x0 /Applications/STMicroelectronics/STM32CubeIDE.app/Contents/Eclipse/plugins/com.st.stm32cube.ide.mcu.externaltools.gnu-tools-for-stm32.7-2018-q2-update.macos64_1.0.0.201904181610/tools/bin/../lib/gcc/arm-none-eabi/7.3.1/../../../../arm-none-eabi/lib/thumb/v7e-m/fpv4-sp/hard/libc.a(lib_a-errno.o)
 .text          0x0000000008000250        0x0 /Applications/STMicroelectronics/STM32CubeIDE.app/Contents/Eclipse/plugins/com.st.stm32cube.ide.mcu.externaltools.gnu-tools-for-stm32.7-2018-q2-update.macos64_1.0.0.201904181610/tools/bin/../lib/gcc/arm-none-eabi/7.3.1/../../../../arm-none-eabi/lib/thumb/v7e-m/fpv4-sp/hard/libc.a(lib_a-exit.o)
 .text          0x0000000008000250        0x0 /Applications/STMicroelectronics/STM32CubeIDE.app/Contents/Eclipse/plugins/com.st.stm32cube.ide.mcu.externaltools.gnu-tools-for-stm32.7-2018-q2-update.macos64_1.0.0.201904181610/tools/bin/../lib/gcc/arm-none-eabi/7.3.1/../../../../arm-none-eabi/lib/thumb/v7e-m/fpv4-sp/hard/libc.a(lib_a-impure.o)
 .text          0x0000000008000250        0x0 /Applications/STMicroelectronics/STM32CubeIDE.app/Contents/Eclipse/plugins/com.st.stm32cube.ide.mcu.externaltools.gnu-tools-for-stm32.7-2018-q2-update.macos64_1.0.0.201904181610/tools/bin/../lib/gcc/arm-none-eabi/7.3.1/../../../../arm-none-eabi/lib/thumb/v7e-m/fpv4-sp/hard/libc.a(lib_a-init.o)
 .text          0x0000000008000250        0x0 /Applications/STMicroelectronics/STM32CubeIDE.app/Contents/Eclipse/plugins/com.st.stm32cube.ide.mcu.externaltools.gnu-tools-for-stm32.7-2018-q2-update.macos64_1.0.0.201904181610/tools/bin/../lib/gcc/arm-none-eabi/7.3.1/../../../../arm-none-eabi/lib/thumb/v7e-m/fpv4-sp/hard/libc.a(lib_a-memcmp.o)
 .text          0x0000000008000250        0x0 /Applications/STMicroelectronics/STM32CubeIDE.app/Contents/Eclipse/plugins/com.st.stm32cube.ide.mcu.externaltools.gnu-tools-for-stm32.7-2018-q2-update.macos64_1.0.0.201904181610/tools/bin/../lib/gcc/arm-none-eabi/7.3.1/../../../../arm-none-eabi/lib/thumb/v7e-m/fpv4-sp/hard/libc.a(lib_a-memcpy-stub.o)
 .text          0x0000000008000250        0x0 /Applications/STMicroelectronics/STM32CubeIDE.app/Contents/Eclipse/plugins/com.st.stm32cube.ide.mcu.externaltools.gnu-tools-for-stm32.7-2018-q2-update.macos64_1.0.0.201904181610/tools/bin/../lib/gcc/arm-none-eabi/7.3.1/../../../../arm-none-eabi/lib/thumb/v7e-m/fpv4-sp/hard/libc.a(lib_a-memset.o)
 .text          0x0000000008000250        0x0 /Applications/STMicroelectronics/STM32CubeIDE.app/Contents/Eclipse/plugins/com.st.stm32cube.ide.mcu.externaltools.gnu-tools-for-stm32.7-2018-q2-update.macos64_1.0.0.201904181610/tools/bin/../lib/gcc/arm-none-eabi/7.3.1/../../../../arm-none-eabi/lib/thumb/v7e-m/fpv4-sp/hard/libc.a(lib_a-__call_atexit.o)
 .text          0x0000000008000250        0x0 /Applications/STMicroelectronics/STM32CubeIDE.app/Contents/Eclipse/plugins/com.st.stm32cube.ide.mcu.externaltools.gnu-tools-for-stm32.7-2018-q2-update.macos64_1.0.0.201904181610/tools/bin/../lib/gcc/arm-none-eabi/7.3.1/../../../../arm-none-eabi/lib/thumb/v7e-m/fpv4-sp/hard/libc.a(lib_a-atexit.o)
 .text          0x0000000008000250        0x0 /Applications/STMicroelectronics/STM32CubeIDE.app/Contents/Eclipse/plugins/com.st.stm32cube.ide.mcu.externaltools.gnu-tools-for-stm32.7-2018-q2-update.macos64_1.0.0.201904181610/tools/bin/../lib/gcc/arm-none-eabi/7.3.1/../../../../arm-none-eabi/lib/thumb/v7e-m/fpv4-sp/hard/libc.a(lib_a-fini.o)
 .text          0x0000000008000250        0x0 /Applications/STMicroelectronics/STM32CubeIDE.app/Contents/Eclipse/plugins/com.st.stm32cube.ide.mcu.externaltools.gnu-tools-for-stm32.7-2018-q2-update.macos64_1.0.0.201904181610/tools/bin/../lib/gcc/arm-none-eabi/7.3.1/../../../../arm-none-eabi/lib/thumb/v7e-m/fpv4-sp/hard/libc.a(lib_a-lock.o)
 .text          0x0000000008000250        0x0 /Applications/STMicroelectronics/STM32CubeIDE.app/Contents/Eclipse/plugins/com.st.stm32cube.ide.mcu.externaltools.gnu-tools-for-stm32.7-2018-q2-update.macos64_1.0.0.201904181610/tools/bin/../lib/gcc/arm-none-eabi/7.3.1/../../../../arm-none-eabi/lib/thumb/v7e-m/fpv4-sp/hard/libc.a(lib_a-__atexit.o)
 .text          0x0000000008000250       0x30 /Applications/STMicroelectronics/STM32CubeIDE.app/Contents/Eclipse/plugins/com.st.stm32cube.ide.mcu.externaltools.gnu-tools-for-stm32.7-2018-q2-update.macos64_1.0.0.201904181610/tools/bin/../lib/gcc/arm-none-eabi/7.3.1/thumb/v7e-m/fpv4-sp/hard/libgcc.a(_aeabi_uldivmod.o)
                0x0000000008000250                __aeabi_uldivmod
 .text          0x0000000008000280      0x2cc /Applications/STMicroelectronics/STM32CubeIDE.app/Contents/Eclipse/plugins/com.st.stm32cube.ide.mcu.externaltools.gnu-tools-for-stm32.7-2018-q2-update.macos64_1.0.0.201904181610/tools/bin/../lib/gcc/arm-none-eabi/7.3.1/thumb/v7e-m/fpv4-sp/hard/libgcc.a(_udivmoddi4.o)
                0x0000000008000280                __udivmoddi4
 .text          0x000000000800054c        0x4 /Applications/STMicroelectronics/STM32CubeIDE.app/Contents/Eclipse/plugins/com.st.stm32cube.ide.mcu.externaltools.gnu-tools-for-stm32.7-2018-q2-update.macos64_1.0.0.201904181610/tools/bin/../lib/gcc/arm-none-eabi/7.3.1/thumb/v7e-m/fpv4-sp/hard/libgcc.a(_dvmd_tls.o)
                0x000000000800054c                __aeabi_ldiv0
                0x000000000800054c                __aeabi_idiv0
 .text          0x0000000008000550        0x0 /Applications/STMicroelectronics/STM32CubeIDE.app/Contents/Eclipse/plugins/com.st.stm32cube.ide.mcu.externaltools.gnu-tools-for-stm32.7-2018-q2-update.macos64_1.0.0.201904181610/tools/bin/../lib/gcc/arm-none-eabi/7.3.1/thumb/v7e-m/fpv4-sp/hard/crtend.o
 .text          0x0000000008000550        0x0 /Applications/STMicroelectronics/STM32CubeIDE.app/Contents/Eclipse/plugins/com.st.stm32cube.ide.mcu.externaltools.gnu-tools-for-stm32.7-2018-q2-update.macos64_1.0.0.201904181610/tools/bin/../lib/gcc/arm-none-eabi/7.3.1/thumb/v7e-m/fpv4-sp/hard/crtn.o
 *(.text*)
 .text.mavlink_sha256_update
                0x0000000008000550      0x1bc Code STM32/mouseDriver.o
 .text.mouseDriver_initSetpoint
                0x000000000800070c       0x10 Code STM32/mouseDriver.o
                0x000000000800070c                mouseDriver_initSetpoint
 .text.mouseDriver_initMode
                0x000000000800071c        0xc Code STM32/mouseDriver.o
                0x000000000800071c                mouseDriver_initMode
 .text.mouseDriver_getSpeedFromSensors
                0x0000000008000728       0x14 Code STM32/mouseDriver.o
                0x0000000008000728                mouseDriver_getSpeedFromSensors
 .text.mouseDriver_initPoints
                0x000000000800073c       0x48 Code STM32/mouseDriver.o
                0x000000000800073c                mouseDriver_initPoints
 .text.mouseDriver_setSetpoint
                0x0000000008000784       0x20 Code STM32/mouseDriver.o
                0x0000000008000784                mouseDriver_setSetpoint
 .text.mouseDriver_sendMsg
                0x00000000080007a4     0x25a8 Code STM32/mouseDriver.o
                0x00000000080007a4                mouseDriver_sendMsg
 .text.mouseDriver_setMode
                0x0000000008002d4c       0x78 Code STM32/mouseDriver.o
                0x0000000008002d4c                mouseDriver_setMode
 .text.mouseDriver_init
                0x0000000008002dc4       0x20 Code STM32/mouseDriver.o
                0x0000000008002dc4                mouseDriver_init
 .text.mouseDriver_getTime
                0x0000000008002de4        0x8 Code STM32/mouseDriver.o
                0x0000000008002de4                mouseDriver_getTime
 .text.mouseDriver_readMsg
                0x0000000008002dec       0xe4 Code STM32/mouseDriver.o
                0x0000000008002dec                mouseDriver_readMsg
 .text.mouseDriver_idle
                0x0000000008002ed0      0x164 Code STM32/mouseDriver.o
                0x0000000008002ed0                mouseDriver_idle
 .text.mouseDriver_controlISR
                0x0000000008003034        0x2 Code STM32/mouseDriver.o
                0x0000000008003034                mouseDriver_controlISR
 *fill*         0x0000000008003036        0x2 
 .text.sensorDriver_powerup
                0x0000000008003038      0x180 Code STM32/sensorDriver.o
                0x0000000008003038                sensorDriver_powerup
 .text.sensorDriver_init
                0x00000000080031b8       0x1c Code STM32/sensorDriver.o
                0x00000000080031b8                sensorDriver_init
 .text.sensorDrive_motion_read
                0x00000000080031d4       0xc8 Code STM32/sensorDriver.o
                0x00000000080031d4                sensorDrive_motion_read
 .text.main_wait_160us
                0x000000000800329c       0x1a Core/Src/main.o
                0x000000000800329c                main_wait_160us
 .text.main_wait_20us
                0x00000000080032b6       0x18 Core/Src/main.o
                0x00000000080032b6                main_wait_20us
 .text.main_wait_1us
                0x00000000080032ce       0x18 Core/Src/main.o
                0x00000000080032ce                main_wait_1us
 *fill*         0x00000000080032e6        0x2 
 .text.main_get_huart_tx_state
                0x00000000080032e8       0x10 Core/Src/main.o
                0x00000000080032e8                main_get_huart_tx_state
 .text.main_transmit_buffer
                0x00000000080032f8       0x14 Core/Src/main.o
                0x00000000080032f8                main_transmit_buffer
 .text.main_stop_motors
                0x000000000800330c       0x1c Core/Src/main.o
                0x000000000800330c                main_stop_motors
 .text.main_set_motors_speed
                0x0000000008003328       0x70 Core/Src/main.o
                0x0000000008003328                main_set_motors_speed
 .text.main_read_sensor
                0x0000000008003398       0x6c Core/Src/main.o
                0x0000000008003398                main_read_sensor
 .text.main_write_sensor
                0x0000000008003404       0x58 Core/Src/main.o
                0x0000000008003404                main_write_sensor
 .text.main_write_sensor_burst
                0x000000000800345c       0x24 Core/Src/main.o
                0x000000000800345c                main_write_sensor_burst
 .text.main_read_sensor_motion_burst
                0x0000000008003480       0x18 Core/Src/main.o
                0x0000000008003480                main_read_sensor_motion_burst
 .text.main_transmit_spi
                0x0000000008003498       0x20 Core/Src/main.o
                0x0000000008003498                main_transmit_spi
 .text.TM7_IRQHandler
                0x00000000080034b8       0x10 Core/Src/main.o
                0x00000000080034b8                TM7_IRQHandler
 .text.HAL_UART_RxCpltCallback
                0x00000000080034c8      0xdac Core/Src/main.o
                0x00000000080034c8                HAL_UART_RxCpltCallback
 .text.HAL_TIM_PeriodElapsedCallback
                0x0000000008004274       0x18 Core/Src/main.o
                0x0000000008004274                HAL_TIM_PeriodElapsedCallback
 .text.SystemClock_Config
                0x000000000800428c       0x78 Core/Src/main.o
                0x000000000800428c                SystemClock_Config
 .text.main     0x0000000008004304      0x338 Core/Src/main.o
                0x0000000008004304                main
 .text.Error_Handler
                0x000000000800463c        0x2 Core/Src/main.o
                0x000000000800463c                Error_Handler
 *fill*         0x000000000800463e        0x2 
 .text.HAL_MspInit
                0x0000000008004640       0x30 Core/Src/stm32l4xx_hal_msp.o
                0x0000000008004640                HAL_MspInit
 .text.HAL_SPI_MspInit
                0x0000000008004670       0x98 Core/Src/stm32l4xx_hal_msp.o
                0x0000000008004670                HAL_SPI_MspInit
 .text.HAL_SPI_MspDeInit
                0x0000000008004708       0x3c Core/Src/stm32l4xx_hal_msp.o
                0x0000000008004708                HAL_SPI_MspDeInit
 .text.HAL_TIM_Base_MspInit
                0x0000000008004744       0x60 Core/Src/stm32l4xx_hal_msp.o
                0x0000000008004744                HAL_TIM_Base_MspInit
 .text.HAL_TIM_MspPostInit
                0x00000000080047a4       0x54 Core/Src/stm32l4xx_hal_msp.o
                0x00000000080047a4                HAL_TIM_MspPostInit
 .text.HAL_TIM_Base_MspDeInit
                0x00000000080047f8       0x3c Core/Src/stm32l4xx_hal_msp.o
                0x00000000080047f8                HAL_TIM_Base_MspDeInit
 .text.HAL_UART_MspInit
                0x0000000008004834       0xac Core/Src/stm32l4xx_hal_msp.o
                0x0000000008004834                HAL_UART_MspInit
 .text.HAL_UART_MspDeInit
                0x00000000080048e0       0x38 Core/Src/stm32l4xx_hal_msp.o
                0x00000000080048e0                HAL_UART_MspDeInit
 .text.NMI_Handler
                0x0000000008004918        0x2 Core/Src/stm32l4xx_it.o
                0x0000000008004918                NMI_Handler
 .text.HardFault_Handler
                0x000000000800491a        0x2 Core/Src/stm32l4xx_it.o
                0x000000000800491a                HardFault_Handler
 .text.MemManage_Handler
                0x000000000800491c        0x2 Core/Src/stm32l4xx_it.o
                0x000000000800491c                MemManage_Handler
 .text.BusFault_Handler
                0x000000000800491e        0x2 Core/Src/stm32l4xx_it.o
                0x000000000800491e                BusFault_Handler
 .text.UsageFault_Handler
                0x0000000008004920        0x2 Core/Src/stm32l4xx_it.o
                0x0000000008004920                UsageFault_Handler
 .text.SVC_Handler
                0x0000000008004922        0x2 Core/Src/stm32l4xx_it.o
                0x0000000008004922                SVC_Handler
 .text.DebugMon_Handler
                0x0000000008004924        0x2 Core/Src/stm32l4xx_it.o
                0x0000000008004924                DebugMon_Handler
 .text.PendSV_Handler
                0x0000000008004926        0x2 Core/Src/stm32l4xx_it.o
                0x0000000008004926                PendSV_Handler
 .text.SysTick_Handler
                0x0000000008004928        0x8 Core/Src/stm32l4xx_it.o
                0x0000000008004928                SysTick_Handler
 .text.DMA1_Channel7_IRQHandler
                0x0000000008004930       0x10 Core/Src/stm32l4xx_it.o
                0x0000000008004930                DMA1_Channel7_IRQHandler
 .text.USART2_IRQHandler
                0x0000000008004940       0x10 Core/Src/stm32l4xx_it.o
                0x0000000008004940                USART2_IRQHandler
 .text.TIM7_IRQHandler
                0x0000000008004950       0x10 Core/Src/stm32l4xx_it.o
                0x0000000008004950                TIM7_IRQHandler
 .text.initialise_monitor_handles
                0x0000000008004960        0x2 Core/Src/syscalls.o
                0x0000000008004960                initialise_monitor_handles
 .text._getpid  0x0000000008004962        0x4 Core/Src/syscalls.o
                0x0000000008004962                _getpid
 .text._kill    0x0000000008004966       0x10 Core/Src/syscalls.o
                0x0000000008004966                _kill
 .text._exit    0x0000000008004976        0xc Core/Src/syscalls.o
                0x0000000008004976                _exit
 .text._read    0x0000000008004982       0x1a Core/Src/syscalls.o
                0x0000000008004982                _read
 .text._write   0x000000000800499c       0x1a Core/Src/syscalls.o
                0x000000000800499c                _write
 .text._close   0x00000000080049b6        0x6 Core/Src/syscalls.o
                0x00000000080049b6                _close
 .text._fstat   0x00000000080049bc        0xa Core/Src/syscalls.o
                0x00000000080049bc                _fstat
 .text._isatty  0x00000000080049c6        0x4 Core/Src/syscalls.o
                0x00000000080049c6                _isatty
 .text._lseek   0x00000000080049ca        0x4 Core/Src/syscalls.o
                0x00000000080049ca                _lseek
 .text._open    0x00000000080049ce        0xa Core/Src/syscalls.o
                0x00000000080049ce                _open
 .text._wait    0x00000000080049d8       0x10 Core/Src/syscalls.o
                0x00000000080049d8                _wait
 .text._unlink  0x00000000080049e8       0x10 Core/Src/syscalls.o
                0x00000000080049e8                _unlink
 .text._times   0x00000000080049f8        0x6 Core/Src/syscalls.o
                0x00000000080049f8                _times
 .text._stat    0x00000000080049fe        0xa Core/Src/syscalls.o
                0x00000000080049fe                _stat
 .text._link    0x0000000008004a08       0x10 Core/Src/syscalls.o
                0x0000000008004a08                _link
 .text._fork    0x0000000008004a18       0x10 Core/Src/syscalls.o
                0x0000000008004a18                _fork
 .text._execve  0x0000000008004a28       0x10 Core/Src/syscalls.o
                0x0000000008004a28                _execve
 .text._sbrk    0x0000000008004a38       0x3c Core/Src/sysmem.o
                0x0000000008004a38                _sbrk
 .text.SystemInit
                0x0000000008004a74       0x48 Core/Src/system_stm32l4xx.o
                0x0000000008004a74                SystemInit
 .text.SystemCoreClockUpdate
                0x0000000008004abc       0xd4 Core/Src/system_stm32l4xx.o
                0x0000000008004abc                SystemCoreClockUpdate
 .text.Reset_Handler
                0x0000000008004b90       0x50 Core/Startup/startup_stm32l476rgtx.o
                0x0000000008004b90                Reset_Handler
 .text.Default_Handler
                0x0000000008004be0        0x2 Core/Startup/startup_stm32l476rgtx.o
                0x0000000008004be0                TIM1_BRK_TIM15_IRQHandler
                0x0000000008004be0                EXTI2_IRQHandler
                0x0000000008004be0                TIM8_TRG_COM_IRQHandler
                0x0000000008004be0                TIM8_CC_IRQHandler
                0x0000000008004be0                TIM1_CC_IRQHandler
                0x0000000008004be0                TSC_IRQHandler
                0x0000000008004be0                TAMP_STAMP_IRQHandler
                0x0000000008004be0                EXTI3_IRQHandler
                0x0000000008004be0                LPTIM2_IRQHandler
                0x0000000008004be0                DFSDM1_FLT1_IRQHandler
                0x0000000008004be0                I2C3_ER_IRQHandler
                0x0000000008004be0                DFSDM1_FLT2_IRQHandler
                0x0000000008004be0                EXTI0_IRQHandler
                0x0000000008004be0                I2C2_EV_IRQHandler
                0x0000000008004be0                CAN1_RX0_IRQHandler
                0x0000000008004be0                FPU_IRQHandler
                0x0000000008004be0                TIM1_UP_TIM16_IRQHandler
                0x0000000008004be0                ADC1_2_IRQHandler
                0x0000000008004be0                SPI1_IRQHandler
                0x0000000008004be0                TIM6_DAC_IRQHandler
                0x0000000008004be0                TIM8_UP_IRQHandler
                0x0000000008004be0                DMA2_Channel2_IRQHandler
                0x0000000008004be0                DMA1_Channel4_IRQHandler
                0x0000000008004be0                SAI2_IRQHandler
                0x0000000008004be0                DFSDM1_FLT3_IRQHandler
                0x0000000008004be0                USART3_IRQHandler
                0x0000000008004be0                CAN1_RX1_IRQHandler
                0x0000000008004be0                LCD_IRQHandler
                0x0000000008004be0                UART5_IRQHandler
                0x0000000008004be0                ADC3_IRQHandler
                0x0000000008004be0                TIM4_IRQHandler
                0x0000000008004be0                DMA2_Channel1_IRQHandler
                0x0000000008004be0                QUADSPI_IRQHandler
                0x0000000008004be0                I2C1_EV_IRQHandler
                0x0000000008004be0                DMA1_Channel6_IRQHandler
                0x0000000008004be0                UART4_IRQHandler
                0x0000000008004be0                DMA2_Channel4_IRQHandler
                0x0000000008004be0                TIM3_IRQHandler
                0x0000000008004be0                RCC_IRQHandler
                0x0000000008004be0                DMA1_Channel1_IRQHandler
                0x0000000008004be0                Default_Handler
                0x0000000008004be0                DMA2_Channel7_IRQHandler
                0x0000000008004be0                EXTI15_10_IRQHandler
                0x0000000008004be0                SDMMC1_IRQHandler
                0x0000000008004be0                TIM5_IRQHandler
                0x0000000008004be0                I2C3_EV_IRQHandler
                0x0000000008004be0                EXTI9_5_IRQHandler
                0x0000000008004be0                RTC_WKUP_IRQHandler
                0x0000000008004be0                PVD_PVM_IRQHandler
                0x0000000008004be0                SPI2_IRQHandler
                0x0000000008004be0                CAN1_TX_IRQHandler
                0x0000000008004be0                DMA2_Channel5_IRQHandler
                0x0000000008004be0                DMA1_Channel5_IRQHandler
                0x0000000008004be0                EXTI4_IRQHandler
                0x0000000008004be0                RNG_IRQHandler
                0x0000000008004be0                TIM1_TRG_COM_TIM17_IRQHandler
                0x0000000008004be0                DMA1_Channel3_IRQHandler
                0x0000000008004be0                COMP_IRQHandler
                0x0000000008004be0                WWDG_IRQHandler
                0x0000000008004be0                LPUART1_IRQHandler
                0x0000000008004be0                DMA2_Channel6_IRQHandler
                0x0000000008004be0                TIM2_IRQHandler
                0x0000000008004be0                EXTI1_IRQHandler
                0x0000000008004be0                DFSDM1_FLT0_IRQHandler
                0x0000000008004be0                I2C2_ER_IRQHandler
                0x0000000008004be0                DMA1_Channel2_IRQHandler
                0x0000000008004be0                TIM8_BRK_IRQHandler
                0x0000000008004be0                CAN1_SCE_IRQHandler
                0x0000000008004be0                FLASH_IRQHandler
                0x0000000008004be0                USART1_IRQHandler
                0x0000000008004be0                OTG_FS_IRQHandler
                0x0000000008004be0                SPI3_IRQHandler
                0x0000000008004be0                I2C1_ER_IRQHandler
                0x0000000008004be0                FMC_IRQHandler
                0x0000000008004be0                SWPMI1_IRQHandler
                0x0000000008004be0                LPTIM1_IRQHandler
                0x0000000008004be0                SAI1_IRQHandler
                0x0000000008004be0                DMA2_Channel3_IRQHandler
                0x0000000008004be0                RTC_Alarm_IRQHandler
 .text.HAL_MspInit
                0x0000000008004be2        0x2 Drivers/STM32L4xx_HAL_Driver/Src/stm32l4xx_hal.o
 .text.HAL_MspDeInit
                0x0000000008004be4        0x2 Drivers/STM32L4xx_HAL_Driver/Src/stm32l4xx_hal.o
                0x0000000008004be4                HAL_MspDeInit
 *fill*         0x0000000008004be6        0x2 
 .text.HAL_DeInit
                0x0000000008004be8       0x2c Drivers/STM32L4xx_HAL_Driver/Src/stm32l4xx_hal.o
                0x0000000008004be8                HAL_DeInit
 .text.HAL_InitTick
                0x0000000008004c14       0x50 Drivers/STM32L4xx_HAL_Driver/Src/stm32l4xx_hal.o
                0x0000000008004c14                HAL_InitTick
 .text.HAL_Init
                0x0000000008004c64       0x2c Drivers/STM32L4xx_HAL_Driver/Src/stm32l4xx_hal.o
                0x0000000008004c64                HAL_Init
 .text.HAL_IncTick
                0x0000000008004c90       0x18 Drivers/STM32L4xx_HAL_Driver/Src/stm32l4xx_hal.o
                0x0000000008004c90                HAL_IncTick
 .text.HAL_GetTick
                0x0000000008004ca8        0xc Drivers/STM32L4xx_HAL_Driver/Src/stm32l4xx_hal.o
                0x0000000008004ca8                HAL_GetTick
 .text.HAL_GetTickPrio
                0x0000000008004cb4        0xc Drivers/STM32L4xx_HAL_Driver/Src/stm32l4xx_hal.o
                0x0000000008004cb4                HAL_GetTickPrio
 .text.HAL_SetTickFreq
                0x0000000008004cc0       0x30 Drivers/STM32L4xx_HAL_Driver/Src/stm32l4xx_hal.o
                0x0000000008004cc0                HAL_SetTickFreq
 .text.HAL_GetTickFreq
                0x0000000008004cf0        0xc Drivers/STM32L4xx_HAL_Driver/Src/stm32l4xx_hal.o
                0x0000000008004cf0                HAL_GetTickFreq
 .text.HAL_Delay
                0x0000000008004cfc       0x28 Drivers/STM32L4xx_HAL_Driver/Src/stm32l4xx_hal.o
                0x0000000008004cfc                HAL_Delay
 .text.HAL_SuspendTick
                0x0000000008004d24       0x10 Drivers/STM32L4xx_HAL_Driver/Src/stm32l4xx_hal.o
                0x0000000008004d24                HAL_SuspendTick
 .text.HAL_ResumeTick
                0x0000000008004d34       0x10 Drivers/STM32L4xx_HAL_Driver/Src/stm32l4xx_hal.o
                0x0000000008004d34                HAL_ResumeTick
 .text.HAL_GetHalVersion
                0x0000000008004d44        0x6 Drivers/STM32L4xx_HAL_Driver/Src/stm32l4xx_hal.o
                0x0000000008004d44                HAL_GetHalVersion
 *fill*         0x0000000008004d4a        0x2 
 .text.HAL_GetREVID
                0x0000000008004d4c        0xc Drivers/STM32L4xx_HAL_Driver/Src/stm32l4xx_hal.o
                0x0000000008004d4c                HAL_GetREVID
 .text.HAL_GetDEVID
                0x0000000008004d58       0x10 Drivers/STM32L4xx_HAL_Driver/Src/stm32l4xx_hal.o
                0x0000000008004d58                HAL_GetDEVID
 .text.HAL_GetUIDw0
                0x0000000008004d68        0xc Drivers/STM32L4xx_HAL_Driver/Src/stm32l4xx_hal.o
                0x0000000008004d68                HAL_GetUIDw0
 .text.HAL_GetUIDw1
                0x0000000008004d74        0xc Drivers/STM32L4xx_HAL_Driver/Src/stm32l4xx_hal.o
                0x0000000008004d74                HAL_GetUIDw1
 .text.HAL_GetUIDw2
                0x0000000008004d80        0xc Drivers/STM32L4xx_HAL_Driver/Src/stm32l4xx_hal.o
                0x0000000008004d80                HAL_GetUIDw2
 .text.HAL_DBGMCU_EnableDBGSleepMode
                0x0000000008004d8c       0x10 Drivers/STM32L4xx_HAL_Driver/Src/stm32l4xx_hal.o
                0x0000000008004d8c                HAL_DBGMCU_EnableDBGSleepMode
 .text.HAL_DBGMCU_DisableDBGSleepMode
                0x0000000008004d9c       0x10 Drivers/STM32L4xx_HAL_Driver/Src/stm32l4xx_hal.o
                0x0000000008004d9c                HAL_DBGMCU_DisableDBGSleepMode
 .text.HAL_DBGMCU_EnableDBGStopMode
                0x0000000008004dac       0x10 Drivers/STM32L4xx_HAL_Driver/Src/stm32l4xx_hal.o
                0x0000000008004dac                HAL_DBGMCU_EnableDBGStopMode
 .text.HAL_DBGMCU_DisableDBGStopMode
                0x0000000008004dbc       0x10 Drivers/STM32L4xx_HAL_Driver/Src/stm32l4xx_hal.o
                0x0000000008004dbc                HAL_DBGMCU_DisableDBGStopMode
 .text.HAL_DBGMCU_EnableDBGStandbyMode
                0x0000000008004dcc       0x10 Drivers/STM32L4xx_HAL_Driver/Src/stm32l4xx_hal.o
                0x0000000008004dcc                HAL_DBGMCU_EnableDBGStandbyMode
 .text.HAL_DBGMCU_DisableDBGStandbyMode
                0x0000000008004ddc       0x10 Drivers/STM32L4xx_HAL_Driver/Src/stm32l4xx_hal.o
                0x0000000008004ddc                HAL_DBGMCU_DisableDBGStandbyMode
 .text.HAL_SYSCFG_SRAM2Erase
                0x0000000008004dec       0x1c Drivers/STM32L4xx_HAL_Driver/Src/stm32l4xx_hal.o
                0x0000000008004dec                HAL_SYSCFG_SRAM2Erase
 .text.HAL_SYSCFG_EnableMemorySwappingBank
                0x0000000008004e08        0xc Drivers/STM32L4xx_HAL_Driver/Src/stm32l4xx_hal.o
                0x0000000008004e08                HAL_SYSCFG_EnableMemorySwappingBank
 .text.HAL_SYSCFG_DisableMemorySwappingBank
                0x0000000008004e14        0xc Drivers/STM32L4xx_HAL_Driver/Src/stm32l4xx_hal.o
                0x0000000008004e14                HAL_SYSCFG_DisableMemorySwappingBank
 .text.HAL_SYSCFG_VREFBUF_VoltageScalingConfig
                0x0000000008004e20       0x14 Drivers/STM32L4xx_HAL_Driver/Src/stm32l4xx_hal.o
                0x0000000008004e20                HAL_SYSCFG_VREFBUF_VoltageScalingConfig
 .text.HAL_SYSCFG_VREFBUF_HighImpedanceConfig
                0x0000000008004e34       0x14 Drivers/STM32L4xx_HAL_Driver/Src/stm32l4xx_hal.o
                0x0000000008004e34                HAL_SYSCFG_VREFBUF_HighImpedanceConfig
 .text.HAL_SYSCFG_VREFBUF_TrimmingConfig
                0x0000000008004e48       0x14 Drivers/STM32L4xx_HAL_Driver/Src/stm32l4xx_hal.o
                0x0000000008004e48                HAL_SYSCFG_VREFBUF_TrimmingConfig
 .text.HAL_SYSCFG_EnableVREFBUF
                0x0000000008004e5c       0x34 Drivers/STM32L4xx_HAL_Driver/Src/stm32l4xx_hal.o
                0x0000000008004e5c                HAL_SYSCFG_EnableVREFBUF
 .text.HAL_SYSCFG_DisableVREFBUF
                0x0000000008004e90       0x10 Drivers/STM32L4xx_HAL_Driver/Src/stm32l4xx_hal.o
                0x0000000008004e90                HAL_SYSCFG_DisableVREFBUF
 .text.HAL_SYSCFG_EnableIOAnalogSwitchBooster
                0x0000000008004ea0       0x10 Drivers/STM32L4xx_HAL_Driver/Src/stm32l4xx_hal.o
                0x0000000008004ea0                HAL_SYSCFG_EnableIOAnalogSwitchBooster
 .text.HAL_SYSCFG_DisableIOAnalogSwitchBooster
                0x0000000008004eb0       0x10 Drivers/STM32L4xx_HAL_Driver/Src/stm32l4xx_hal.o
                0x0000000008004eb0                HAL_SYSCFG_DisableIOAnalogSwitchBooster
 .text.HAL_NVIC_SetPriorityGrouping
                0x0000000008004ec0       0x24 Drivers/STM32L4xx_HAL_Driver/Src/stm32l4xx_hal_cortex.o
                0x0000000008004ec0                HAL_NVIC_SetPriorityGrouping
 .text.HAL_NVIC_SetPriority
                0x0000000008004ee4       0x64 Drivers/STM32L4xx_HAL_Driver/Src/stm32l4xx_hal_cortex.o
                0x0000000008004ee4                HAL_NVIC_SetPriority
 .text.HAL_NVIC_EnableIRQ
                0x0000000008004f48       0x1c Drivers/STM32L4xx_HAL_Driver/Src/stm32l4xx_hal_cortex.o
                0x0000000008004f48                HAL_NVIC_EnableIRQ
 .text.HAL_NVIC_DisableIRQ
                0x0000000008004f64       0x28 Drivers/STM32L4xx_HAL_Driver/Src/stm32l4xx_hal_cortex.o
                0x0000000008004f64                HAL_NVIC_DisableIRQ
 .text.HAL_NVIC_SystemReset
                0x0000000008004f8c       0x24 Drivers/STM32L4xx_HAL_Driver/Src/stm32l4xx_hal_cortex.o
                0x0000000008004f8c                HAL_NVIC_SystemReset
 .text.HAL_SYSTICK_Config
                0x0000000008004fb0       0x2c Drivers/STM32L4xx_HAL_Driver/Src/stm32l4xx_hal_cortex.o
                0x0000000008004fb0                HAL_SYSTICK_Config
 .text.HAL_NVIC_GetPriorityGrouping
                0x0000000008004fdc       0x10 Drivers/STM32L4xx_HAL_Driver/Src/stm32l4xx_hal_cortex.o
                0x0000000008004fdc                HAL_NVIC_GetPriorityGrouping
 .text.HAL_NVIC_GetPriority
                0x0000000008004fec       0x5c Drivers/STM32L4xx_HAL_Driver/Src/stm32l4xx_hal_cortex.o
                0x0000000008004fec                HAL_NVIC_GetPriority
 .text.HAL_NVIC_SetPendingIRQ
                0x0000000008005048       0x20 Drivers/STM32L4xx_HAL_Driver/Src/stm32l4xx_hal_cortex.o
                0x0000000008005048                HAL_NVIC_SetPendingIRQ
 .text.HAL_NVIC_GetPendingIRQ
                0x0000000008005068       0x24 Drivers/STM32L4xx_HAL_Driver/Src/stm32l4xx_hal_cortex.o
                0x0000000008005068                HAL_NVIC_GetPendingIRQ
 .text.HAL_NVIC_ClearPendingIRQ
                0x000000000800508c       0x20 Drivers/STM32L4xx_HAL_Driver/Src/stm32l4xx_hal_cortex.o
                0x000000000800508c                HAL_NVIC_ClearPendingIRQ
 .text.HAL_NVIC_GetActive
                0x00000000080050ac       0x24 Drivers/STM32L4xx_HAL_Driver/Src/stm32l4xx_hal_cortex.o
                0x00000000080050ac                HAL_NVIC_GetActive
 .text.HAL_SYSTICK_CLKSourceConfig
                0x00000000080050d0       0x18 Drivers/STM32L4xx_HAL_Driver/Src/stm32l4xx_hal_cortex.o
                0x00000000080050d0                HAL_SYSTICK_CLKSourceConfig
 .text.HAL_SYSTICK_Callback
                0x00000000080050e8        0x2 Drivers/STM32L4xx_HAL_Driver/Src/stm32l4xx_hal_cortex.o
                0x00000000080050e8                HAL_SYSTICK_Callback
 .text.HAL_SYSTICK_IRQHandler
                0x00000000080050ea        0x8 Drivers/STM32L4xx_HAL_Driver/Src/stm32l4xx_hal_cortex.o
                0x00000000080050ea                HAL_SYSTICK_IRQHandler
 *fill*         0x00000000080050f2        0x2 
 .text.HAL_MPU_Disable
                0x00000000080050f4       0x20 Drivers/STM32L4xx_HAL_Driver/Src/stm32l4xx_hal_cortex.o
                0x00000000080050f4                HAL_MPU_Disable
 .text.HAL_MPU_Enable
                0x0000000008005114       0x24 Drivers/STM32L4xx_HAL_Driver/Src/stm32l4xx_hal_cortex.o
                0x0000000008005114                HAL_MPU_Enable
 .text.HAL_MPU_ConfigRegion
                0x0000000008005138       0x54 Drivers/STM32L4xx_HAL_Driver/Src/stm32l4xx_hal_cortex.o
                0x0000000008005138                HAL_MPU_ConfigRegion
 .text.HAL_DMA_Init
                0x000000000800518c       0xd8 Drivers/STM32L4xx_HAL_Driver/Src/stm32l4xx_hal_dma.o
                0x000000000800518c                HAL_DMA_Init
 .text.HAL_DMA_DeInit
                0x0000000008005264       0xb4 Drivers/STM32L4xx_HAL_Driver/Src/stm32l4xx_hal_dma.o
                0x0000000008005264                HAL_DMA_DeInit
 .text.HAL_DMA_Start
                0x0000000008005318       0x76 Drivers/STM32L4xx_HAL_Driver/Src/stm32l4xx_hal_dma.o
                0x0000000008005318                HAL_DMA_Start
 .text.HAL_DMA_Start_IT
                0x000000000800538e       0x9a Drivers/STM32L4xx_HAL_Driver/Src/stm32l4xx_hal_dma.o
                0x000000000800538e                HAL_DMA_Start_IT
 .text.HAL_DMA_Abort
                0x0000000008005428       0x4a Drivers/STM32L4xx_HAL_Driver/Src/stm32l4xx_hal_dma.o
                0x0000000008005428                HAL_DMA_Abort
 .text.HAL_DMA_Abort_IT
                0x0000000008005472       0x50 Drivers/STM32L4xx_HAL_Driver/Src/stm32l4xx_hal_dma.o
                0x0000000008005472                HAL_DMA_Abort_IT
 .text.HAL_DMA_PollForTransfer
                0x00000000080054c2       0xe0 Drivers/STM32L4xx_HAL_Driver/Src/stm32l4xx_hal_dma.o
                0x00000000080054c2                HAL_DMA_PollForTransfer
 .text.HAL_DMA_IRQHandler
                0x00000000080055a2       0xc4 Drivers/STM32L4xx_HAL_Driver/Src/stm32l4xx_hal_dma.o
                0x00000000080055a2                HAL_DMA_IRQHandler
 .text.HAL_DMA_RegisterCallback
                0x0000000008005666       0x50 Drivers/STM32L4xx_HAL_Driver/Src/stm32l4xx_hal_dma.o
                0x0000000008005666                HAL_DMA_RegisterCallback
 .text.HAL_DMA_UnRegisterCallback
                0x00000000080056b6       0x5e Drivers/STM32L4xx_HAL_Driver/Src/stm32l4xx_hal_dma.o
                0x00000000080056b6                HAL_DMA_UnRegisterCallback
 .text.HAL_DMA_GetState
                0x0000000008005714        0x6 Drivers/STM32L4xx_HAL_Driver/Src/stm32l4xx_hal_dma.o
                0x0000000008005714                HAL_DMA_GetState
 .text.HAL_DMA_GetError
                0x000000000800571a        0x4 Drivers/STM32L4xx_HAL_Driver/Src/stm32l4xx_hal_dma.o
                0x000000000800571a                HAL_DMA_GetError
 *fill*         0x000000000800571e        0x2 
 .text.HAL_EXTI_SetConfigLine
                0x0000000008005720       0xd0 Drivers/STM32L4xx_HAL_Driver/Src/stm32l4xx_hal_exti.o
                0x0000000008005720                HAL_EXTI_SetConfigLine
 .text.HAL_EXTI_GetConfigLine
                0x00000000080057f0       0xb4 Drivers/STM32L4xx_HAL_Driver/Src/stm32l4xx_hal_exti.o
                0x00000000080057f0                HAL_EXTI_GetConfigLine
 .text.HAL_EXTI_ClearConfigLine
                0x00000000080058a4       0x90 Drivers/STM32L4xx_HAL_Driver/Src/stm32l4xx_hal_exti.o
                0x00000000080058a4                HAL_EXTI_ClearConfigLine
 .text.HAL_EXTI_RegisterCallback
                0x0000000008005934        0xc Drivers/STM32L4xx_HAL_Driver/Src/stm32l4xx_hal_exti.o
                0x0000000008005934                HAL_EXTI_RegisterCallback
 .text.HAL_EXTI_GetHandle
                0x0000000008005940        0xc Drivers/STM32L4xx_HAL_Driver/Src/stm32l4xx_hal_exti.o
                0x0000000008005940                HAL_EXTI_GetHandle
 .text.HAL_EXTI_IRQHandler
                0x000000000800594c       0x28 Drivers/STM32L4xx_HAL_Driver/Src/stm32l4xx_hal_exti.o
                0x000000000800594c                HAL_EXTI_IRQHandler
 .text.HAL_EXTI_GetPending
                0x0000000008005974       0x20 Drivers/STM32L4xx_HAL_Driver/Src/stm32l4xx_hal_exti.o
                0x0000000008005974                HAL_EXTI_GetPending
 .text.HAL_EXTI_ClearPending
                0x0000000008005994       0x1c Drivers/STM32L4xx_HAL_Driver/Src/stm32l4xx_hal_exti.o
                0x0000000008005994                HAL_EXTI_ClearPending
 .text.HAL_EXTI_GenerateSWI
                0x00000000080059b0       0x1c Drivers/STM32L4xx_HAL_Driver/Src/stm32l4xx_hal_exti.o
                0x00000000080059b0                HAL_EXTI_GenerateSWI
 .text.FLASH_Program_Fast
                0x00000000080059cc       0x30 Drivers/STM32L4xx_HAL_Driver/Src/stm32l4xx_hal_flash.o
 .text.HAL_FLASH_Program_IT
                0x00000000080059fc       0x98 Drivers/STM32L4xx_HAL_Driver/Src/stm32l4xx_hal_flash.o
                0x00000000080059fc                HAL_FLASH_Program_IT
 .text.HAL_FLASH_EndOfOperationCallback
                0x0000000008005a94        0x2 Drivers/STM32L4xx_HAL_Driver/Src/stm32l4xx_hal_flash.o
                0x0000000008005a94                HAL_FLASH_EndOfOperationCallback
 .text.HAL_FLASH_OperationErrorCallback
                0x0000000008005a96        0x2 Drivers/STM32L4xx_HAL_Driver/Src/stm32l4xx_hal_flash.o
                0x0000000008005a96                HAL_FLASH_OperationErrorCallback
 .text.HAL_FLASH_IRQHandler
                0x0000000008005a98      0x14c Drivers/STM32L4xx_HAL_Driver/Src/stm32l4xx_hal_flash.o
                0x0000000008005a98                HAL_FLASH_IRQHandler
 .text.HAL_FLASH_Unlock
                0x0000000008005be4       0x28 Drivers/STM32L4xx_HAL_Driver/Src/stm32l4xx_hal_flash.o
                0x0000000008005be4                HAL_FLASH_Unlock
 .text.HAL_FLASH_Lock
                0x0000000008005c0c       0x14 Drivers/STM32L4xx_HAL_Driver/Src/stm32l4xx_hal_flash.o
                0x0000000008005c0c                HAL_FLASH_Lock
 .text.HAL_FLASH_OB_Unlock
                0x0000000008005c20       0x28 Drivers/STM32L4xx_HAL_Driver/Src/stm32l4xx_hal_flash.o
                0x0000000008005c20                HAL_FLASH_OB_Unlock
 .text.HAL_FLASH_OB_Lock
                0x0000000008005c48       0x14 Drivers/STM32L4xx_HAL_Driver/Src/stm32l4xx_hal_flash.o
                0x0000000008005c48                HAL_FLASH_OB_Lock
 .text.HAL_FLASH_GetError
                0x0000000008005c5c        0xc Drivers/STM32L4xx_HAL_Driver/Src/stm32l4xx_hal_flash.o
                0x0000000008005c5c                HAL_FLASH_GetError
 .text.FLASH_WaitForLastOperation
                0x0000000008005c68       0x8c Drivers/STM32L4xx_HAL_Driver/Src/stm32l4xx_hal_flash.o
                0x0000000008005c68                FLASH_WaitForLastOperation
 .text.HAL_FLASH_Program
                0x0000000008005cf4       0xbc Drivers/STM32L4xx_HAL_Driver/Src/stm32l4xx_hal_flash.o
                0x0000000008005cf4                HAL_FLASH_Program
 .text.HAL_FLASH_OB_Launch
                0x0000000008005db0       0x1c Drivers/STM32L4xx_HAL_Driver/Src/stm32l4xx_hal_flash.o
                0x0000000008005db0                HAL_FLASH_OB_Launch
 .text.FLASH_MassErase
                0x0000000008005dcc       0x30 Drivers/STM32L4xx_HAL_Driver/Src/stm32l4xx_hal_flash_ex.o
 .text.HAL_FLASHEx_OBProgram
                0x0000000008005dfc      0x33c Drivers/STM32L4xx_HAL_Driver/Src/stm32l4xx_hal_flash_ex.o
                0x0000000008005dfc                HAL_FLASHEx_OBProgram
 .text.HAL_FLASHEx_OBGetConfig
                0x0000000008006138      0x168 Drivers/STM32L4xx_HAL_Driver/Src/stm32l4xx_hal_flash_ex.o
                0x0000000008006138                HAL_FLASHEx_OBGetConfig
 .text.FLASH_PageErase
                0x00000000080062a0       0x3c Drivers/STM32L4xx_HAL_Driver/Src/stm32l4xx_hal_flash_ex.o
                0x00000000080062a0                FLASH_PageErase
 .text.HAL_FLASHEx_Erase_IT
                0x00000000080062dc       0xb8 Drivers/STM32L4xx_HAL_Driver/Src/stm32l4xx_hal_flash_ex.o
                0x00000000080062dc                HAL_FLASHEx_Erase_IT
 .text.FLASH_FlushCaches
                0x0000000008006394       0x60 Drivers/STM32L4xx_HAL_Driver/Src/stm32l4xx_hal_flash_ex.o
                0x0000000008006394                FLASH_FlushCaches
 .text.HAL_FLASHEx_Erase
                0x00000000080063f4      0x10c Drivers/STM32L4xx_HAL_Driver/Src/stm32l4xx_hal_flash_ex.o
                0x00000000080063f4                HAL_FLASHEx_Erase
 .text.HAL_GPIO_Init
                0x0000000008006500      0x1ec Drivers/STM32L4xx_HAL_Driver/Src/stm32l4xx_hal_gpio.o
                0x0000000008006500                HAL_GPIO_Init
 .text.HAL_GPIO_DeInit
                0x00000000080066ec      0x140 Drivers/STM32L4xx_HAL_Driver/Src/stm32l4xx_hal_gpio.o
                0x00000000080066ec                HAL_GPIO_DeInit
 .text.HAL_GPIO_ReadPin
                0x000000000800682c        0xc Drivers/STM32L4xx_HAL_Driver/Src/stm32l4xx_hal_gpio.o
                0x000000000800682c                HAL_GPIO_ReadPin
 .text.HAL_GPIO_WritePin
                0x0000000008006838        0xa Drivers/STM32L4xx_HAL_Driver/Src/stm32l4xx_hal_gpio.o
                0x0000000008006838                HAL_GPIO_WritePin
 .text.HAL_GPIO_TogglePin
                0x0000000008006842        0xc Drivers/STM32L4xx_HAL_Driver/Src/stm32l4xx_hal_gpio.o
                0x0000000008006842                HAL_GPIO_TogglePin
 .text.HAL_GPIO_LockPin
                0x000000000800684e       0x2a Drivers/STM32L4xx_HAL_Driver/Src/stm32l4xx_hal_gpio.o
                0x000000000800684e                HAL_GPIO_LockPin
 .text.HAL_GPIO_EXTI_Callback
                0x0000000008006878        0x2 Drivers/STM32L4xx_HAL_Driver/Src/stm32l4xx_hal_gpio.o
                0x0000000008006878                HAL_GPIO_EXTI_Callback
 *fill*         0x000000000800687a        0x2 
 .text.HAL_GPIO_EXTI_IRQHandler
                0x000000000800687c       0x1c Drivers/STM32L4xx_HAL_Driver/Src/stm32l4xx_hal_gpio.o
                0x000000000800687c                HAL_GPIO_EXTI_IRQHandler
 .text.I2C_Flush_TXDR
                0x0000000008006898       0x22 Drivers/STM32L4xx_HAL_Driver/Src/stm32l4xx_hal_i2c.o
 .text.I2C_TransferConfig
                0x00000000080068ba       0x36 Drivers/STM32L4xx_HAL_Driver/Src/stm32l4xx_hal_i2c.o
 .text.I2C_Enable_IRQ
                0x00000000080068f0       0x74 Drivers/STM32L4xx_HAL_Driver/Src/stm32l4xx_hal_i2c.o
 .text.I2C_Disable_IRQ
                0x0000000008006964       0x62 Drivers/STM32L4xx_HAL_Driver/Src/stm32l4xx_hal_i2c.o
 .text.I2C_ConvertOtherXferOptions
                0x00000000080069c6       0x1c Drivers/STM32L4xx_HAL_Driver/Src/stm32l4xx_hal_i2c.o
 .text.I2C_IsAcknowledgeFailed
                0x00000000080069e2       0x90 Drivers/STM32L4xx_HAL_Driver/Src/stm32l4xx_hal_i2c.o
 .text.I2C_WaitOnTXISFlagUntilTimeout
                0x0000000008006a72       0x56 Drivers/STM32L4xx_HAL_Driver/Src/stm32l4xx_hal_i2c.o
 .text.I2C_WaitOnFlagUntilTimeout
                0x0000000008006ac8       0x52 Drivers/STM32L4xx_HAL_Driver/Src/stm32l4xx_hal_i2c.o
 *fill*         0x0000000008006b1a        0x2 
 .text.I2C_RequestMemoryWrite
                0x0000000008006b1c       0x70 Drivers/STM32L4xx_HAL_Driver/Src/stm32l4xx_hal_i2c.o
 .text.I2C_RequestMemoryRead
                0x0000000008006b8c       0x6c Drivers/STM32L4xx_HAL_Driver/Src/stm32l4xx_hal_i2c.o
 .text.I2C_WaitOnSTOPFlagUntilTimeout
                0x0000000008006bf8       0x50 Drivers/STM32L4xx_HAL_Driver/Src/stm32l4xx_hal_i2c.o
 .text.I2C_WaitOnRXNEFlagUntilTimeout
                0x0000000008006c48       0x98 Drivers/STM32L4xx_HAL_Driver/Src/stm32l4xx_hal_i2c.o
 .text.HAL_I2C_MspInit
                0x0000000008006ce0        0x2 Drivers/STM32L4xx_HAL_Driver/Src/stm32l4xx_hal_i2c.o
                0x0000000008006ce0                HAL_I2C_MspInit
 .text.HAL_I2C_Init
                0x0000000008006ce2       0xb4 Drivers/STM32L4xx_HAL_Driver/Src/stm32l4xx_hal_i2c.o
                0x0000000008006ce2                HAL_I2C_Init
 .text.HAL_I2C_MspDeInit
                0x0000000008006d96        0x2 Drivers/STM32L4xx_HAL_Driver/Src/stm32l4xx_hal_i2c.o
                0x0000000008006d96                HAL_I2C_MspDeInit
 .text.HAL_I2C_DeInit
                0x0000000008006d98       0x32 Drivers/STM32L4xx_HAL_Driver/Src/stm32l4xx_hal_i2c.o
                0x0000000008006d98                HAL_I2C_DeInit
 *fill*         0x0000000008006dca        0x2 
 .text.HAL_I2C_Master_Transmit
                0x0000000008006dcc      0x180 Drivers/STM32L4xx_HAL_Driver/Src/stm32l4xx_hal_i2c.o
                0x0000000008006dcc                HAL_I2C_Master_Transmit
 .text.HAL_I2C_Master_Receive
                0x0000000008006f4c      0x180 Drivers/STM32L4xx_HAL_Driver/Src/stm32l4xx_hal_i2c.o
                0x0000000008006f4c                HAL_I2C_Master_Receive
 .text.HAL_I2C_Slave_Transmit
                0x00000000080070cc      0x192 Drivers/STM32L4xx_HAL_Driver/Src/stm32l4xx_hal_i2c.o
                0x00000000080070cc                HAL_I2C_Slave_Transmit
 .text.HAL_I2C_Slave_Receive
                0x000000000800725e      0x170 Drivers/STM32L4xx_HAL_Driver/Src/stm32l4xx_hal_i2c.o
                0x000000000800725e                HAL_I2C_Slave_Receive
 *fill*         0x00000000080073ce        0x2 
 .text.HAL_I2C_Master_Transmit_IT
                0x00000000080073d0       0x98 Drivers/STM32L4xx_HAL_Driver/Src/stm32l4xx_hal_i2c.o
                0x00000000080073d0                HAL_I2C_Master_Transmit_IT
 .text.HAL_I2C_Master_Receive_IT
                0x0000000008007468       0x98 Drivers/STM32L4xx_HAL_Driver/Src/stm32l4xx_hal_i2c.o
                0x0000000008007468                HAL_I2C_Master_Receive_IT
 .text.HAL_I2C_Slave_Transmit_IT
                0x0000000008007500       0x64 Drivers/STM32L4xx_HAL_Driver/Src/stm32l4xx_hal_i2c.o
                0x0000000008007500                HAL_I2C_Slave_Transmit_IT
 .text.HAL_I2C_Slave_Receive_IT
                0x0000000008007564       0x64 Drivers/STM32L4xx_HAL_Driver/Src/stm32l4xx_hal_i2c.o
                0x0000000008007564                HAL_I2C_Slave_Receive_IT
 .text.HAL_I2C_Master_Transmit_DMA
                0x00000000080075c8      0x150 Drivers/STM32L4xx_HAL_Driver/Src/stm32l4xx_hal_i2c.o
                0x00000000080075c8                HAL_I2C_Master_Transmit_DMA
 .text.HAL_I2C_Master_Receive_DMA
                0x0000000008007718      0x150 Drivers/STM32L4xx_HAL_Driver/Src/stm32l4xx_hal_i2c.o
                0x0000000008007718                HAL_I2C_Master_Receive_DMA
 .text.HAL_I2C_Slave_Transmit_DMA
                0x0000000008007868       0xec Drivers/STM32L4xx_HAL_Driver/Src/stm32l4xx_hal_i2c.o
                0x0000000008007868                HAL_I2C_Slave_Transmit_DMA
 .text.HAL_I2C_Slave_Receive_DMA
                0x0000000008007954       0xf0 Drivers/STM32L4xx_HAL_Driver/Src/stm32l4xx_hal_i2c.o
                0x0000000008007954                HAL_I2C_Slave_Receive_DMA
 .text.HAL_I2C_Mem_Write
                0x0000000008007a44      0x1a8 Drivers/STM32L4xx_HAL_Driver/Src/stm32l4xx_hal_i2c.o
                0x0000000008007a44                HAL_I2C_Mem_Write
 .text.HAL_I2C_Mem_Read
                0x0000000008007bec      0x1b4 Drivers/STM32L4xx_HAL_Driver/Src/stm32l4xx_hal_i2c.o
                0x0000000008007bec                HAL_I2C_Mem_Read
 .text.HAL_I2C_Mem_Write_IT
                0x0000000008007da0       0xe4 Drivers/STM32L4xx_HAL_Driver/Src/stm32l4xx_hal_i2c.o
                0x0000000008007da0                HAL_I2C_Mem_Write_IT
 .text.HAL_I2C_Mem_Read_IT
                0x0000000008007e84       0xe4 Drivers/STM32L4xx_HAL_Driver/Src/stm32l4xx_hal_i2c.o
                0x0000000008007e84                HAL_I2C_Mem_Read_IT
 .text.HAL_I2C_Mem_Write_DMA
                0x0000000008007f68      0x168 Drivers/STM32L4xx_HAL_Driver/Src/stm32l4xx_hal_i2c.o
                0x0000000008007f68                HAL_I2C_Mem_Write_DMA
 .text.HAL_I2C_Mem_Read_DMA
                0x00000000080080d0      0x16c Drivers/STM32L4xx_HAL_Driver/Src/stm32l4xx_hal_i2c.o
                0x00000000080080d0                HAL_I2C_Mem_Read_DMA
 .text.HAL_I2C_IsDeviceReady
                0x000000000800823c      0x170 Drivers/STM32L4xx_HAL_Driver/Src/stm32l4xx_hal_i2c.o
                0x000000000800823c                HAL_I2C_IsDeviceReady
 .text.HAL_I2C_Master_Seq_Transmit_IT
                0x00000000080083ac       0xb4 Drivers/STM32L4xx_HAL_Driver/Src/stm32l4xx_hal_i2c.o
                0x00000000080083ac                HAL_I2C_Master_Seq_Transmit_IT
 .text.HAL_I2C_Master_Seq_Transmit_DMA
                0x0000000008008460      0x16c Drivers/STM32L4xx_HAL_Driver/Src/stm32l4xx_hal_i2c.o
                0x0000000008008460                HAL_I2C_Master_Seq_Transmit_DMA
 .text.HAL_I2C_Master_Seq_Receive_IT
                0x00000000080085cc       0xb4 Drivers/STM32L4xx_HAL_Driver/Src/stm32l4xx_hal_i2c.o
                0x00000000080085cc                HAL_I2C_Master_Seq_Receive_IT
 .text.HAL_I2C_Master_Seq_Receive_DMA
                0x0000000008008680      0x16c Drivers/STM32L4xx_HAL_Driver/Src/stm32l4xx_hal_i2c.o
                0x0000000008008680                HAL_I2C_Master_Seq_Receive_DMA
 .text.HAL_I2C_Slave_Seq_Transmit_IT
                0x00000000080087ec       0xd0 Drivers/STM32L4xx_HAL_Driver/Src/stm32l4xx_hal_i2c.o
                0x00000000080087ec                HAL_I2C_Slave_Seq_Transmit_IT
 .text.HAL_I2C_Slave_Seq_Transmit_DMA
                0x00000000080088bc      0x198 Drivers/STM32L4xx_HAL_Driver/Src/stm32l4xx_hal_i2c.o
                0x00000000080088bc                HAL_I2C_Slave_Seq_Transmit_DMA
 .text.HAL_I2C_Slave_Seq_Receive_IT
                0x0000000008008a54       0xd0 Drivers/STM32L4xx_HAL_Driver/Src/stm32l4xx_hal_i2c.o
                0x0000000008008a54                HAL_I2C_Slave_Seq_Receive_IT
 .text.HAL_I2C_Slave_Seq_Receive_DMA
                0x0000000008008b24      0x194 Drivers/STM32L4xx_HAL_Driver/Src/stm32l4xx_hal_i2c.o
                0x0000000008008b24                HAL_I2C_Slave_Seq_Receive_DMA
 .text.HAL_I2C_EnableListen_IT
                0x0000000008008cb8       0x28 Drivers/STM32L4xx_HAL_Driver/Src/stm32l4xx_hal_i2c.o
                0x0000000008008cb8                HAL_I2C_EnableListen_IT
 .text.HAL_I2C_DisableListen_IT
                0x0000000008008ce0       0x38 Drivers/STM32L4xx_HAL_Driver/Src/stm32l4xx_hal_i2c.o
                0x0000000008008ce0                HAL_I2C_DisableListen_IT
 .text.HAL_I2C_Master_Abort_IT
                0x0000000008008d18       0x68 Drivers/STM32L4xx_HAL_Driver/Src/stm32l4xx_hal_i2c.o
                0x0000000008008d18                HAL_I2C_Master_Abort_IT
 .text.HAL_I2C_EV_IRQHandler
                0x0000000008008d80       0x10 Drivers/STM32L4xx_HAL_Driver/Src/stm32l4xx_hal_i2c.o
                0x0000000008008d80                HAL_I2C_EV_IRQHandler
 .text.HAL_I2C_MasterTxCpltCallback
                0x0000000008008d90        0x2 Drivers/STM32L4xx_HAL_Driver/Src/stm32l4xx_hal_i2c.o
                0x0000000008008d90                HAL_I2C_MasterTxCpltCallback
 .text.HAL_I2C_MasterRxCpltCallback
                0x0000000008008d92        0x2 Drivers/STM32L4xx_HAL_Driver/Src/stm32l4xx_hal_i2c.o
                0x0000000008008d92                HAL_I2C_MasterRxCpltCallback
 .text.I2C_ITMasterSeqCplt
                0x0000000008008d94       0x54 Drivers/STM32L4xx_HAL_Driver/Src/stm32l4xx_hal_i2c.o
 .text.HAL_I2C_SlaveTxCpltCallback
                0x0000000008008de8        0x2 Drivers/STM32L4xx_HAL_Driver/Src/stm32l4xx_hal_i2c.o
                0x0000000008008de8                HAL_I2C_SlaveTxCpltCallback
 .text.HAL_I2C_SlaveRxCpltCallback
                0x0000000008008dea        0x2 Drivers/STM32L4xx_HAL_Driver/Src/stm32l4xx_hal_i2c.o
                0x0000000008008dea                HAL_I2C_SlaveRxCpltCallback
 .text.I2C_ITSlaveSeqCplt
                0x0000000008008dec       0x5c Drivers/STM32L4xx_HAL_Driver/Src/stm32l4xx_hal_i2c.o
 .text.I2C_DMASlaveTransmitCplt
                0x0000000008008e48       0x1c Drivers/STM32L4xx_HAL_Driver/Src/stm32l4xx_hal_i2c.o
 .text.I2C_DMASlaveReceiveCplt
                0x0000000008008e64       0x24 Drivers/STM32L4xx_HAL_Driver/Src/stm32l4xx_hal_i2c.o
 .text.HAL_I2C_AddrCallback
                0x0000000008008e88        0x2 Drivers/STM32L4xx_HAL_Driver/Src/stm32l4xx_hal_i2c.o
                0x0000000008008e88                HAL_I2C_AddrCallback
 .text.I2C_ITAddrCplt
                0x0000000008008e8a       0x9a Drivers/STM32L4xx_HAL_Driver/Src/stm32l4xx_hal_i2c.o
 .text.HAL_I2C_ListenCpltCallback
                0x0000000008008f24        0x2 Drivers/STM32L4xx_HAL_Driver/Src/stm32l4xx_hal_i2c.o
                0x0000000008008f24                HAL_I2C_ListenCpltCallback
 *fill*         0x0000000008008f26        0x2 
 .text.I2C_ITListenCplt
                0x0000000008008f28       0x64 Drivers/STM32L4xx_HAL_Driver/Src/stm32l4xx_hal_i2c.o
 .text.HAL_I2C_MemTxCpltCallback
                0x0000000008008f8c        0x2 Drivers/STM32L4xx_HAL_Driver/Src/stm32l4xx_hal_i2c.o
                0x0000000008008f8c                HAL_I2C_MemTxCpltCallback
 .text.HAL_I2C_MemRxCpltCallback
                0x0000000008008f8e        0x2 Drivers/STM32L4xx_HAL_Driver/Src/stm32l4xx_hal_i2c.o
                0x0000000008008f8e                HAL_I2C_MemRxCpltCallback
 .text.HAL_I2C_ErrorCallback
                0x0000000008008f90        0x2 Drivers/STM32L4xx_HAL_Driver/Src/stm32l4xx_hal_i2c.o
                0x0000000008008f90                HAL_I2C_ErrorCallback
 .text.HAL_I2C_AbortCpltCallback
                0x0000000008008f92        0x2 Drivers/STM32L4xx_HAL_Driver/Src/stm32l4xx_hal_i2c.o
                0x0000000008008f92                HAL_I2C_AbortCpltCallback
 .text.I2C_ITError
                0x0000000008008f94       0xf4 Drivers/STM32L4xx_HAL_Driver/Src/stm32l4xx_hal_i2c.o
 .text.I2C_ITSlaveCplt
                0x0000000008009088      0x120 Drivers/STM32L4xx_HAL_Driver/Src/stm32l4xx_hal_i2c.o
 .text.I2C_Slave_ISR_IT
                0x00000000080091a8      0x146 Drivers/STM32L4xx_HAL_Driver/Src/stm32l4xx_hal_i2c.o
 .text.I2C_ITMasterCplt
                0x00000000080092ee       0xe2 Drivers/STM32L4xx_HAL_Driver/Src/stm32l4xx_hal_i2c.o
 .text.I2C_Master_ISR_IT
                0x00000000080093d0      0x17c Drivers/STM32L4xx_HAL_Driver/Src/stm32l4xx_hal_i2c.o
 .text.I2C_Slave_ISR_DMA
                0x000000000800954c      0x104 Drivers/STM32L4xx_HAL_Driver/Src/stm32l4xx_hal_i2c.o
 .text.I2C_Master_ISR_DMA
                0x0000000008009650      0x136 Drivers/STM32L4xx_HAL_Driver/Src/stm32l4xx_hal_i2c.o
 .text.I2C_DMAError
                0x0000000008009786       0x16 Drivers/STM32L4xx_HAL_Driver/Src/stm32l4xx_hal_i2c.o
 .text.I2C_DMAMasterTransmitCplt
                0x000000000800979c       0x56 Drivers/STM32L4xx_HAL_Driver/Src/stm32l4xx_hal_i2c.o
 .text.I2C_DMAMasterReceiveCplt
                0x00000000080097f2       0x56 Drivers/STM32L4xx_HAL_Driver/Src/stm32l4xx_hal_i2c.o
 .text.HAL_I2C_ER_IRQHandler
                0x0000000008009848       0x86 Drivers/STM32L4xx_HAL_Driver/Src/stm32l4xx_hal_i2c.o
                0x0000000008009848                HAL_I2C_ER_IRQHandler
 .text.I2C_DMAAbort
                0x00000000080098ce       0x2a Drivers/STM32L4xx_HAL_Driver/Src/stm32l4xx_hal_i2c.o
 .text.HAL_I2C_GetState
                0x00000000080098f8        0x6 Drivers/STM32L4xx_HAL_Driver/Src/stm32l4xx_hal_i2c.o
                0x00000000080098f8                HAL_I2C_GetState
 .text.HAL_I2C_GetMode
                0x00000000080098fe        0x6 Drivers/STM32L4xx_HAL_Driver/Src/stm32l4xx_hal_i2c.o
                0x00000000080098fe                HAL_I2C_GetMode
 .text.HAL_I2C_GetError
                0x0000000008009904        0x4 Drivers/STM32L4xx_HAL_Driver/Src/stm32l4xx_hal_i2c.o
                0x0000000008009904                HAL_I2C_GetError
 .text.HAL_I2CEx_ConfigAnalogFilter
                0x0000000008009908       0x5c Drivers/STM32L4xx_HAL_Driver/Src/stm32l4xx_hal_i2c_ex.o
                0x0000000008009908                HAL_I2CEx_ConfigAnalogFilter
 .text.HAL_I2CEx_ConfigDigitalFilter
                0x0000000008009964       0x58 Drivers/STM32L4xx_HAL_Driver/Src/stm32l4xx_hal_i2c_ex.o
                0x0000000008009964                HAL_I2CEx_ConfigDigitalFilter
 .text.HAL_I2CEx_EnableWakeUp
                0x00000000080099bc       0x54 Drivers/STM32L4xx_HAL_Driver/Src/stm32l4xx_hal_i2c_ex.o
                0x00000000080099bc                HAL_I2CEx_EnableWakeUp
 .text.HAL_I2CEx_DisableWakeUp
                0x0000000008009a10       0x54 Drivers/STM32L4xx_HAL_Driver/Src/stm32l4xx_hal_i2c_ex.o
                0x0000000008009a10                HAL_I2CEx_DisableWakeUp
 .text.HAL_I2CEx_EnableFastModePlus
                0x0000000008009a64       0x2c Drivers/STM32L4xx_HAL_Driver/Src/stm32l4xx_hal_i2c_ex.o
                0x0000000008009a64                HAL_I2CEx_EnableFastModePlus
 .text.HAL_I2CEx_DisableFastModePlus
                0x0000000008009a90       0x2c Drivers/STM32L4xx_HAL_Driver/Src/stm32l4xx_hal_i2c_ex.o
                0x0000000008009a90                HAL_I2CEx_DisableFastModePlus
 .text.HAL_PWR_DeInit
                0x0000000008009abc       0x18 Drivers/STM32L4xx_HAL_Driver/Src/stm32l4xx_hal_pwr.o
                0x0000000008009abc                HAL_PWR_DeInit
 .text.HAL_PWR_EnableBkUpAccess
                0x0000000008009ad4       0x10 Drivers/STM32L4xx_HAL_Driver/Src/stm32l4xx_hal_pwr.o
                0x0000000008009ad4                HAL_PWR_EnableBkUpAccess
 .text.HAL_PWR_DisableBkUpAccess
                0x0000000008009ae4       0x10 Drivers/STM32L4xx_HAL_Driver/Src/stm32l4xx_hal_pwr.o
                0x0000000008009ae4                HAL_PWR_DisableBkUpAccess
 .text.HAL_PWR_ConfigPVD
                0x0000000008009af4       0x84 Drivers/STM32L4xx_HAL_Driver/Src/stm32l4xx_hal_pwr.o
                0x0000000008009af4                HAL_PWR_ConfigPVD
 .text.HAL_PWR_EnablePVD
                0x0000000008009b78       0x10 Drivers/STM32L4xx_HAL_Driver/Src/stm32l4xx_hal_pwr.o
                0x0000000008009b78                HAL_PWR_EnablePVD
 .text.HAL_PWR_DisablePVD
                0x0000000008009b88       0x10 Drivers/STM32L4xx_HAL_Driver/Src/stm32l4xx_hal_pwr.o
                0x0000000008009b88                HAL_PWR_DisablePVD
 .text.HAL_PWR_EnableWakeUpPin
                0x0000000008009b98       0x20 Drivers/STM32L4xx_HAL_Driver/Src/stm32l4xx_hal_pwr.o
                0x0000000008009b98                HAL_PWR_EnableWakeUpPin
 .text.HAL_PWR_DisableWakeUpPin
                0x0000000008009bb8       0x14 Drivers/STM32L4xx_HAL_Driver/Src/stm32l4xx_hal_pwr.o
                0x0000000008009bb8                HAL_PWR_DisableWakeUpPin
 .text.HAL_PWR_EnterSLEEPMode
                0x0000000008009bcc       0x4c Drivers/STM32L4xx_HAL_Driver/Src/stm32l4xx_hal_pwr.o
                0x0000000008009bcc                HAL_PWR_EnterSLEEPMode
 .text.HAL_PWR_EnterSTOPMode
                0x0000000008009c18       0x18 Drivers/STM32L4xx_HAL_Driver/Src/stm32l4xx_hal_pwr.o
                0x0000000008009c18                HAL_PWR_EnterSTOPMode
 .text.HAL_PWR_EnterSTANDBYMode
                0x0000000008009c30       0x24 Drivers/STM32L4xx_HAL_Driver/Src/stm32l4xx_hal_pwr.o
                0x0000000008009c30                HAL_PWR_EnterSTANDBYMode
 .text.HAL_PWR_EnableSleepOnExit
                0x0000000008009c54       0x10 Drivers/STM32L4xx_HAL_Driver/Src/stm32l4xx_hal_pwr.o
                0x0000000008009c54                HAL_PWR_EnableSleepOnExit
 .text.HAL_PWR_DisableSleepOnExit
                0x0000000008009c64       0x10 Drivers/STM32L4xx_HAL_Driver/Src/stm32l4xx_hal_pwr.o
                0x0000000008009c64                HAL_PWR_DisableSleepOnExit
 .text.HAL_PWR_EnableSEVOnPend
                0x0000000008009c74       0x10 Drivers/STM32L4xx_HAL_Driver/Src/stm32l4xx_hal_pwr.o
                0x0000000008009c74                HAL_PWR_EnableSEVOnPend
 .text.HAL_PWR_DisableSEVOnPend
                0x0000000008009c84       0x10 Drivers/STM32L4xx_HAL_Driver/Src/stm32l4xx_hal_pwr.o
                0x0000000008009c84                HAL_PWR_DisableSEVOnPend
 .text.HAL_PWR_PVDCallback
                0x0000000008009c94        0x2 Drivers/STM32L4xx_HAL_Driver/Src/stm32l4xx_hal_pwr.o
                0x0000000008009c94                HAL_PWR_PVDCallback
 *fill*         0x0000000008009c96        0x2 
 .text.HAL_PWREx_GetVoltageRange
                0x0000000008009c98       0x10 Drivers/STM32L4xx_HAL_Driver/Src/stm32l4xx_hal_pwr_ex.o
                0x0000000008009c98                HAL_PWREx_GetVoltageRange
 .text.HAL_PWREx_ControlVoltageScaling
                0x0000000008009ca8       0x98 Drivers/STM32L4xx_HAL_Driver/Src/stm32l4xx_hal_pwr_ex.o
                0x0000000008009ca8                HAL_PWREx_ControlVoltageScaling
 .text.HAL_PWREx_EnableBatteryCharging
                0x0000000008009d40       0x1c Drivers/STM32L4xx_HAL_Driver/Src/stm32l4xx_hal_pwr_ex.o
                0x0000000008009d40                HAL_PWREx_EnableBatteryCharging
 .text.HAL_PWREx_DisableBatteryCharging
                0x0000000008009d5c       0x10 Drivers/STM32L4xx_HAL_Driver/Src/stm32l4xx_hal_pwr_ex.o
                0x0000000008009d5c                HAL_PWREx_DisableBatteryCharging
 .text.HAL_PWREx_EnableVddUSB
                0x0000000008009d6c       0x10 Drivers/STM32L4xx_HAL_Driver/Src/stm32l4xx_hal_pwr_ex.o
                0x0000000008009d6c                HAL_PWREx_EnableVddUSB
 .text.HAL_PWREx_DisableVddUSB
                0x0000000008009d7c       0x10 Drivers/STM32L4xx_HAL_Driver/Src/stm32l4xx_hal_pwr_ex.o
                0x0000000008009d7c                HAL_PWREx_DisableVddUSB
 .text.HAL_PWREx_EnableVddIO2
                0x0000000008009d8c       0x10 Drivers/STM32L4xx_HAL_Driver/Src/stm32l4xx_hal_pwr_ex.o
                0x0000000008009d8c                HAL_PWREx_EnableVddIO2
 .text.HAL_PWREx_DisableVddIO2
                0x0000000008009d9c       0x10 Drivers/STM32L4xx_HAL_Driver/Src/stm32l4xx_hal_pwr_ex.o
                0x0000000008009d9c                HAL_PWREx_DisableVddIO2
 .text.HAL_PWREx_EnableInternalWakeUpLine
                0x0000000008009dac       0x10 Drivers/STM32L4xx_HAL_Driver/Src/stm32l4xx_hal_pwr_ex.o
                0x0000000008009dac                HAL_PWREx_EnableInternalWakeUpLine
 .text.HAL_PWREx_DisableInternalWakeUpLine
                0x0000000008009dbc       0x10 Drivers/STM32L4xx_HAL_Driver/Src/stm32l4xx_hal_pwr_ex.o
                0x0000000008009dbc                HAL_PWREx_DisableInternalWakeUpLine
 .text.HAL_PWREx_EnableGPIOPullUp
                0x0000000008009dcc       0xc8 Drivers/STM32L4xx_HAL_Driver/Src/stm32l4xx_hal_pwr_ex.o
                0x0000000008009dcc                HAL_PWREx_EnableGPIOPullUp
 .text.HAL_PWREx_DisableGPIOPullUp
                0x0000000008009e94       0x90 Drivers/STM32L4xx_HAL_Driver/Src/stm32l4xx_hal_pwr_ex.o
                0x0000000008009e94                HAL_PWREx_DisableGPIOPullUp
 .text.HAL_PWREx_EnableGPIOPullDown
                0x0000000008009f24       0xc8 Drivers/STM32L4xx_HAL_Driver/Src/stm32l4xx_hal_pwr_ex.o
                0x0000000008009f24                HAL_PWREx_EnableGPIOPullDown
 .text.HAL_PWREx_DisableGPIOPullDown
                0x0000000008009fec       0x94 Drivers/STM32L4xx_HAL_Driver/Src/stm32l4xx_hal_pwr_ex.o
                0x0000000008009fec                HAL_PWREx_DisableGPIOPullDown
 .text.HAL_PWREx_EnablePullUpPullDownConfig
                0x000000000800a080       0x10 Drivers/STM32L4xx_HAL_Driver/Src/stm32l4xx_hal_pwr_ex.o
                0x000000000800a080                HAL_PWREx_EnablePullUpPullDownConfig
 .text.HAL_PWREx_DisablePullUpPullDownConfig
                0x000000000800a090       0x10 Drivers/STM32L4xx_HAL_Driver/Src/stm32l4xx_hal_pwr_ex.o
                0x000000000800a090                HAL_PWREx_DisablePullUpPullDownConfig
 .text.HAL_PWREx_EnableSRAM2ContentRetention
                0x000000000800a0a0       0x10 Drivers/STM32L4xx_HAL_Driver/Src/stm32l4xx_hal_pwr_ex.o
                0x000000000800a0a0                HAL_PWREx_EnableSRAM2ContentRetention
 .text.HAL_PWREx_DisableSRAM2ContentRetention
                0x000000000800a0b0       0x10 Drivers/STM32L4xx_HAL_Driver/Src/stm32l4xx_hal_pwr_ex.o
                0x000000000800a0b0                HAL_PWREx_DisableSRAM2ContentRetention
 .text.HAL_PWREx_EnablePVM1
                0x000000000800a0c0       0x10 Drivers/STM32L4xx_HAL_Driver/Src/stm32l4xx_hal_pwr_ex.o
                0x000000000800a0c0                HAL_PWREx_EnablePVM1
 .text.HAL_PWREx_DisablePVM1
                0x000000000800a0d0       0x10 Drivers/STM32L4xx_HAL_Driver/Src/stm32l4xx_hal_pwr_ex.o
                0x000000000800a0d0                HAL_PWREx_DisablePVM1
 .text.HAL_PWREx_EnablePVM2
                0x000000000800a0e0       0x10 Drivers/STM32L4xx_HAL_Driver/Src/stm32l4xx_hal_pwr_ex.o
                0x000000000800a0e0                HAL_PWREx_EnablePVM2
 .text.HAL_PWREx_DisablePVM2
                0x000000000800a0f0       0x10 Drivers/STM32L4xx_HAL_Driver/Src/stm32l4xx_hal_pwr_ex.o
                0x000000000800a0f0                HAL_PWREx_DisablePVM2
 .text.HAL_PWREx_EnablePVM3
                0x000000000800a100       0x10 Drivers/STM32L4xx_HAL_Driver/Src/stm32l4xx_hal_pwr_ex.o
                0x000000000800a100                HAL_PWREx_EnablePVM3
 .text.HAL_PWREx_DisablePVM3
                0x000000000800a110       0x10 Drivers/STM32L4xx_HAL_Driver/Src/stm32l4xx_hal_pwr_ex.o
                0x000000000800a110                HAL_PWREx_DisablePVM3
 .text.HAL_PWREx_EnablePVM4
                0x000000000800a120       0x10 Drivers/STM32L4xx_HAL_Driver/Src/stm32l4xx_hal_pwr_ex.o
                0x000000000800a120                HAL_PWREx_EnablePVM4
 .text.HAL_PWREx_DisablePVM4
                0x000000000800a130       0x10 Drivers/STM32L4xx_HAL_Driver/Src/stm32l4xx_hal_pwr_ex.o
                0x000000000800a130                HAL_PWREx_DisablePVM4
 .text.HAL_PWREx_ConfigPVM
                0x000000000800a140      0x1ec Drivers/STM32L4xx_HAL_Driver/Src/stm32l4xx_hal_pwr_ex.o
                0x000000000800a140                HAL_PWREx_ConfigPVM
 .text.HAL_PWREx_EnableLowPowerRunMode
                0x000000000800a32c       0x10 Drivers/STM32L4xx_HAL_Driver/Src/stm32l4xx_hal_pwr_ex.o
                0x000000000800a32c                HAL_PWREx_EnableLowPowerRunMode
 .text.HAL_PWREx_DisableLowPowerRunMode
                0x000000000800a33c       0x58 Drivers/STM32L4xx_HAL_Driver/Src/stm32l4xx_hal_pwr_ex.o
                0x000000000800a33c                HAL_PWREx_DisableLowPowerRunMode
 .text.HAL_PWREx_EnterSTOP0Mode
                0x000000000800a394       0x38 Drivers/STM32L4xx_HAL_Driver/Src/stm32l4xx_hal_pwr_ex.o
                0x000000000800a394                HAL_PWREx_EnterSTOP0Mode
 .text.HAL_PWREx_EnterSTOP1Mode
                0x000000000800a3cc       0x3c Drivers/STM32L4xx_HAL_Driver/Src/stm32l4xx_hal_pwr_ex.o
                0x000000000800a3cc                HAL_PWREx_EnterSTOP1Mode
 .text.HAL_PWREx_EnterSTOP2Mode
                0x000000000800a408       0x3c Drivers/STM32L4xx_HAL_Driver/Src/stm32l4xx_hal_pwr_ex.o
                0x000000000800a408                HAL_PWREx_EnterSTOP2Mode
 .text.HAL_PWREx_EnterSHUTDOWNMode
                0x000000000800a444       0x24 Drivers/STM32L4xx_HAL_Driver/Src/stm32l4xx_hal_pwr_ex.o
                0x000000000800a444                HAL_PWREx_EnterSHUTDOWNMode
 .text.HAL_PWREx_PVM1Callback
                0x000000000800a468        0x2 Drivers/STM32L4xx_HAL_Driver/Src/stm32l4xx_hal_pwr_ex.o
                0x000000000800a468                HAL_PWREx_PVM1Callback
 .text.HAL_PWREx_PVM2Callback
                0x000000000800a46a        0x2 Drivers/STM32L4xx_HAL_Driver/Src/stm32l4xx_hal_pwr_ex.o
                0x000000000800a46a                HAL_PWREx_PVM2Callback
 .text.HAL_PWREx_PVM3Callback
                0x000000000800a46c        0x2 Drivers/STM32L4xx_HAL_Driver/Src/stm32l4xx_hal_pwr_ex.o
                0x000000000800a46c                HAL_PWREx_PVM3Callback
 .text.HAL_PWREx_PVM4Callback
                0x000000000800a46e        0x2 Drivers/STM32L4xx_HAL_Driver/Src/stm32l4xx_hal_pwr_ex.o
                0x000000000800a46e                HAL_PWREx_PVM4Callback
 .text.HAL_PWREx_PVD_PVM_IRQHandler
                0x000000000800a470       0x78 Drivers/STM32L4xx_HAL_Driver/Src/stm32l4xx_hal_pwr_ex.o
                0x000000000800a470                HAL_PWREx_PVD_PVM_IRQHandler
 .text.RCC_SetFlashLatencyFromMSIRange
                0x000000000800a4e8       0x88 Drivers/STM32L4xx_HAL_Driver/Src/stm32l4xx_hal_rcc.o
 .text.HAL_RCC_DeInit
                0x000000000800a570       0xf4 Drivers/STM32L4xx_HAL_Driver/Src/stm32l4xx_hal_rcc.o
                0x000000000800a570                HAL_RCC_DeInit
 .text.HAL_RCC_MCOConfig
                0x000000000800a664       0x4c Drivers/STM32L4xx_HAL_Driver/Src/stm32l4xx_hal_rcc.o
                0x000000000800a664                HAL_RCC_MCOConfig
 .text.HAL_RCC_GetSysClockFreq
                0x000000000800a6b0       0xa8 Drivers/STM32L4xx_HAL_Driver/Src/stm32l4xx_hal_rcc.o
                0x000000000800a6b0                HAL_RCC_GetSysClockFreq
 .text.HAL_RCC_OscConfig
                0x000000000800a758      0x5e0 Drivers/STM32L4xx_HAL_Driver/Src/stm32l4xx_hal_rcc.o
                0x000000000800a758                HAL_RCC_OscConfig
 .text.HAL_RCC_ClockConfig
                0x000000000800ad38      0x160 Drivers/STM32L4xx_HAL_Driver/Src/stm32l4xx_hal_rcc.o
                0x000000000800ad38                HAL_RCC_ClockConfig
 .text.HAL_RCC_GetHCLKFreq
                0x000000000800ae98        0xc Drivers/STM32L4xx_HAL_Driver/Src/stm32l4xx_hal_rcc.o
                0x000000000800ae98                HAL_RCC_GetHCLKFreq
 .text.HAL_RCC_GetPCLK1Freq
                0x000000000800aea4       0x24 Drivers/STM32L4xx_HAL_Driver/Src/stm32l4xx_hal_rcc.o
                0x000000000800aea4                HAL_RCC_GetPCLK1Freq
 .text.HAL_RCC_GetPCLK2Freq
                0x000000000800aec8       0x24 Drivers/STM32L4xx_HAL_Driver/Src/stm32l4xx_hal_rcc.o
                0x000000000800aec8                HAL_RCC_GetPCLK2Freq
 .text.HAL_RCC_GetOscConfig
                0x000000000800aeec       0xfc Drivers/STM32L4xx_HAL_Driver/Src/stm32l4xx_hal_rcc.o
                0x000000000800aeec                HAL_RCC_GetOscConfig
 .text.HAL_RCC_GetClockConfig
                0x000000000800afe8       0x3c Drivers/STM32L4xx_HAL_Driver/Src/stm32l4xx_hal_rcc.o
                0x000000000800afe8                HAL_RCC_GetClockConfig
 .text.HAL_RCC_EnableCSS
                0x000000000800b024       0x10 Drivers/STM32L4xx_HAL_Driver/Src/stm32l4xx_hal_rcc.o
                0x000000000800b024                HAL_RCC_EnableCSS
 .text.HAL_RCC_CSSCallback
                0x000000000800b034        0x2 Drivers/STM32L4xx_HAL_Driver/Src/stm32l4xx_hal_rcc.o
                0x000000000800b034                HAL_RCC_CSSCallback
 *fill*         0x000000000800b036        0x2 
 .text.HAL_RCC_NMI_IRQHandler
                0x000000000800b038       0x20 Drivers/STM32L4xx_HAL_Driver/Src/stm32l4xx_hal_rcc.o
                0x000000000800b038                HAL_RCC_NMI_IRQHandler
 .text.RCCEx_GetSAIxPeriphCLKFreq
                0x000000000800b058      0x10c Drivers/STM32L4xx_HAL_Driver/Src/stm32l4xx_hal_rcc_ex.o
 .text.RCCEx_PLLSAI1_Config
                0x000000000800b164      0x160 Drivers/STM32L4xx_HAL_Driver/Src/stm32l4xx_hal_rcc_ex.o
 .text.RCCEx_PLLSAI2_Config
                0x000000000800b2c4      0x13c Drivers/STM32L4xx_HAL_Driver/Src/stm32l4xx_hal_rcc_ex.o
 .text.HAL_RCCEx_PeriphCLKConfig
                0x000000000800b400      0x464 Drivers/STM32L4xx_HAL_Driver/Src/stm32l4xx_hal_rcc_ex.o
                0x000000000800b400                HAL_RCCEx_PeriphCLKConfig
 .text.HAL_RCCEx_GetPeriphCLKConfig
                0x000000000800b864      0x144 Drivers/STM32L4xx_HAL_Driver/Src/stm32l4xx_hal_rcc_ex.o
                0x000000000800b864                HAL_RCCEx_GetPeriphCLKConfig
 .text.HAL_RCCEx_GetPeriphCLKFreq
                0x000000000800b9a8      0x718 Drivers/STM32L4xx_HAL_Driver/Src/stm32l4xx_hal_rcc_ex.o
                0x000000000800b9a8                HAL_RCCEx_GetPeriphCLKFreq
 .text.HAL_RCCEx_EnablePLLSAI1
                0x000000000800c0c0       0x94 Drivers/STM32L4xx_HAL_Driver/Src/stm32l4xx_hal_rcc_ex.o
                0x000000000800c0c0                HAL_RCCEx_EnablePLLSAI1
 .text.HAL_RCCEx_DisablePLLSAI1
                0x000000000800c154       0x50 Drivers/STM32L4xx_HAL_Driver/Src/stm32l4xx_hal_rcc_ex.o
                0x000000000800c154                HAL_RCCEx_DisablePLLSAI1
 .text.HAL_RCCEx_EnablePLLSAI2
                0x000000000800c1a4       0x88 Drivers/STM32L4xx_HAL_Driver/Src/stm32l4xx_hal_rcc_ex.o
                0x000000000800c1a4                HAL_RCCEx_EnablePLLSAI2
 .text.HAL_RCCEx_DisablePLLSAI2
                0x000000000800c22c       0x50 Drivers/STM32L4xx_HAL_Driver/Src/stm32l4xx_hal_rcc_ex.o
                0x000000000800c22c                HAL_RCCEx_DisablePLLSAI2
 .text.HAL_RCCEx_WakeUpStopCLKConfig
                0x000000000800c27c       0x14 Drivers/STM32L4xx_HAL_Driver/Src/stm32l4xx_hal_rcc_ex.o
                0x000000000800c27c                HAL_RCCEx_WakeUpStopCLKConfig
 .text.HAL_RCCEx_StandbyMSIRangeConfig
                0x000000000800c290       0x18 Drivers/STM32L4xx_HAL_Driver/Src/stm32l4xx_hal_rcc_ex.o
                0x000000000800c290                HAL_RCCEx_StandbyMSIRangeConfig
 .text.HAL_RCCEx_EnableLSECSS
                0x000000000800c2a8       0x14 Drivers/STM32L4xx_HAL_Driver/Src/stm32l4xx_hal_rcc_ex.o
                0x000000000800c2a8                HAL_RCCEx_EnableLSECSS
 .text.HAL_RCCEx_DisableLSECSS
                0x000000000800c2bc       0x1c Drivers/STM32L4xx_HAL_Driver/Src/stm32l4xx_hal_rcc_ex.o
                0x000000000800c2bc                HAL_RCCEx_DisableLSECSS
 .text.HAL_RCCEx_EnableLSECSS_IT
                0x000000000800c2d8       0x30 Drivers/STM32L4xx_HAL_Driver/Src/stm32l4xx_hal_rcc_ex.o
                0x000000000800c2d8                HAL_RCCEx_EnableLSECSS_IT
 .text.HAL_RCCEx_LSECSS_Callback
                0x000000000800c308        0x2 Drivers/STM32L4xx_HAL_Driver/Src/stm32l4xx_hal_rcc_ex.o
                0x000000000800c308                HAL_RCCEx_LSECSS_Callback
 *fill*         0x000000000800c30a        0x2 
 .text.HAL_RCCEx_LSECSS_IRQHandler
                0x000000000800c30c       0x20 Drivers/STM32L4xx_HAL_Driver/Src/stm32l4xx_hal_rcc_ex.o
                0x000000000800c30c                HAL_RCCEx_LSECSS_IRQHandler
 .text.HAL_RCCEx_EnableLSCO
                0x000000000800c32c       0xac Drivers/STM32L4xx_HAL_Driver/Src/stm32l4xx_hal_rcc_ex.o
                0x000000000800c32c                HAL_RCCEx_EnableLSCO
 .text.HAL_RCCEx_DisableLSCO
                0x000000000800c3d8       0x74 Drivers/STM32L4xx_HAL_Driver/Src/stm32l4xx_hal_rcc_ex.o
                0x000000000800c3d8                HAL_RCCEx_DisableLSCO
 .text.HAL_RCCEx_EnableMSIPLLMode
                0x000000000800c44c       0x10 Drivers/STM32L4xx_HAL_Driver/Src/stm32l4xx_hal_rcc_ex.o
                0x000000000800c44c                HAL_RCCEx_EnableMSIPLLMode
 .text.HAL_RCCEx_DisableMSIPLLMode
                0x000000000800c45c       0x10 Drivers/STM32L4xx_HAL_Driver/Src/stm32l4xx_hal_rcc_ex.o
                0x000000000800c45c                HAL_RCCEx_DisableMSIPLLMode
 .text.SPI_WaitFlagStateUntilTimeout
                0x000000000800c46c       0x90 Drivers/STM32L4xx_HAL_Driver/Src/stm32l4xx_hal_spi.o
 .text.SPI_WaitFifoStateUntilTimeout
                0x000000000800c4fc       0x98 Drivers/STM32L4xx_HAL_Driver/Src/stm32l4xx_hal_spi.o
 .text.SPI_EndRxTxTransaction
                0x000000000800c594       0x66 Drivers/STM32L4xx_HAL_Driver/Src/stm32l4xx_hal_spi.o
 .text.SPI_EndRxTransaction
                0x000000000800c5fa       0x88 Drivers/STM32L4xx_HAL_Driver/Src/stm32l4xx_hal_spi.o
 *fill*         0x000000000800c682        0x2 
 .text.SPI_AbortRx_ISR
                0x000000000800c684       0x90 Drivers/STM32L4xx_HAL_Driver/Src/stm32l4xx_hal_spi.o
 .text.SPI_AbortTx_ISR
                0x000000000800c714       0xf0 Drivers/STM32L4xx_HAL_Driver/Src/stm32l4xx_hal_spi.o
 .text.HAL_SPI_MspInit
                0x000000000800c804        0x2 Drivers/STM32L4xx_HAL_Driver/Src/stm32l4xx_hal_spi.o
 .text.HAL_SPI_Init
                0x000000000800c806       0xe2 Drivers/STM32L4xx_HAL_Driver/Src/stm32l4xx_hal_spi.o
                0x000000000800c806                HAL_SPI_Init
 .text.HAL_SPI_MspDeInit
                0x000000000800c8e8        0x2 Drivers/STM32L4xx_HAL_Driver/Src/stm32l4xx_hal_spi.o
 .text.HAL_SPI_DeInit
                0x000000000800c8ea       0x2c Drivers/STM32L4xx_HAL_Driver/Src/stm32l4xx_hal_spi.o
                0x000000000800c8ea                HAL_SPI_DeInit
 .text.HAL_SPI_Transmit
                0x000000000800c916      0x1da Drivers/STM32L4xx_HAL_Driver/Src/stm32l4xx_hal_spi.o
                0x000000000800c916                HAL_SPI_Transmit
 .text.HAL_SPI_TransmitReceive
                0x000000000800caf0      0x2d8 Drivers/STM32L4xx_HAL_Driver/Src/stm32l4xx_hal_spi.o
                0x000000000800caf0                HAL_SPI_TransmitReceive
 .text.HAL_SPI_Receive
                0x000000000800cdc8      0x18c Drivers/STM32L4xx_HAL_Driver/Src/stm32l4xx_hal_spi.o
                0x000000000800cdc8                HAL_SPI_Receive
 .text.HAL_SPI_Transmit_IT
                0x000000000800cf54       0xa4 Drivers/STM32L4xx_HAL_Driver/Src/stm32l4xx_hal_spi.o
                0x000000000800cf54                HAL_SPI_Transmit_IT
 .text.HAL_SPI_TransmitReceive_IT
                0x000000000800cff8       0xe8 Drivers/STM32L4xx_HAL_Driver/Src/stm32l4xx_hal_spi.o
                0x000000000800cff8                HAL_SPI_TransmitReceive_IT
 .text.HAL_SPI_Receive_IT
                0x000000000800d0e0       0xdc Drivers/STM32L4xx_HAL_Driver/Src/stm32l4xx_hal_spi.o
                0x000000000800d0e0                HAL_SPI_Receive_IT
 .text.HAL_SPI_Transmit_DMA
                0x000000000800d1bc      0x12c Drivers/STM32L4xx_HAL_Driver/Src/stm32l4xx_hal_spi.o
                0x000000000800d1bc                HAL_SPI_Transmit_DMA
 .text.HAL_SPI_TransmitReceive_DMA
                0x000000000800d2e8      0x208 Drivers/STM32L4xx_HAL_Driver/Src/stm32l4xx_hal_spi.o
                0x000000000800d2e8                HAL_SPI_TransmitReceive_DMA
 .text.HAL_SPI_Receive_DMA
                0x000000000800d4f0      0x174 Drivers/STM32L4xx_HAL_Driver/Src/stm32l4xx_hal_spi.o
                0x000000000800d4f0                HAL_SPI_Receive_DMA
 .text.HAL_SPI_Abort
                0x000000000800d664      0x190 Drivers/STM32L4xx_HAL_Driver/Src/stm32l4xx_hal_spi.o
                0x000000000800d664                HAL_SPI_Abort
 .text.HAL_SPI_DMAPause
                0x000000000800d7f4       0x26 Drivers/STM32L4xx_HAL_Driver/Src/stm32l4xx_hal_spi.o
                0x000000000800d7f4                HAL_SPI_DMAPause
 .text.HAL_SPI_DMAResume
                0x000000000800d81a       0x26 Drivers/STM32L4xx_HAL_Driver/Src/stm32l4xx_hal_spi.o
                0x000000000800d81a                HAL_SPI_DMAResume
 .text.HAL_SPI_DMAStop
                0x000000000800d840       0x46 Drivers/STM32L4xx_HAL_Driver/Src/stm32l4xx_hal_spi.o
                0x000000000800d840                HAL_SPI_DMAStop
 .text.HAL_SPI_TxCpltCallback
                0x000000000800d886        0x2 Drivers/STM32L4xx_HAL_Driver/Src/stm32l4xx_hal_spi.o
                0x000000000800d886                HAL_SPI_TxCpltCallback
 .text.HAL_SPI_RxCpltCallback
                0x000000000800d888        0x2 Drivers/STM32L4xx_HAL_Driver/Src/stm32l4xx_hal_spi.o
                0x000000000800d888                HAL_SPI_RxCpltCallback
 .text.HAL_SPI_TxRxCpltCallback
                0x000000000800d88a        0x2 Drivers/STM32L4xx_HAL_Driver/Src/stm32l4xx_hal_spi.o
                0x000000000800d88a                HAL_SPI_TxRxCpltCallback
 .text.HAL_SPI_TxHalfCpltCallback
                0x000000000800d88c        0x2 Drivers/STM32L4xx_HAL_Driver/Src/stm32l4xx_hal_spi.o
                0x000000000800d88c                HAL_SPI_TxHalfCpltCallback
 .text.SPI_DMAHalfTransmitCplt
                0x000000000800d88e        0xa Drivers/STM32L4xx_HAL_Driver/Src/stm32l4xx_hal_spi.o
 .text.HAL_SPI_RxHalfCpltCallback
                0x000000000800d898        0x2 Drivers/STM32L4xx_HAL_Driver/Src/stm32l4xx_hal_spi.o
                0x000000000800d898                HAL_SPI_RxHalfCpltCallback
 .text.SPI_DMAHalfReceiveCplt
                0x000000000800d89a        0xa Drivers/STM32L4xx_HAL_Driver/Src/stm32l4xx_hal_spi.o
 .text.HAL_SPI_TxRxHalfCpltCallback
                0x000000000800d8a4        0x2 Drivers/STM32L4xx_HAL_Driver/Src/stm32l4xx_hal_spi.o
                0x000000000800d8a4                HAL_SPI_TxRxHalfCpltCallback
 .text.SPI_DMAHalfTransmitReceiveCplt
                0x000000000800d8a6        0xa Drivers/STM32L4xx_HAL_Driver/Src/stm32l4xx_hal_spi.o
 .text.HAL_SPI_ErrorCallback
                0x000000000800d8b0        0x2 Drivers/STM32L4xx_HAL_Driver/Src/stm32l4xx_hal_spi.o
                0x000000000800d8b0                HAL_SPI_ErrorCallback
 .text.SPI_CloseTx_ISR
                0x000000000800d8b2       0x56 Drivers/STM32L4xx_HAL_Driver/Src/stm32l4xx_hal_spi.o
 .text.SPI_TxISR_8BIT
                0x000000000800d908       0x26 Drivers/STM32L4xx_HAL_Driver/Src/stm32l4xx_hal_spi.o
 .text.SPI_TxISR_16BIT
                0x000000000800d92e       0x26 Drivers/STM32L4xx_HAL_Driver/Src/stm32l4xx_hal_spi.o
 .text.SPI_CloseRx_ISR
                0x000000000800d954       0x40 Drivers/STM32L4xx_HAL_Driver/Src/stm32l4xx_hal_spi.o
 .text.SPI_RxISR_8BIT
                0x000000000800d994       0x2c Drivers/STM32L4xx_HAL_Driver/Src/stm32l4xx_hal_spi.o
 .text.SPI_RxISR_16BIT
                0x000000000800d9c0       0x2c Drivers/STM32L4xx_HAL_Driver/Src/stm32l4xx_hal_spi.o
 .text.SPI_CloseRxTx_ISR
                0x000000000800d9ec       0x5e Drivers/STM32L4xx_HAL_Driver/Src/stm32l4xx_hal_spi.o
 .text.SPI_2linesTxISR_8BIT
                0x000000000800da4a       0x58 Drivers/STM32L4xx_HAL_Driver/Src/stm32l4xx_hal_spi.o
 .text.SPI_2linesRxISR_8BIT
                0x000000000800daa2       0x78 Drivers/STM32L4xx_HAL_Driver/Src/stm32l4xx_hal_spi.o
 .text.SPI_2linesTxISR_16BIT
                0x000000000800db1a       0x38 Drivers/STM32L4xx_HAL_Driver/Src/stm32l4xx_hal_spi.o
 .text.SPI_2linesRxISR_16BIT
                0x000000000800db52       0x3c Drivers/STM32L4xx_HAL_Driver/Src/stm32l4xx_hal_spi.o
 .text.SPI_DMAError
                0x000000000800db8e       0x22 Drivers/STM32L4xx_HAL_Driver/Src/stm32l4xx_hal_spi.o
 .text.SPI_DMATransmitCplt
                0x000000000800dbb0       0x70 Drivers/STM32L4xx_HAL_Driver/Src/stm32l4xx_hal_spi.o
 .text.SPI_DMAReceiveCplt
                0x000000000800dc20       0x58 Drivers/STM32L4xx_HAL_Driver/Src/stm32l4xx_hal_spi.o
 .text.SPI_DMATransmitReceiveCplt
                0x000000000800dc78       0x5e Drivers/STM32L4xx_HAL_Driver/Src/stm32l4xx_hal_spi.o
 *fill*         0x000000000800dcd6        0x2 
 .text.HAL_SPI_IRQHandler
                0x000000000800dcd8      0x12c Drivers/STM32L4xx_HAL_Driver/Src/stm32l4xx_hal_spi.o
                0x000000000800dcd8                HAL_SPI_IRQHandler
 .text.SPI_DMAAbortOnError
                0x000000000800de04       0x12 Drivers/STM32L4xx_HAL_Driver/Src/stm32l4xx_hal_spi.o
 .text.HAL_SPI_AbortCpltCallback
                0x000000000800de16        0x2 Drivers/STM32L4xx_HAL_Driver/Src/stm32l4xx_hal_spi.o