Archive member included to satisfy reference by file (symbol)

/Applications/STMicroelectronics/STM32CubeIDE.app/Contents/Eclipse/plugins/com.st.stm32cube.ide.mcu.externaltools.gnu-arm-embedded.7-2018-q2-update.macos64_1.0.0.201904120901/tools/bin/../lib/gcc/arm-none-eabi/7.3.1/../../../../arm-none-eabi/lib/thumb/v7e-m/fpv4-sp/hard/libc.a(lib_a-errno.o)
                              Core/Src/syscalls.o (__errno)
/Applications/STMicroelectronics/STM32CubeIDE.app/Contents/Eclipse/plugins/com.st.stm32cube.ide.mcu.externaltools.gnu-arm-embedded.7-2018-q2-update.macos64_1.0.0.201904120901/tools/bin/../lib/gcc/arm-none-eabi/7.3.1/../../../../arm-none-eabi/lib/thumb/v7e-m/fpv4-sp/hard/libc.a(lib_a-exit.o)
                              /Applications/STMicroelectronics/STM32CubeIDE.app/Contents/Eclipse/plugins/com.st.stm32cube.ide.mcu.externaltools.gnu-arm-embedded.7-2018-q2-update.macos64_1.0.0.201904120901/tools/bin/../lib/gcc/arm-none-eabi/7.3.1/../../../../arm-none-eabi/lib/thumb/v7e-m/fpv4-sp/hard/crt0.o (exit)
/Applications/STMicroelectronics/STM32CubeIDE.app/Contents/Eclipse/plugins/com.st.stm32cube.ide.mcu.externaltools.gnu-arm-embedded.7-2018-q2-update.macos64_1.0.0.201904120901/tools/bin/../lib/gcc/arm-none-eabi/7.3.1/../../../../arm-none-eabi/lib/thumb/v7e-m/fpv4-sp/hard/libc.a(lib_a-impure.o)
                              /Applications/STMicroelectronics/STM32CubeIDE.app/Contents/Eclipse/plugins/com.st.stm32cube.ide.mcu.externaltools.gnu-arm-embedded.7-2018-q2-update.macos64_1.0.0.201904120901/tools/bin/../lib/gcc/arm-none-eabi/7.3.1/../../../../arm-none-eabi/lib/thumb/v7e-m/fpv4-sp/hard/libc.a(lib_a-exit.o) (_global_impure_ptr)
/Applications/STMicroelectronics/STM32CubeIDE.app/Contents/Eclipse/plugins/com.st.stm32cube.ide.mcu.externaltools.gnu-arm-embedded.7-2018-q2-update.macos64_1.0.0.201904120901/tools/bin/../lib/gcc/arm-none-eabi/7.3.1/../../../../arm-none-eabi/lib/thumb/v7e-m/fpv4-sp/hard/libc.a(lib_a-init.o)
                              /Applications/STMicroelectronics/STM32CubeIDE.app/Contents/Eclipse/plugins/com.st.stm32cube.ide.mcu.externaltools.gnu-arm-embedded.7-2018-q2-update.macos64_1.0.0.201904120901/tools/bin/../lib/gcc/arm-none-eabi/7.3.1/../../../../arm-none-eabi/lib/thumb/v7e-m/fpv4-sp/hard/crt0.o (__libc_init_array)
/Applications/STMicroelectronics/STM32CubeIDE.app/Contents/Eclipse/plugins/com.st.stm32cube.ide.mcu.externaltools.gnu-arm-embedded.7-2018-q2-update.macos64_1.0.0.201904120901/tools/bin/../lib/gcc/arm-none-eabi/7.3.1/../../../../arm-none-eabi/lib/thumb/v7e-m/fpv4-sp/hard/libc.a(lib_a-memcmp.o)
                              Core/Src/main.o (memcmp)
/Applications/STMicroelectronics/STM32CubeIDE.app/Contents/Eclipse/plugins/com.st.stm32cube.ide.mcu.externaltools.gnu-arm-embedded.7-2018-q2-update.macos64_1.0.0.201904120901/tools/bin/../lib/gcc/arm-none-eabi/7.3.1/../../../../arm-none-eabi/lib/thumb/v7e-m/fpv4-sp/hard/libc.a(lib_a-memcpy.o)
                              Core/Src/main.o (memcpy)
/Applications/STMicroelectronics/STM32CubeIDE.app/Contents/Eclipse/plugins/com.st.stm32cube.ide.mcu.externaltools.gnu-arm-embedded.7-2018-q2-update.macos64_1.0.0.201904120901/tools/bin/../lib/gcc/arm-none-eabi/7.3.1/../../../../arm-none-eabi/lib/thumb/v7e-m/fpv4-sp/hard/libc.a(lib_a-memset.o)
                              /Applications/STMicroelectronics/STM32CubeIDE.app/Contents/Eclipse/plugins/com.st.stm32cube.ide.mcu.externaltools.gnu-arm-embedded.7-2018-q2-update.macos64_1.0.0.201904120901/tools/bin/../lib/gcc/arm-none-eabi/7.3.1/../../../../arm-none-eabi/lib/thumb/v7e-m/fpv4-sp/hard/crt0.o (memset)
/Applications/STMicroelectronics/STM32CubeIDE.app/Contents/Eclipse/plugins/com.st.stm32cube.ide.mcu.externaltools.gnu-arm-embedded.7-2018-q2-update.macos64_1.0.0.201904120901/tools/bin/../lib/gcc/arm-none-eabi/7.3.1/../../../../arm-none-eabi/lib/thumb/v7e-m/fpv4-sp/hard/libc.a(lib_a-__call_atexit.o)
                              /Applications/STMicroelectronics/STM32CubeIDE.app/Contents/Eclipse/plugins/com.st.stm32cube.ide.mcu.externaltools.gnu-arm-embedded.7-2018-q2-update.macos64_1.0.0.201904120901/tools/bin/../lib/gcc/arm-none-eabi/7.3.1/../../../../arm-none-eabi/lib/thumb/v7e-m/fpv4-sp/hard/libc.a(lib_a-exit.o) (__call_exitprocs)
/Applications/STMicroelectronics/STM32CubeIDE.app/Contents/Eclipse/plugins/com.st.stm32cube.ide.mcu.externaltools.gnu-arm-embedded.7-2018-q2-update.macos64_1.0.0.201904120901/tools/bin/../lib/gcc/arm-none-eabi/7.3.1/../../../../arm-none-eabi/lib/thumb/v7e-m/fpv4-sp/hard/libc.a(lib_a-atexit.o)
                              /Applications/STMicroelectronics/STM32CubeIDE.app/Contents/Eclipse/plugins/com.st.stm32cube.ide.mcu.externaltools.gnu-arm-embedded.7-2018-q2-update.macos64_1.0.0.201904120901/tools/bin/../lib/gcc/arm-none-eabi/7.3.1/../../../../arm-none-eabi/lib/thumb/v7e-m/fpv4-sp/hard/libc.a(lib_a-__call_atexit.o) (atexit)
[...]
Memory Configuration

Name             Origin             Length             Attributes
RAM              0x0000000020000000 0x0000000000018000 xrw
RAM2             0x0000000010000000 0x0000000000008000 xrw
FLASH            0x0000000008000000 0x0000000000100000 xr
*default*        0x0000000000000000 0xffffffffffffffff

Linker script and memory map

LOAD /Applications/STMicroelectronics/STM32CubeIDE.app/Contents/Eclipse/plugins/com.st.stm32cube.ide.mcu.externaltools.gnu-arm-embedded.7-2018-q2-update.macos64_1.0.0.201904120901/tools/bin/../lib/gcc/arm-none-eabi/7.3.1/thumb/v7e-m/fpv4-sp/hard/crti.o
LOAD /Applications/STMicroelectronics/STM32CubeIDE.app/Contents/Eclipse/plugins/com.st.stm32cube.ide.mcu.externaltools.gnu-arm-embedded.7-2018-q2-update.macos64_1.0.0.201904120901/tools/bin/../lib/gcc/arm-none-eabi/7.3.1/thumb/v7e-m/fpv4-sp/hard/crtbegin.o
LOAD /Applications/STMicroelectronics/STM32CubeIDE.app/Contents/Eclipse/plugins/com.st.stm32cube.ide.mcu.externaltools.gnu-arm-embedded.7-2018-q2-update.macos64_1.0.0.201904120901/tools/bin/../lib/gcc/arm-none-eabi/7.3.1/../../../../arm-none-eabi/lib/thumb/v7e-m/fpv4-sp/hard/crt0.o
LOAD Core/Src/main.o
LOAD Core/Src/stm32l4xx_hal_msp.o
LOAD Core/Src/stm32l4xx_it.o
LOAD Core/Src/syscalls.o
LOAD Core/Src/sysmem.o
LOAD Core/Src/system_stm32l4xx.o
LOAD Core/Startup/startup_stm32l476rgtx.o
LOAD Drivers/STM32L4xx_HAL_Driver/Src/stm32l4xx_hal.o
LOAD Drivers/STM32L4xx_HAL_Driver/Src/stm32l4xx_hal_cortex.o
LOAD Drivers/STM32L4xx_HAL_Driver/Src/stm32l4xx_hal_dma.o
LOAD Drivers/STM32L4xx_HAL_Driver/Src/stm32l4xx_hal_dma_ex.o
LOAD Drivers/STM32L4xx_HAL_Driver/Src/stm32l4xx_hal_exti.o
LOAD Drivers/STM32L4xx_HAL_Driver/Src/stm32l4xx_hal_flash.o
LOAD Drivers/STM32L4xx_HAL_Driver/Src/stm32l4xx_hal_flash_ex.o
LOAD Drivers/STM32L4xx_HAL_Driver/Src/stm32l4xx_hal_flash_ramfunc.o
LOAD Drivers/STM32L4xx_HAL_Driver/Src/stm32l4xx_hal_gpio.o
LOAD Drivers/STM32L4xx_HAL_Driver/Src/stm32l4xx_hal_i2c.o
LOAD Drivers/STM32L4xx_HAL_Driver/Src/stm32l4xx_hal_i2c_ex.o
LOAD Drivers/STM32L4xx_HAL_Driver/Src/stm32l4xx_hal_pwr.o
LOAD Drivers/STM32L4xx_HAL_Driver/Src/stm32l4xx_hal_pwr_ex.o
LOAD Drivers/STM32L4xx_HAL_Driver/Src/stm32l4xx_hal_rcc.o
LOAD Drivers/STM32L4xx_HAL_Driver/Src/stm32l4xx_hal_rcc_ex.o
LOAD Drivers/STM32L4xx_HAL_Driver/Src/stm32l4xx_hal_spi.o
LOAD Drivers/STM32L4xx_HAL_Driver/Src/stm32l4xx_hal_spi_ex.o
LOAD Drivers/STM32L4xx_HAL_Driver/Src/stm32l4xx_hal_tim.o
LOAD Drivers/STM32L4xx_HAL_Driver/Src/stm32l4xx_hal_tim_ex.o
LOAD Drivers/STM32L4xx_HAL_Driver/Src/stm32l4xx_hal_uart.o
LOAD Drivers/STM32L4xx_HAL_Driver/Src/stm32l4xx_hal_uart_ex.o
LOAD src/mouseDriver.o
LOAD src/sensorDriver.o
START GROUP
LOAD /Applications/STMicroelectronics/STM32CubeIDE.app/Contents/Eclipse/plugins/com.st.stm32cube.ide.mcu.externaltools.gnu-arm-embedded.7-2018-q2-update.macos64_1.0.0.201904120901/tools/bin/../lib/gcc/arm-none-eabi/7.3.1/../../../../arm-none-eabi/lib/thumb/v7e-m/fpv4-sp/hard/libc.a
LOAD /Applications/STMicroelectronics/STM32CubeIDE.app/Contents/Eclipse/plugins/com.st.stm32cube.ide.mcu.externaltools.gnu-arm-embedded.7-2018-q2-update.macos64_1.0.0.201904120901/tools/bin/../lib/gcc/arm-none-eabi/7.3.1/../../../../arm-none-eabi/lib/thumb/v7e-m/fpv4-sp/hard/libm.a
END GROUP
START GROUP
LOAD /Applications/STMicroelectronics/STM32CubeIDE.app/Contents/Eclipse/plugins/com.st.stm32cube.ide.mcu.externaltools.gnu-arm-embedded.7-2018-q2-update.macos64_1.0.0.201904120901/tools/bin/../lib/gcc/arm-none-eabi/7.3.1/thumb/v7e-m/fpv4-sp/hard/libgcc.a
LOAD /Applications/STMicroelectronics/STM32CubeIDE.app/Contents/Eclipse/plugins/com.st.stm32cube.ide.mcu.externaltools.gnu-arm-embedded.7-2018-q2-update.macos64_1.0.0.201904120901/tools/bin/../lib/gcc/arm-none-eabi/7.3.1/../../../../arm-none-eabi/lib/thumb/v7e-m/fpv4-sp/hard/libc.a
END GROUP
START GROUP
LOAD /Applications/STMicroelectronics/STM32CubeIDE.app/Contents/Eclipse/plugins/com.st.stm32cube.ide.mcu.externaltools.gnu-arm-embedded.7-2018-q2-update.macos64_1.0.0.201904120901/tools/bin/../lib/gcc/arm-none-eabi/7.3.1/thumb/v7e-m/fpv4-sp/hard/libgcc.a
LOAD /Applications/STMicroelectronics/STM32CubeIDE.app/Contents/Eclipse/plugins/com.st.stm32cube.ide.mcu.externaltools.gnu-arm-embedded.7-2018-q2-update.macos64_1.0.0.201904120901/tools/bin/../lib/gcc/arm-none-eabi/7.3.1/../../../../arm-none-eabi/lib/thumb/v7e-m/fpv4-sp/hard/libc.a
LOAD /Applications/STMicroelectronics/STM32CubeIDE.app/Contents/Eclipse/plugins/com.st.stm32cube.ide.mcu.externaltools.gnu-arm-embedded.7-2018-q2-update.macos64_1.0.0.201904120901/tools/bin/../lib/gcc/arm-none-eabi/7.3.1/../../../../arm-none-eabi/lib/thumb/v7e-m/fpv4-sp/hard/libnosys.a
END GROUP
LOAD /Applications/STMicroelectronics/STM32CubeIDE.app/Contents/Eclipse/plugins/com.st.stm32cube.ide.mcu.externaltools.gnu-arm-embedded.7-2018-q2-update.macos64_1.0.0.201904120901/tools/bin/../lib/gcc/arm-none-eabi/7.3.1/thumb/v7e-m/fpv4-sp/hard/crtend.o
LOAD /Applications/STMicroelectronics/STM32CubeIDE.app/Contents/Eclipse/plugins/com.st.stm32cube.ide.mcu.externaltools.gnu-arm-embedded.7-2018-q2-update.macos64_1.0.0.201904120901/tools/bin/../lib/gcc/arm-none-eabi/7.3.1/thumb/v7e-m/fpv4-sp/hard/crtn.o
                0x0000000020018000                _estack = (ORIGIN (RAM) + LENGTH (RAM))
                0x0000000000000200                _Min_Heap_Size = 0x200
                0x0000000000000400                _Min_Stack_Size = 0x400

.isr_vector     0x0000000008000000      0x188
                0x0000000008000000                . = ALIGN (0x4)
 *(.isr_vector)
 .isr_vector    0x0000000008000000      0x188 Core/Startup/startup_stm32l476rgtx.o
                0x0000000008000000                g_pfnVectors
                0x0000000008000188                . = ALIGN (0x4)

.text           0x0000000008000188    0x138e8
                0x0000000008000188                . = ALIGN (0x4)
 *(.text)
 .text          0x0000000008000188        0x0 /Applications/STMicroelectronics/STM32CubeIDE.app/Contents/Eclipse/plugins/com.st.stm32cube.ide.mcu.externaltools.gnu-arm-embedded.7-2018-q2-update.macos64_1.0.0.201904120901/tools/bin/../lib/gcc/arm-none-eabi/7.3.1/thumb/v7e-m/fpv4-sp/hard/crti.o
 .text          0x0000000008000188       0x40 /Applications/STMicroelectronics/STM32CubeIDE.app/Contents/Eclipse/plugins/com.st.stm32cube.ide.mcu.externaltools.gnu-arm-embedded.7-2018-q2-update.macos64_1.0.0.201904120901/tools/bin/../lib/gcc/arm-none-eabi/7.3.1/thumb/v7e-m/fpv4-sp/hard/crtbegin.o
 .text          0x00000000080001c8       0x74 /Applications/STMicroelectronics/STM32CubeIDE.app/Contents/Eclipse/plugins/com.st.stm32cube.ide.mcu.externaltools.gnu-arm-embedded.7-2018-q2-update.macos64_1.0.0.201904120901/tools/bin/../lib/gcc/arm-none-eabi/7.3.1/../../../../arm-none-eabi/lib/thumb/v7e-m/fpv4-sp/hard/crt0.o
                0x00000000080001c8                _mainCRTStartup
                0x00000000080001c8                _start
 .text          0x000000000800023c        0x0 Core/Src/main.o
 .text          0x000000000800023c        0x0 Core/Src/stm32l4xx_hal_msp.o
 .text          0x000000000800023c        0x0 Core/Src/stm32l4xx_it.o
 .text          0x000000000800023c        0x0 Core/Src/syscalls.o
 .text          0x000000000800023c        0x0 Core/Src/sysmem.o
 .text          0x000000000800023c        0x0 Core/Src/system_stm32l4xx.o
 .text          0x000000000800023c       0x14 Core/Startup/startup_stm32l476rgtx.o
 .text          0x0000000008000250        0x0 Drivers/STM32L4xx_HAL_Driver/Src/stm32l4xx_hal.o
 .text          0x0000000008000250        0x0 Drivers/STM32L4xx_HAL_Driver/Src/stm32l4xx_hal_cortex.o
 .text          0x0000000008000250        0x0 Drivers/STM32L4xx_HAL_Driver/Src/stm32l4xx_hal_dma.o
 .text          0x0000000008000250        0x0 Drivers/STM32L4xx_HAL_Driver/Src/stm32l4xx_hal_dma_ex.o
 .text          0x0000000008000250        0x0 Drivers/STM32L4xx_HAL_Driver/Src/stm32l4xx_hal_exti.o
 .text          0x0000000008000250        0x0 Drivers/STM32L4xx_HAL_Driver/Src/stm32l4xx_hal_flash.o
 .text          0x0000000008000250        0x0 Drivers/STM32L4xx_HAL_Driver/Src/stm32l4xx_hal_flash_ex.o
 .text          0x0000000008000250        0x0 Drivers/STM32L4xx_HAL_Driver/Src/stm32l4xx_hal_flash_ramfunc.o
 .text          0x0000000008000250        0x0 Drivers/STM32L4xx_HAL_Driver/Src/stm32l4xx_hal_gpio.o
 .text          0x0000000008000250        0x0 Drivers/STM32L4xx_HAL_Driver/Src/stm32l4xx_hal_i2c.o
 .text          0x0000000008000250        0x0 Drivers/STM32L4xx_HAL_Driver/Src/stm32l4xx_hal_i2c_ex.o
 .text          0x0000000008000250        0x0 Drivers/STM32L4xx_HAL_Driver/Src/stm32l4xx_hal_pwr.o
 .text          0x0000000008000250        0x0 Drivers/STM32L4xx_HAL_Driver/Src/stm32l4xx_hal_pwr_ex.o
 .text          0x0000000008000250        0x0 Drivers/STM32L4xx_HAL_Driver/Src/stm32l4xx_hal_rcc.o
 .text          0x0000000008000250        0x0 Drivers/STM32L4xx_HAL_Driver/Src/stm32l4xx_hal_rcc_ex.o
 .text          0x0000000008000250        0x0 Drivers/STM32L4xx_HAL_Driver/Src/stm32l4xx_hal_spi.o
 .text          0x0000000008000250        0x0 Drivers/STM32L4xx_HAL_Driver/Src/stm32l4xx_hal_spi_ex.o
 .text          0x0000000008000250        0x0 Drivers/STM32L4xx_HAL_Driver/Src/stm32l4xx_hal_tim.o
 .text          0x0000000008000250        0x0 Drivers/STM32L4xx_HAL_Driver/Src/stm32l4xx_hal_tim_ex.o
 .text          0x0000000008000250        0x0 Drivers/STM32L4xx_HAL_Driver/Src/stm32l4xx_hal_uart.o
 .text          0x0000000008000250        0x0 Drivers/STM32L4xx_HAL_Driver/Src/stm32l4xx_hal_uart_ex.o
 .text          0x0000000008000250        0x0 src/mouseDriver.o
 .text          0x0000000008000250        0x0 src/sensorDriver.o
 .text          0x0000000008000250        0x0 /Applications/STMicroelectronics/STM32CubeIDE.app/Contents/Eclipse/plugins/com.st.stm32cube.ide.mcu.externaltools.gnu-arm-embedded.7-2018-q2-update.macos64_1.0.0.201904120901/tools/bin/../lib/gcc/arm-none-eabi/7.3.1/../../../../arm-none-eabi/lib/thumb/v7e-m/fpv4-sp/hard/libc.a(lib_a-errno.o)
 .text          0x0000000008000250        0x0 /Applications/STMicroelectronics/STM32CubeIDE.app/Contents/Eclipse/plugins/com.st.stm32cube.ide.mcu.externaltools.gnu-arm-embedded.7-2018-q2-update.macos64_1.0.0.201904120901/tools/bin/../lib/gcc/arm-none-eabi/7.3.1/../../../../arm-none-eabi/lib/thumb/v7e-m/fpv4-sp/hard/libc.a(lib_a-exit.o)
 .text          0x0000000008000250        0x0 /Applications/STMicroelectronics/STM32CubeIDE.app/Contents/Eclipse/plugins/com.st.stm32cube.ide.mcu.externaltools.gnu-arm-embedded.7-2018-q2-update.macos64_1.0.0.201904120901/tools/bin/../lib/gcc/arm-none-eabi/7.3.1/../../../../arm-none-eabi/lib/thumb/v7e-m/fpv4-sp/hard/libc.a(lib_a-impure.o)
 .text          0x0000000008000250        0x0 /Applications/STMicroelectronics/STM32CubeIDE.app/Contents/Eclipse/plugins/com.st.stm32cube.ide.mcu.externaltools.gnu-arm-embedded.7-2018-q2-update.macos64_1.0.0.201904120901/tools/bin/../lib/gcc/arm-none-eabi/7.3.1/../../../../arm-none-eabi/lib/thumb/v7e-m/fpv4-sp/hard/libc.a(lib_a-init.o)
 .text          0x0000000008000250        0x0 /Applications/STMicroelectronics/STM32CubeIDE.app/Contents/Eclipse/plugins/com.st.stm32cube.ide.mcu.externaltools.gnu-arm-embedded.7-2018-q2-update.macos64_1.0.0.201904120901/tools/bin/../lib/gcc/arm-none-eabi/7.3.1/../../../../arm-none-eabi/lib/thumb/v7e-m/fpv4-sp/hard/libc.a(lib_a-memcmp.o)
 .text          0x0000000008000250      0x134 /Applications/STMicroelectronics/STM32CubeIDE.app/Contents/Eclipse/plugins/com.st.stm32cube.ide.mcu.externaltools.gnu-arm-embedded.7-2018-q2-update.macos64_1.0.0.201904120901/tools/bin/../lib/gcc/arm-none-eabi/7.3.1/../../../../arm-none-eabi/lib/thumb/v7e-m/fpv4-sp/hard/libc.a(lib_a-memcpy.o)
                0x0000000008000250                memcpy
 .text          0x0000000008000384        0x0 /Applications/STMicroelectronics/STM32CubeIDE.app/Contents/Eclipse/plugins/com.st.stm32cube.ide.mcu.externaltools.gnu-arm-embedded.7-2018-q2-update.macos64_1.0.0.201904120901/tools/bin/../lib/gcc/arm-none-eabi/7.3.1/../../../../arm-none-eabi/lib/thumb/v7e-m/fpv4-sp/hard/libc.a(lib_a-memset.o)
 .text          0x0000000008000384        0x0 /Applications/STMicroelectronics/STM32CubeIDE.app/Contents/Eclipse/plugins/com.st.stm32cube.ide.mcu.externaltools.gnu-arm-embedded.7-2018-q2-update.macos64_1.0.0.201904120901/tools/bin/../lib/gcc/arm-none-eabi/7.3.1/../../../../arm-none-eabi/lib/thumb/v7e-m/fpv4-sp/hard/libc.a(lib_a-__call_atexit.o)
 .text          0x0000000008000384        0x0 /Applications/STMicroelectronics/STM32CubeIDE.app/Contents/Eclipse/plugins/com.st.stm32cube.ide.mcu.externaltools.gnu-arm-embedded.7-2018-q2-update.macos64_1.0.0.201904120901/tools/bin/../lib/gcc/arm-none-eabi/7.3.1/../../../../arm-none-eabi/lib/thumb/v7e-m/fpv4-sp/hard/libc.a(lib_a-atexit.o)
 .text          0x0000000008000384        0x0 /Applications/STMicroelectronics/STM32CubeIDE.app/Contents/Eclipse/plugins/com.st.stm32cube.ide.mcu.externaltools.gnu-arm-embedded.7-2018-q2-update.macos64_1.0.0.201904120901/tools/bin/../lib/gcc/arm-none-eabi/7.3.1/../../../../arm-none-eabi/lib/thumb/v7e-m/fpv4-sp/hard/libc.a(lib_a-fini.o)
 .text          0x0000000008000384        0x0 /Applications/STMicroelectronics/STM32CubeIDE.app/Contents/Eclipse/plugins/com.st.stm32cube.ide.mcu.externaltools.gnu-arm-embedded.7-2018-q2-update.macos64_1.0.0.201904120901/tools/bin/../lib/gcc/arm-none-eabi/7.3.1/../../../../arm-none-eabi/lib/thumb/v7e-m/fpv4-sp/hard/libc.a(lib_a-lock.o)
 .text          0x0000000008000384        0x0 /Applications/STMicroelectronics/STM32CubeIDE.app/Contents/Eclipse/plugins/com.st.stm32cube.ide.mcu.externaltools.gnu-arm-embedded.7-2018-q2-update.macos64_1.0.0.201904120901/tools/bin/../lib/gcc/arm-none-eabi/7.3.1/../../../../arm-none-eabi/lib/thumb/v7e-m/fpv4-sp/hard/libc.a(lib_a-__atexit.o)
 .text          0x0000000008000384       0x30 /Applications/STMicroelectronics/STM32CubeIDE.app/Contents/Eclipse/plugins/com.st.stm32cube.ide.mcu.externaltools.gnu-arm-embedded.7-2018-q2-update.macos64_1.0.0.201904120901/tools/bin/../lib/gcc/arm-none-eabi/7.3.1/thumb/v7e-m/fpv4-sp/hard/libgcc.a(_aeabi_uldivmod.o)
                0x0000000008000384                __aeabi_uldivmod
 .text          0x00000000080003b4      0x2cc /Applications/STMicroelectronics/STM32CubeIDE.app/Contents/Eclipse/plugins/com.st.stm32cube.ide.mcu.externaltools.gnu-arm-embedded.7-2018-q2-update.macos64_1.0.0.201904120901/tools/bin/../lib/gcc/arm-none-eabi/7.3.1/thumb/v7e-m/fpv4-sp/hard/libgcc.a(_udivmoddi4.o)
                0x00000000080003b4                __udivmoddi4
 .text          0x0000000008000680        0x4 /Applications/STMicroelectronics/STM32CubeIDE.app/Contents/Eclipse/plugins/com.st.stm32cube.ide.mcu.externaltools.gnu-arm-embedded.7-2018-q2-update.macos64_1.0.0.201904120901/tools/bin/../lib/gcc/arm-none-eabi/7.3.1/thumb/v7e-m/fpv4-sp/hard/libgcc.a(_dvmd_tls.o)
                0x0000000008000680                __aeabi_ldiv0
                0x0000000008000680                __aeabi_idiv0
 .text          0x0000000008000684        0x0 /Applications/STMicroelectronics/STM32CubeIDE.app/Contents/Eclipse/plugins/com.st.stm32cube.ide.mcu.externaltools.gnu-arm-embedded.7-2018-q2-update.macos64_1.0.0.201904120901/tools/bin/../lib/gcc/arm-none-eabi/7.3.1/thumb/v7e-m/fpv4-sp/hard/crtend.o
 .text          0x0000000008000684        0x0 /Applications/STMicroelectronics/STM32CubeIDE.app/Contents/Eclipse/plugins/com.st.stm32cube.ide.mcu.externaltools.gnu-arm-embedded.7-2018-q2-update.macos64_1.0.0.201904120901/tools/bin/../lib/gcc/arm-none-eabi/7.3.1/thumb/v7e-m/fpv4-sp/hard/crtn.o
 *(.text*)
 .text.main_wait_160us
                0x0000000008000684       0x1a Core/Src/main.o
                0x0000000008000684                main_wait_160us
 .text.main_wait_20us
                0x000000000800069e       0x18 Core/Src/main.o
                0x000000000800069e                main_wait_20us
 .text.main_wait_1us
                0x00000000080006b6       0x18 Core/Src/main.o
                0x00000000080006b6                main_wait_1us
 *fill*         0x00000000080006ce        0x2 
 .text.main_get_huart_tx_state
                0x00000000080006d0       0x10 Core/Src/main.o
                0x00000000080006d0                main_get_huart_tx_state
 .text.main_transmit_buffer
                0x00000000080006e0       0x14 Core/Src/main.o
                0x00000000080006e0                main_transmit_buffer
 .text.main_stop_motors
                0x00000000080006f4       0x1c Core/Src/main.o
                0x00000000080006f4                main_stop_motors
 .text.main_set_motors_speed
                0x0000000008000710       0x70 Core/Src/main.o
                0x0000000008000710                main_set_motors_speed
 .text.main_read_sensor
                0x0000000008000780       0x6c Core/Src/main.o
                0x0000000008000780                main_read_sensor
 .text.main_write_sensor
                0x00000000080007ec       0x58 Core/Src/main.o
                0x00000000080007ec                main_write_sensor
 .text.main_write_sensor_burst
                0x0000000008000844       0x24 Core/Src/main.o
                0x0000000008000844                main_write_sensor_burst
 .text.main_read_sensor_motion_burst
                0x0000000008000868       0x18 Core/Src/main.o
                0x0000000008000868                main_read_sensor_motion_burst
 .text.main_transmit_spi
                0x0000000008000880       0x20 Core/Src/main.o
                0x0000000008000880                main_transmit_spi
 .text.TM7_IRQHandler
                0x00000000080008a0       0x10 Core/Src/main.o
                0x00000000080008a0                TM7_IRQHandler
 .text.HAL_UART_RxCpltCallback
                0x00000000080008b0      0xdac Core/Src/main.o
                0x00000000080008b0                HAL_UART_RxCpltCallback
 .text.HAL_TIM_PeriodElapsedCallback
                0x000000000800165c       0x18 Core/Src/main.o
                0x000000000800165c                HAL_TIM_PeriodElapsedCallback
 .text.SystemClock_Config
                0x0000000008001674       0x78 Core/Src/main.o
                0x0000000008001674                SystemClock_Config
 .text.main     0x00000000080016ec      0x340 Core/Src/main.o
                0x00000000080016ec                main
 .text.Error_Handler
                0x0000000008001a2c        0x2 Core/Src/main.o
                0x0000000008001a2c                Error_Handler
 *fill*         0x0000000008001a2e        0x2 
 .text.HAL_MspInit
                0x0000000008001a30       0x30 Core/Src/stm32l4xx_hal_msp.o
                0x0000000008001a30                HAL_MspInit
 .text.HAL_SPI_MspInit
                0x0000000008001a60       0x98 Core/Src/stm32l4xx_hal_msp.o
                0x0000000008001a60                HAL_SPI_MspInit
 .text.HAL_SPI_MspDeInit
                0x0000000008001af8       0x3c Core/Src/stm32l4xx_hal_msp.o
                0x0000000008001af8                HAL_SPI_MspDeInit
 .text.HAL_TIM_Base_MspInit
                0x0000000008001b34       0x60 Core/Src/stm32l4xx_hal_msp.o
                0x0000000008001b34                HAL_TIM_Base_MspInit
 .text.HAL_TIM_MspPostInit
                0x0000000008001b94       0x54 Core/Src/stm32l4xx_hal_msp.o
                0x0000000008001b94                HAL_TIM_MspPostInit
 .text.HAL_TIM_Base_MspDeInit
                0x0000000008001be8       0x3c Core/Src/stm32l4xx_hal_msp.o
                0x0000000008001be8                HAL_TIM_Base_MspDeInit
 .text.HAL_UART_MspInit
                0x0000000008001c24       0xac Core/Src/stm32l4xx_hal_msp.o
                0x0000000008001c24                HAL_UART_MspInit
 .text.HAL_UART_MspDeInit
                0x0000000008001cd0       0x38 Core/Src/stm32l4xx_hal_msp.o
                0x0000000008001cd0                HAL_UART_MspDeInit
 .text.NMI_Handler
                0x0000000008001d08        0x2 Core/Src/stm32l4xx_it.o
                0x0000000008001d08                NMI_Handler
 .text.HardFault_Handler
                0x0000000008001d0a        0x2 Core/Src/stm32l4xx_it.o
                0x0000000008001d0a                HardFault_Handler
 .text.MemManage_Handler
                0x0000000008001d0c        0x2 Core/Src/stm32l4xx_it.o
                0x0000000008001d0c                MemManage_Handler
 .text.BusFault_Handler
                0x0000000008001d0e        0x2 Core/Src/stm32l4xx_it.o
                0x0000000008001d0e                BusFault_Handler
 .text.UsageFault_Handler
                0x0000000008001d10        0x2 Core/Src/stm32l4xx_it.o
                0x0000000008001d10                UsageFault_Handler
 .text.SVC_Handler
                0x0000000008001d12        0x2 Core/Src/stm32l4xx_it.o
                0x0000000008001d12                SVC_Handler
 .text.DebugMon_Handler
                0x0000000008001d14        0x2 Core/Src/stm32l4xx_it.o
                0x0000000008001d14                DebugMon_Handler
 .text.PendSV_Handler
                0x0000000008001d16        0x2 Core/Src/stm32l4xx_it.o
                0x0000000008001d16                PendSV_Handler
 .text.SysTick_Handler
                0x0000000008001d18        0x8 Core/Src/stm32l4xx_it.o
                0x0000000008001d18                SysTick_Handler
 .text.DMA1_Channel7_IRQHandler
                0x0000000008001d20       0x10 Core/Src/stm32l4xx_it.o
                0x0000000008001d20                DMA1_Channel7_IRQHandler
 .text.USART2_IRQHandler
                0x0000000008001d30       0x10 Core/Src/stm32l4xx_it.o
                0x0000000008001d30                USART2_IRQHandler
 .text.TIM7_IRQHandler
                0x0000000008001d40       0x10 Core/Src/stm32l4xx_it.o
                0x0000000008001d40                TIM7_IRQHandler
 .text.initialise_monitor_handles
                0x0000000008001d50        0x2 Core/Src/syscalls.o
                0x0000000008001d50                initialise_monitor_handles
 .text._getpid  0x0000000008001d52        0x4 Core/Src/syscalls.o
                0x0000000008001d52                _getpid
 .text._kill    0x0000000008001d56       0x10 Core/Src/syscalls.o
                0x0000000008001d56                _kill
 .text._exit    0x0000000008001d66        0xc Core/Src/syscalls.o
                0x0000000008001d66                _exit
 .text._read    0x0000000008001d72       0x1a Core/Src/syscalls.o
                0x0000000008001d72                _read
 .text._write   0x0000000008001d8c       0x1a Core/Src/syscalls.o
                0x0000000008001d8c                _write
 .text._close   0x0000000008001da6        0x6 Core/Src/syscalls.o
                0x0000000008001da6                _close
 .text._fstat   0x0000000008001dac        0xa Core/Src/syscalls.o
                0x0000000008001dac                _fstat
 .text._isatty  0x0000000008001db6        0x4 Core/Src/syscalls.o
                0x0000000008001db6                _isatty
 .text._lseek   0x0000000008001dba        0x4 Core/Src/syscalls.o
                0x0000000008001dba                _lseek
 .text._open    0x0000000008001dbe        0xa Core/Src/syscalls.o
                0x0000000008001dbe                _open
 .text._wait    0x0000000008001dc8       0x10 Core/Src/syscalls.o
                0x0000000008001dc8                _wait
 .text._unlink  0x0000000008001dd8       0x10 Core/Src/syscalls.o
                0x0000000008001dd8                _unlink
 .text._times   0x0000000008001de8        0x6 Core/Src/syscalls.o
                0x0000000008001de8                _times
 .text._stat    0x0000000008001dee        0xa Core/Src/syscalls.o
                0x0000000008001dee                _stat
 .text._link    0x0000000008001df8       0x10 Core/Src/syscalls.o
                0x0000000008001df8                _link
 .text._fork    0x0000000008001e08       0x10 Core/Src/syscalls.o
                0x0000000008001e08                _fork
 .text._execve  0x0000000008001e18       0x10 Core/Src/syscalls.o
                0x0000000008001e18                _execve
 .text._sbrk    0x0000000008001e28       0x3c Core/Src/sysmem.o
                0x0000000008001e28                _sbrk
 .text.SystemInit
                0x0000000008001e64       0x48 Core/Src/system_stm32l4xx.o
                0x0000000008001e64                SystemInit
 .text.SystemCoreClockUpdate
                0x0000000008001eac       0xd4 Core/Src/system_stm32l4xx.o
                0x0000000008001eac                SystemCoreClockUpdate
 .text.Reset_Handler
                0x0000000008001f80       0x50 Core/Startup/startup_stm32l476rgtx.o
                0x0000000008001f80                Reset_Handler
 .text.Default_Handler
                0x0000000008001fd0        0x2 Core/Startup/startup_stm32l476rgtx.o
                0x0000000008001fd0                TIM1_BRK_TIM15_IRQHandler
                0x0000000008001fd0                EXTI2_IRQHandler
                0x0000000008001fd0                TIM8_TRG_COM_IRQHandler
                0x0000000008001fd0                TIM8_CC_IRQHandler
                0x0000000008001fd0                TIM1_CC_IRQHandler
                0x0000000008001fd0                TSC_IRQHandler
                0x0000000008001fd0                TAMP_STAMP_IRQHandler
                0x0000000008001fd0                EXTI3_IRQHandler
                0x0000000008001fd0                LPTIM2_IRQHandler
                0x0000000008001fd0                DFSDM1_FLT1_IRQHandler
                0x0000000008001fd0                I2C3_ER_IRQHandler
                0x0000000008001fd0                DFSDM1_FLT2_IRQHandler
                0x0000000008001fd0                EXTI0_IRQHandler
                0x0000000008001fd0                I2C2_EV_IRQHandler
                0x0000000008001fd0                CAN1_RX0_IRQHandler
                0x0000000008001fd0                FPU_IRQHandler
                0x0000000008001fd0                TIM1_UP_TIM16_IRQHandler
                0x0000000008001fd0                ADC1_2_IRQHandler
                0x0000000008001fd0                SPI1_IRQHandler
                0x0000000008001fd0                TIM6_DAC_IRQHandler
                0x0000000008001fd0                TIM8_UP_IRQHandler
                0x0000000008001fd0                DMA2_Channel2_IRQHandler
                0x0000000008001fd0                DMA1_Channel4_IRQHandler
                0x0000000008001fd0                SAI2_IRQHandler
                0x0000000008001fd0                DFSDM1_FLT3_IRQHandler
                0x0000000008001fd0                USART3_IRQHandler
                0x0000000008001fd0                CAN1_RX1_IRQHandler
                0x0000000008001fd0                LCD_IRQHandler
                0x0000000008001fd0                UART5_IRQHandler
                0x0000000008001fd0                ADC3_IRQHandler
                0x0000000008001fd0                TIM4_IRQHandler
                0x0000000008001fd0                DMA2_Channel1_IRQHandler
                0x0000000008001fd0                QUADSPI_IRQHandler
                0x0000000008001fd0                I2C1_EV_IRQHandler
                0x0000000008001fd0                DMA1_Channel6_IRQHandler
                0x0000000008001fd0                UART4_IRQHandler
                0x0000000008001fd0                DMA2_Channel4_IRQHandler
                0x0000000008001fd0                TIM3_IRQHandler
                0x0000000008001fd0                RCC_IRQHandler
                0x0000000008001fd0                DMA1_Channel1_IRQHandler
                0x0000000008001fd0                Default_Handler
                0x0000000008001fd0                DMA2_Channel7_IRQHandler
                0x0000000008001fd0                EXTI15_10_IRQHandler
                0x0000000008001fd0                SDMMC1_IRQHandler
                0x0000000008001fd0                TIM5_IRQHandler
                0x0000000008001fd0                I2C3_EV_IRQHandler
                0x0000000008001fd0                EXTI9_5_IRQHandler
                0x0000000008001fd0                RTC_WKUP_IRQHandler
                0x0000000008001fd0                PVD_PVM_IRQHandler
                0x0000000008001fd0                SPI2_IRQHandler
                0x0000000008001fd0                CAN1_TX_IRQHandler
                0x0000000008001fd0                DMA2_Channel5_IRQHandler
                0x0000000008001fd0                DMA1_Channel5_IRQHandler
                0x0000000008001fd0                EXTI4_IRQHandler
                0x0000000008001fd0                RNG_IRQHandler
                0x0000000008001fd0                TIM1_TRG_COM_TIM17_IRQHandler
                0x0000000008001fd0                DMA1_Channel3_IRQHandler
                0x0000000008001fd0                COMP_IRQHandler
                0x0000000008001fd0                WWDG_IRQHandler
                0x0000000008001fd0                LPUART1_IRQHandler
                0x0000000008001fd0                DMA2_Channel6_IRQHandler
                0x0000000008001fd0                TIM2_IRQHandler
                0x0000000008001fd0                EXTI1_IRQHandler
                0x0000000008001fd0                DFSDM1_FLT0_IRQHandler
                0x0000000008001fd0                I2C2_ER_IRQHandler
                0x0000000008001fd0                DMA1_Channel2_IRQHandler
                0x0000000008001fd0                TIM8_BRK_IRQHandler
                0x0000000008001fd0                CAN1_SCE_IRQHandler
                0x0000000008001fd0                FLASH_IRQHandler
                0x0000000008001fd0                USART1_IRQHandler
                0x0000000008001fd0                OTG_FS_IRQHandler
                0x0000000008001fd0                SPI3_IRQHandler
                0x0000000008001fd0                I2C1_ER_IRQHandler
                0x0000000008001fd0                FMC_IRQHandler
                0x0000000008001fd0                SWPMI1_IRQHandler
                0x0000000008001fd0                LPTIM1_IRQHandler
                0x0000000008001fd0                SAI1_IRQHandler
                0x0000000008001fd0                DMA2_Channel3_IRQHandler
                0x0000000008001fd0                RTC_Alarm_IRQHandler
 .text.HAL_MspInit
                0x0000000008001fd2        0x2 Drivers/STM32L4xx_HAL_Driver/Src/stm32l4xx_hal.o
 .text.HAL_MspDeInit
                0x0000000008001fd4        0x2 Drivers/STM32L4xx_HAL_Driver/Src/stm32l4xx_hal.o
                0x0000000008001fd4                HAL_MspDeInit
 *fill*         0x0000000008001fd6        0x2 
 .text.HAL_DeInit
                0x0000000008001fd8       0x2c Drivers/STM32L4xx_HAL_Driver/Src/stm32l4xx_hal.o
                0x0000000008001fd8                HAL_DeInit
 .text.HAL_InitTick
                0x0000000008002004       0x50 Drivers/STM32L4xx_HAL_Driver/Src/stm32l4xx_hal.o
                0x0000000008002004                HAL_InitTick
 .text.HAL_Init
                0x0000000008002054       0x2c Drivers/STM32L4xx_HAL_Driver/Src/stm32l4xx_hal.o
                0x0000000008002054                HAL_Init
 .text.HAL_IncTick
                0x0000000008002080       0x18 Drivers/STM32L4xx_HAL_Driver/Src/stm32l4xx_hal.o
                0x0000000008002080                HAL_IncTick
 .text.HAL_GetTick
                0x0000000008002098        0xc Drivers/STM32L4xx_HAL_Driver/Src/stm32l4xx_hal.o
                0x0000000008002098                HAL_GetTick
 .text.HAL_GetTickPrio
                0x00000000080020a4        0xc Drivers/STM32L4xx_HAL_Driver/Src/stm32l4xx_hal.o
                0x00000000080020a4                HAL_GetTickPrio
 .text.HAL_SetTickFreq
                0x00000000080020b0       0x30 Drivers/STM32L4xx_HAL_Driver/Src/stm32l4xx_hal.o
                0x00000000080020b0                HAL_SetTickFreq
 .text.HAL_GetTickFreq
                0x00000000080020e0        0xc Drivers/STM32L4xx_HAL_Driver/Src/stm32l4xx_hal.o
                0x00000000080020e0                HAL_GetTickFreq
 .text.HAL_Delay
                0x00000000080020ec       0x28 Drivers/STM32L4xx_HAL_Driver/Src/stm32l4xx_hal.o
                0x00000000080020ec                HAL_Delay
 .text.HAL_SuspendTick
                0x0000000008002114       0x10 Drivers/STM32L4xx_HAL_Driver/Src/stm32l4xx_hal.o
                0x0000000008002114                HAL_SuspendTick
 .text.HAL_ResumeTick
                0x0000000008002124       0x10 Drivers/STM32L4xx_HAL_Driver/Src/stm32l4xx_hal.o
                0x0000000008002124                HAL_ResumeTick
 .text.HAL_GetHalVersion
                0x0000000008002134        0x6 Drivers/STM32L4xx_HAL_Driver/Src/stm32l4xx_hal.o
                0x0000000008002134                HAL_GetHalVersion
 *fill*         0x000000000800213a        0x2 
 .text.HAL_GetREVID
                0x000000000800213c        0xc Drivers/STM32L4xx_HAL_Driver/Src/stm32l4xx_hal.o
                0x000000000800213c                HAL_GetREVID
 .text.HAL_GetDEVID
                0x0000000008002148       0x10 Drivers/STM32L4xx_HAL_Driver/Src/stm32l4xx_hal.o
                0x0000000008002148                HAL_GetDEVID
 .text.HAL_GetUIDw0
                0x0000000008002158        0xc Drivers/STM32L4xx_HAL_Driver/Src/stm32l4xx_hal.o
                0x0000000008002158                HAL_GetUIDw0
 .text.HAL_GetUIDw1
                0x0000000008002164        0xc Drivers/STM32L4xx_HAL_Driver/Src/stm32l4xx_hal.o
                0x0000000008002164                HAL_GetUIDw1
 .text.HAL_GetUIDw2
                0x0000000008002170        0xc Drivers/STM32L4xx_HAL_Driver/Src/stm32l4xx_hal.o
                0x0000000008002170                HAL_GetUIDw2
 .text.HAL_DBGMCU_EnableDBGSleepMode
                0x000000000800217c       0x10 Drivers/STM32L4xx_HAL_Driver/Src/stm32l4xx_hal.o
                0x000000000800217c                HAL_DBGMCU_EnableDBGSleepMode
 .text.HAL_DBGMCU_DisableDBGSleepMode
                0x000000000800218c       0x10 Drivers/STM32L4xx_HAL_Driver/Src/stm32l4xx_hal.o
                0x000000000800218c                HAL_DBGMCU_DisableDBGSleepMode
 .text.HAL_DBGMCU_EnableDBGStopMode
                0x000000000800219c       0x10 Drivers/STM32L4xx_HAL_Driver/Src/stm32l4xx_hal.o
                0x000000000800219c                HAL_DBGMCU_EnableDBGStopMode
 .text.HAL_DBGMCU_DisableDBGStopMode
                0x00000000080021ac       0x10 Drivers/STM32L4xx_HAL_Driver/Src/stm32l4xx_hal.o
                0x00000000080021ac                HAL_DBGMCU_DisableDBGStopMode
 .text.HAL_DBGMCU_EnableDBGStandbyMode
                0x00000000080021bc       0x10 Drivers/STM32L4xx_HAL_Driver/Src/stm32l4xx_hal.o
                0x00000000080021bc                HAL_DBGMCU_EnableDBGStandbyMode
 .text.HAL_DBGMCU_DisableDBGStandbyMode
                0x00000000080021cc       0x10 Drivers/STM32L4xx_HAL_Driver/Src/stm32l4xx_hal.o
                0x00000000080021cc                HAL_DBGMCU_DisableDBGStandbyMode
 .text.HAL_SYSCFG_SRAM2Erase
                0x00000000080021dc       0x1c Drivers/STM32L4xx_HAL_Driver/Src/stm32l4xx_hal.o
                0x00000000080021dc                HAL_SYSCFG_SRAM2Erase
 .text.HAL_SYSCFG_EnableMemorySwappingBank
                0x00000000080021f8        0xc Drivers/STM32L4xx_HAL_Driver/Src/stm32l4xx_hal.o
                0x00000000080021f8                HAL_SYSCFG_EnableMemorySwappingBank
 .text.HAL_SYSCFG_DisableMemorySwappingBank
                0x0000000008002204        0xc Drivers/STM32L4xx_HAL_Driver/Src/stm32l4xx_hal.o
                0x0000000008002204                HAL_SYSCFG_DisableMemorySwappingBank
 .text.HAL_SYSCFG_VREFBUF_VoltageScalingConfig
                0x0000000008002210       0x14 Drivers/STM32L4xx_HAL_Driver/Src/stm32l4xx_hal.o
                0x0000000008002210                HAL_SYSCFG_VREFBUF_VoltageScalingConfig
 .text.HAL_SYSCFG_VREFBUF_HighImpedanceConfig
                0x0000000008002224       0x14 Drivers/STM32L4xx_HAL_Driver/Src/stm32l4xx_hal.o
                0x0000000008002224                HAL_SYSCFG_VREFBUF_HighImpedanceConfig
 .text.HAL_SYSCFG_VREFBUF_TrimmingConfig
                0x0000000008002238       0x14 Drivers/STM32L4xx_HAL_Driver/Src/stm32l4xx_hal.o
                0x0000000008002238                HAL_SYSCFG_VREFBUF_TrimmingConfig
 .text.HAL_SYSCFG_EnableVREFBUF
                0x000000000800224c       0x34 Drivers/STM32L4xx_HAL_Driver/Src/stm32l4xx_hal.o
                0x000000000800224c                HAL_SYSCFG_EnableVREFBUF
 .text.HAL_SYSCFG_DisableVREFBUF
                0x0000000008002280       0x10 Drivers/STM32L4xx_HAL_Driver/Src/stm32l4xx_hal.o
                0x0000000008002280                HAL_SYSCFG_DisableVREFBUF
 .text.HAL_SYSCFG_EnableIOAnalogSwitchBooster
                0x0000000008002290       0x10 Drivers/STM32L4xx_HAL_Driver/Src/stm32l4xx_hal.o
                0x0000000008002290                HAL_SYSCFG_EnableIOAnalogSwitchBooster
 .text.HAL_SYSCFG_DisableIOAnalogSwitchBooster
                0x00000000080022a0       0x10 Drivers/STM32L4xx_HAL_Driver/Src/stm32l4xx_hal.o
                0x00000000080022a0                HAL_SYSCFG_DisableIOAnalogSwitchBooster
 .text.HAL_NVIC_SetPriorityGrouping
                0x00000000080022b0       0x24 Drivers/STM32L4xx_HAL_Driver/Src/stm32l4xx_hal_cortex.o
                0x00000000080022b0                HAL_NVIC_SetPriorityGrouping
 .text.HAL_NVIC_SetPriority
                0x00000000080022d4       0x64 Drivers/STM32L4xx_HAL_Driver/Src/stm32l4xx_hal_cortex.o
                0x00000000080022d4                HAL_NVIC_SetPriority
 .text.HAL_NVIC_EnableIRQ
                0x0000000008002338       0x1c Drivers/STM32L4xx_HAL_Driver/Src/stm32l4xx_hal_cortex.o
                0x0000000008002338                HAL_NVIC_EnableIRQ
 .text.HAL_NVIC_DisableIRQ
                0x0000000008002354       0x28 Drivers/STM32L4xx_HAL_Driver/Src/stm32l4xx_hal_cortex.o
                0x0000000008002354                HAL_NVIC_DisableIRQ
 .text.HAL_NVIC_SystemReset
                0x000000000800237c       0x24 Drivers/STM32L4xx_HAL_Driver/Src/stm32l4xx_hal_cortex.o
                0x000000000800237c                HAL_NVIC_SystemReset
 .text.HAL_SYSTICK_Config
                0x00000000080023a0       0x2c Drivers/STM32L4xx_HAL_Driver/Src/stm32l4xx_hal_cortex.o
                0x00000000080023a0                HAL_SYSTICK_Config
 .text.HAL_NVIC_GetPriorityGrouping
                0x00000000080023cc       0x10 Drivers/STM32L4xx_HAL_Driver/Src/stm32l4xx_hal_cortex.o
                0x00000000080023cc                HAL_NVIC_GetPriorityGrouping
 .text.HAL_NVIC_GetPriority
                0x00000000080023dc       0x5c Drivers/STM32L4xx_HAL_Driver/Src/stm32l4xx_hal_cortex.o
                0x00000000080023dc                HAL_NVIC_GetPriority
 .text.HAL_NVIC_SetPendingIRQ
                0x0000000008002438       0x20 Drivers/STM32L4xx_HAL_Driver/Src/stm32l4xx_hal_cortex.o
                0x0000000008002438                HAL_NVIC_SetPendingIRQ
 .text.HAL_NVIC_GetPendingIRQ
                0x0000000008002458       0x24 Drivers/STM32L4xx_HAL_Driver/Src/stm32l4xx_hal_cortex.o
                0x0000000008002458                HAL_NVIC_GetPendingIRQ
 .text.HAL_NVIC_ClearPendingIRQ
                0x000000000800247c       0x20 Drivers/STM32L4xx_HAL_Driver/Src/stm32l4xx_hal_cortex.o
                0x000000000800247c                HAL_NVIC_ClearPendingIRQ
 .text.HAL_NVIC_GetActive
                0x000000000800249c       0x24 Drivers/STM32L4xx_HAL_Driver/Src/stm32l4xx_hal_cortex.o
                0x000000000800249c                HAL_NVIC_GetActive
 .text.HAL_SYSTICK_CLKSourceConfig
                0x00000000080024c0       0x18 Drivers/STM32L4xx_HAL_Driver/Src/stm32l4xx_hal_cortex.o
                0x00000000080024c0                HAL_SYSTICK_CLKSourceConfig
 .text.HAL_SYSTICK_Callback
                0x00000000080024d8        0x2 Drivers/STM32L4xx_HAL_Driver/Src/stm32l4xx_hal_cortex.o
                0x00000000080024d8                HAL_SYSTICK_Callback
 .text.HAL_SYSTICK_IRQHandler
                0x00000000080024da        0x8 Drivers/STM32L4xx_HAL_Driver/Src/stm32l4xx_hal_cortex.o
                0x00000000080024da                HAL_SYSTICK_IRQHandler
 *fill*         0x00000000080024e2        0x2 
 .text.HAL_MPU_Disable
                0x00000000080024e4       0x20 Drivers/STM32L4xx_HAL_Driver/Src/stm32l4xx_hal_cortex.o
                0x00000000080024e4                HAL_MPU_Disable
 .text.HAL_MPU_Enable
                0x0000000008002504       0x24 Drivers/STM32L4xx_HAL_Driver/Src/stm32l4xx_hal_cortex.o
                0x0000000008002504                HAL_MPU_Enable
 .text.HAL_MPU_ConfigRegion
                0x0000000008002528       0x54 Drivers/STM32L4xx_HAL_Driver/Src/stm32l4xx_hal_cortex.o
                0x0000000008002528                HAL_MPU_ConfigRegion
 .text.HAL_DMA_Init
                0x000000000800257c       0xd8 Drivers/STM32L4xx_HAL_Driver/Src/stm32l4xx_hal_dma.o
                0x000000000800257c                HAL_DMA_Init
 .text.HAL_DMA_DeInit
                0x0000000008002654       0xb4 Drivers/STM32L4xx_HAL_Driver/Src/stm32l4xx_hal_dma.o
                0x0000000008002654                HAL_DMA_DeInit
 .text.HAL_DMA_Start
                0x0000000008002708       0x76 Drivers/STM32L4xx_HAL_Driver/Src/stm32l4xx_hal_dma.o
                0x0000000008002708                HAL_DMA_Start
 .text.HAL_DMA_Start_IT
                0x000000000800277e       0x9a Drivers/STM32L4xx_HAL_Driver/Src/stm32l4xx_hal_dma.o
                0x000000000800277e                HAL_DMA_Start_IT
 .text.HAL_DMA_Abort
                0x0000000008002818       0x4a Drivers/STM32L4xx_HAL_Driver/Src/stm32l4xx_hal_dma.o
                0x0000000008002818                HAL_DMA_Abort
 .text.HAL_DMA_Abort_IT
                0x0000000008002862       0x50 Drivers/STM32L4xx_HAL_Driver/Src/stm32l4xx_hal_dma.o
                0x0000000008002862                HAL_DMA_Abort_IT
 .text.HAL_DMA_PollForTransfer
                0x00000000080028b2       0xe0 Drivers/STM32L4xx_HAL_Driver/Src/stm32l4xx_hal_dma.o
                0x00000000080028b2                HAL_DMA_PollForTransfer
 .text.HAL_DMA_IRQHandler
                0x0000000008002992       0xc4 Drivers/STM32L4xx_HAL_Driver/Src/stm32l4xx_hal_dma.o
                0x0000000008002992                HAL_DMA_IRQHandler
 .text.HAL_DMA_RegisterCallback
                0x0000000008002a56       0x50 Drivers/STM32L4xx_HAL_Driver/Src/stm32l4xx_hal_dma.o
                0x0000000008002a56                HAL_DMA_RegisterCallback
 .text.HAL_DMA_UnRegisterCallback
                0x0000000008002aa6       0x5e Drivers/STM32L4xx_HAL_Driver/Src/stm32l4xx_hal_dma.o
                0x0000000008002aa6                HAL_DMA_UnRegisterCallback
 .text.HAL_DMA_GetState
                0x0000000008002b04        0x6 Drivers/STM32L4xx_HAL_Driver/Src/stm32l4xx_hal_dma.o
                0x0000000008002b04                HAL_DMA_GetState
 .text.HAL_DMA_GetError
                0x0000000008002b0a        0x4 Drivers/STM32L4xx_HAL_Driver/Src/stm32l4xx_hal_dma.o
                0x0000000008002b0a                HAL_DMA_GetError
 *fill*         0x0000000008002b0e        0x2 
 .text.HAL_EXTI_SetConfigLine
                0x0000000008002b10       0xd0 Drivers/STM32L4xx_HAL_Driver/Src/stm32l4xx_hal_exti.o
                0x0000000008002b10                HAL_EXTI_SetConfigLine
 .text.HAL_EXTI_GetConfigLine
                0x0000000008002be0       0xb4 Drivers/STM32L4xx_HAL_Driver/Src/stm32l4xx_hal_exti.o
                0x0000000008002be0                HAL_EXTI_GetConfigLine
 .text.HAL_EXTI_ClearConfigLine
                0x0000000008002c94       0x90 Drivers/STM32L4xx_HAL_Driver/Src/stm32l4xx_hal_exti.o
                0x0000000008002c94                HAL_EXTI_ClearConfigLine
 .text.HAL_EXTI_RegisterCallback
                0x0000000008002d24        0xc Drivers/STM32L4xx_HAL_Driver/Src/stm32l4xx_hal_exti.o
                0x0000000008002d24                HAL_EXTI_RegisterCallback
 .text.HAL_EXTI_GetHandle
                0x0000000008002d30        0xc Drivers/STM32L4xx_HAL_Driver/Src/stm32l4xx_hal_exti.o
                0x0000000008002d30                HAL_EXTI_GetHandle
 .text.HAL_EXTI_IRQHandler
                0x0000000008002d3c       0x28 Drivers/STM32L4xx_HAL_Driver/Src/stm32l4xx_hal_exti.o
                0x0000000008002d3c                HAL_EXTI_IRQHandler
 .text.HAL_EXTI_GetPending
                0x0000000008002d64       0x20 Drivers/STM32L4xx_HAL_Driver/Src/stm32l4xx_hal_exti.o
                0x0000000008002d64                HAL_EXTI_GetPending
 .text.HAL_EXTI_ClearPending
                0x0000000008002d84       0x1c Drivers/STM32L4xx_HAL_Driver/Src/stm32l4xx_hal_exti.o
                0x0000000008002d84                HAL_EXTI_ClearPending
 .text.HAL_EXTI_GenerateSWI
                0x0000000008002da0       0x1c Drivers/STM32L4xx_HAL_Driver/Src/stm32l4xx_hal_exti.o
                0x0000000008002da0                HAL_EXTI_GenerateSWI
 .text.FLASH_Program_Fast
                0x0000000008002dbc       0x30 Drivers/STM32L4xx_HAL_Driver/Src/stm32l4xx_hal_flash.o
 .text.HAL_FLASH_Program_IT
                0x0000000008002dec       0x98 Drivers/STM32L4xx_HAL_Driver/Src/stm32l4xx_hal_flash.o
                0x0000000008002dec                HAL_FLASH_Program_IT
 .text.HAL_FLASH_EndOfOperationCallback
                0x0000000008002e84        0x2 Drivers/STM32L4xx_HAL_Driver/Src/stm32l4xx_hal_flash.o
                0x0000000008002e84                HAL_FLASH_EndOfOperationCallback
 .text.HAL_FLASH_OperationErrorCallback
                0x0000000008002e86        0x2 Drivers/STM32L4xx_HAL_Driver/Src/stm32l4xx_hal_flash.o
                0x0000000008002e86                HAL_FLASH_OperationErrorCallback
 .text.HAL_FLASH_IRQHandler
                0x0000000008002e88      0x14c Drivers/STM32L4xx_HAL_Driver/Src/stm32l4xx_hal_flash.o
                0x0000000008002e88                HAL_FLASH_IRQHandler
 .text.HAL_FLASH_Unlock
                0x0000000008002fd4       0x28 Drivers/STM32L4xx_HAL_Driver/Src/stm32l4xx_hal_flash.o
                0x0000000008002fd4                HAL_FLASH_Unlock
 .text.HAL_FLASH_Lock
                0x0000000008002ffc       0x14 Drivers/STM32L4xx_HAL_Driver/Src/stm32l4xx_hal_flash.o
                0x0000000008002ffc                HAL_FLASH_Lock
 .text.HAL_FLASH_OB_Unlock
                0x0000000008003010       0x28 Drivers/STM32L4xx_HAL_Driver/Src/stm32l4xx_hal_flash.o
                0x0000000008003010                HAL_FLASH_OB_Unlock
 .text.HAL_FLASH_OB_Lock
                0x0000000008003038       0x14 Drivers/STM32L4xx_HAL_Driver/Src/stm32l4xx_hal_flash.o
                0x0000000008003038                HAL_FLASH_OB_Lock
 .text.HAL_FLASH_GetError
                0x000000000800304c        0xc Drivers/STM32L4xx_HAL_Driver/Src/stm32l4xx_hal_flash.o
                0x000000000800304c                HAL_FLASH_GetError
 .text.FLASH_WaitForLastOperation
                0x0000000008003058       0x8c Drivers/STM32L4xx_HAL_Driver/Src/stm32l4xx_hal_flash.o
                0x0000000008003058                FLASH_WaitForLastOperation
 .text.HAL_FLASH_Program
                0x00000000080030e4       0xbc Drivers/STM32L4xx_HAL_Driver/Src/stm32l4xx_hal_flash.o
                0x00000000080030e4                HAL_FLASH_Program
 .text.HAL_FLASH_OB_Launch
                0x00000000080031a0       0x1c Drivers/STM32L4xx_HAL_Driver/Src/stm32l4xx_hal_flash.o
                0x00000000080031a0                HAL_FLASH_OB_Launch
 .text.FLASH_MassErase
                0x00000000080031bc       0x30 Drivers/STM32L4xx_HAL_Driver/Src/stm32l4xx_hal_flash_ex.o
 .text.HAL_FLASHEx_OBProgram
                0x00000000080031ec      0x33c Drivers/STM32L4xx_HAL_Driver/Src/stm32l4xx_hal_flash_ex.o
                0x00000000080031ec                HAL_FLASHEx_OBProgram
 .text.HAL_FLASHEx_OBGetConfig
                0x0000000008003528      0x168 Drivers/STM32L4xx_HAL_Driver/Src/stm32l4xx_hal_flash_ex.o
                0x0000000008003528                HAL_FLASHEx_OBGetConfig
 .text.FLASH_PageErase
                0x0000000008003690       0x3c Drivers/STM32L4xx_HAL_Driver/Src/stm32l4xx_hal_flash_ex.o
                0x0000000008003690                FLASH_PageErase
 .text.HAL_FLASHEx_Erase_IT
                0x00000000080036cc       0xb8 Drivers/STM32L4xx_HAL_Driver/Src/stm32l4xx_hal_flash_ex.o
                0x00000000080036cc                HAL_FLASHEx_Erase_IT
 .text.FLASH_FlushCaches
                0x0000000008003784       0x60 Drivers/STM32L4xx_HAL_Driver/Src/stm32l4xx_hal_flash_ex.o
                0x0000000008003784                FLASH_FlushCaches
 .text.HAL_FLASHEx_Erase
                0x00000000080037e4      0x10c Drivers/STM32L4xx_HAL_Driver/Src/stm32l4xx_hal_flash_ex.o
                0x00000000080037e4                HAL_FLASHEx_Erase
 .text.HAL_GPIO_Init
                0x00000000080038f0      0x1ec Drivers/STM32L4xx_HAL_Driver/Src/stm32l4xx_hal_gpio.o
                0x00000000080038f0                HAL_GPIO_Init
 .text.HAL_GPIO_DeInit
                0x0000000008003adc      0x140 Drivers/STM32L4xx_HAL_Driver/Src/stm32l4xx_hal_gpio.o
                0x0000000008003adc                HAL_GPIO_DeInit
 .text.HAL_GPIO_ReadPin
                0x0000000008003c1c        0xc Drivers/STM32L4xx_HAL_Driver/Src/stm32l4xx_hal_gpio.o
                0x0000000008003c1c                HAL_GPIO_ReadPin
 .text.HAL_GPIO_WritePin
                0x0000000008003c28        0xa Drivers/STM32L4xx_HAL_Driver/Src/stm32l4xx_hal_gpio.o
                0x0000000008003c28                HAL_GPIO_WritePin
 .text.HAL_GPIO_TogglePin
                0x0000000008003c32        0xc Drivers/STM32L4xx_HAL_Driver/Src/stm32l4xx_hal_gpio.o
                0x0000000008003c32                HAL_GPIO_TogglePin
 .text.HAL_GPIO_LockPin
                0x0000000008003c3e       0x2a Drivers/STM32L4xx_HAL_Driver/Src/stm32l4xx_hal_gpio.o
                0x0000000008003c3e                HAL_GPIO_LockPin
 .text.HAL_GPIO_EXTI_Callback
                0x0000000008003c68        0x2 Drivers/STM32L4xx_HAL_Driver/Src/stm32l4xx_hal_gpio.o
                0x0000000008003c68                HAL_GPIO_EXTI_Callback
 *fill*         0x0000000008003c6a        0x2 
 .text.HAL_GPIO_EXTI_IRQHandler
                0x0000000008003c6c       0x1c Drivers/STM32L4xx_HAL_Driver/Src/stm32l4xx_hal_gpio.o
                0x0000000008003c6c                HAL_GPIO_EXTI_IRQHandler
 .text.I2C_Flush_TXDR
                0x0000000008003c88       0x22 Drivers/STM32L4xx_HAL_Driver/Src/stm32l4xx_hal_i2c.o
 .text.I2C_TransferConfig
                0x0000000008003caa       0x36 Drivers/STM32L4xx_HAL_Driver/Src/stm32l4xx_hal_i2c.o
 .text.I2C_Enable_IRQ
                0x0000000008003ce0       0x74 Drivers/STM32L4xx_HAL_Driver/Src/stm32l4xx_hal_i2c.o
 .text.I2C_Disable_IRQ
                0x0000000008003d54       0x62 Drivers/STM32L4xx_HAL_Driver/Src/stm32l4xx_hal_i2c.o
 .text.I2C_ConvertOtherXferOptions
                0x0000000008003db6       0x1c Drivers/STM32L4xx_HAL_Driver/Src/stm32l4xx_hal_i2c.o
 .text.I2C_IsAcknowledgeFailed
                0x0000000008003dd2       0x90 Drivers/STM32L4xx_HAL_Driver/Src/stm32l4xx_hal_i2c.o
 .text.I2C_WaitOnTXISFlagUntilTimeout
                0x0000000008003e62       0x56 Drivers/STM32L4xx_HAL_Driver/Src/stm32l4xx_hal_i2c.o
 .text.I2C_WaitOnFlagUntilTimeout
                0x0000000008003eb8       0x52 Drivers/STM32L4xx_HAL_Driver/Src/stm32l4xx_hal_i2c.o
 *fill*         0x0000000008003f0a        0x2 
 .text.I2C_RequestMemoryWrite
                0x0000000008003f0c       0x70 Drivers/STM32L4xx_HAL_Driver/Src/stm32l4xx_hal_i2c.o
 .text.I2C_RequestMemoryRead
                0x0000000008003f7c       0x6c Drivers/STM32L4xx_HAL_Driver/Src/stm32l4xx_hal_i2c.o
 .text.I2C_WaitOnSTOPFlagUntilTimeout
                0x0000000008003fe8       0x50 Drivers/STM32L4xx_HAL_Driver/Src/stm32l4xx_hal_i2c.o
 .text.I2C_WaitOnRXNEFlagUntilTimeout
                0x0000000008004038       0x98 Drivers/STM32L4xx_HAL_Driver/Src/stm32l4xx_hal_i2c.o
 .text.HAL_I2C_MspInit
                0x00000000080040d0        0x2 Drivers/STM32L4xx_HAL_Driver/Src/stm32l4xx_hal_i2c.o
                0x00000000080040d0                HAL_I2C_MspInit
 .text.HAL_I2C_Init
                0x00000000080040d2       0xb4 Drivers/STM32L4xx_HAL_Driver/Src/stm32l4xx_hal_i2c.o
                0x00000000080040d2                HAL_I2C_Init
 .text.HAL_I2C_MspDeInit
                0x0000000008004186        0x2 Drivers/STM32L4xx_HAL_Driver/Src/stm32l4xx_hal_i2c.o
                0x0000000008004186                HAL_I2C_MspDeInit
 .text.HAL_I2C_DeInit
                0x0000000008004188       0x32 Drivers/STM32L4xx_HAL_Driver/Src/stm32l4xx_hal_i2c.o
                0x0000000008004188                HAL_I2C_DeInit
 *fill*         0x00000000080041ba        0x2 
 .text.HAL_I2C_Master_Transmit
                0x00000000080041bc      0x180 Drivers/STM32L4xx_HAL_Driver/Src/stm32l4xx_hal_i2c.o
                0x00000000080041bc                HAL_I2C_Master_Transmit
 .text.HAL_I2C_Master_Receive
                0x000000000800433c      0x180 Drivers/STM32L4xx_HAL_Driver/Src/stm32l4xx_hal_i2c.o
                0x000000000800433c                HAL_I2C_Master_Receive
 .text.HAL_I2C_Slave_Transmit
                0x00000000080044bc      0x192 Drivers/STM32L4xx_HAL_Driver/Src/stm32l4xx_hal_i2c.o
                0x00000000080044bc                HAL_I2C_Slave_Transmit
 .text.HAL_I2C_Slave_Receive
                0x000000000800464e      0x170 Drivers/STM32L4xx_HAL_Driver/Src/stm32l4xx_hal_i2c.o
                0x000000000800464e                HAL_I2C_Slave_Receive
 *fill*         0x00000000080047be        0x2 
 .text.HAL_I2C_Master_Transmit_IT
                0x00000000080047c0       0x98 Drivers/STM32L4xx_HAL_Driver/Src/stm32l4xx_hal_i2c.o
                0x00000000080047c0                HAL_I2C_Master_Transmit_IT
 .text.HAL_I2C_Master_Receive_IT
                0x0000000008004858       0x98 Drivers/STM32L4xx_HAL_Driver/Src/stm32l4xx_hal_i2c.o
                0x0000000008004858                HAL_I2C_Master_Receive_IT
 .text.HAL_I2C_Slave_Transmit_IT
                0x00000000080048f0       0x64 Drivers/STM32L4xx_HAL_Driver/Src/stm32l4xx_hal_i2c.o
                0x00000000080048f0                HAL_I2C_Slave_Transmit_IT
 .text.HAL_I2C_Slave_Receive_IT
                0x0000000008004954       0x64 Drivers/STM32L4xx_HAL_Driver/Src/stm32l4xx_hal_i2c.o
                0x0000000008004954                HAL_I2C_Slave_Receive_IT
 .text.HAL_I2C_Master_Transmit_DMA
                0x00000000080049b8      0x150 Drivers/STM32L4xx_HAL_Driver/Src/stm32l4xx_hal_i2c.o
                0x00000000080049b8                HAL_I2C_Master_Transmit_DMA
 .text.HAL_I2C_Master_Receive_DMA
                0x0000000008004b08      0x150 Drivers/STM32L4xx_HAL_Driver/Src/stm32l4xx_hal_i2c.o
                0x0000000008004b08                HAL_I2C_Master_Receive_DMA
 .text.HAL_I2C_Slave_Transmit_DMA
                0x0000000008004c58       0xec Drivers/STM32L4xx_HAL_Driver/Src/stm32l4xx_hal_i2c.o
                0x0000000008004c58                HAL_I2C_Slave_Transmit_DMA
 .text.HAL_I2C_Slave_Receive_DMA
                0x0000000008004d44       0xf0 Drivers/STM32L4xx_HAL_Driver/Src/stm32l4xx_hal_i2c.o
                0x0000000008004d44                HAL_I2C_Slave_Receive_DMA
 .text.HAL_I2C_Mem_Write
                0x0000000008004e34      0x1a8 Drivers/STM32L4xx_HAL_Driver/Src/stm32l4xx_hal_i2c.o
                0x0000000008004e34                HAL_I2C_Mem_Write
 .text.HAL_I2C_Mem_Read
                0x0000000008004fdc      0x1b4 Drivers/STM32L4xx_HAL_Driver/Src/stm32l4xx_hal_i2c.o
                0x0000000008004fdc                HAL_I2C_Mem_Read
 .text.HAL_I2C_Mem_Write_IT
                0x0000000008005190       0xe4 Drivers/STM32L4xx_HAL_Driver/Src/stm32l4xx_hal_i2c.o
                0x0000000008005190                HAL_I2C_Mem_Write_IT
 .text.HAL_I2C_Mem_Read_IT
                0x0000000008005274       0xe4 Drivers/STM32L4xx_HAL_Driver/Src/stm32l4xx_hal_i2c.o
                0x0000000008005274                HAL_I2C_Mem_Read_IT
 .text.HAL_I2C_Mem_Write_DMA
                0x0000000008005358      0x168 Drivers/STM32L4xx_HAL_Driver/Src/stm32l4xx_hal_i2c.o
                0x0000000008005358                HAL_I2C_Mem_Write_DMA
 .text.HAL_I2C_Mem_Read_DMA
                0x00000000080054c0      0x16c Drivers/STM32L4xx_HAL_Driver/Src/stm32l4xx_hal_i2c.o
                0x00000000080054c0                HAL_I2C_Mem_Read_DMA
 .text.HAL_I2C_IsDeviceReady
                0x000000000800562c      0x170 Drivers/STM32L4xx_HAL_Driver/Src/stm32l4xx_hal_i2c.o
                0x000000000800562c                HAL_I2C_IsDeviceReady
 .text.HAL_I2C_Master_Seq_Transmit_IT
                0x000000000800579c       0xb4 Drivers/STM32L4xx_HAL_Driver/Src/stm32l4xx_hal_i2c.o
                0x000000000800579c                HAL_I2C_Master_Seq_Transmit_IT
 .text.HAL_I2C_Master_Seq_Transmit_DMA
                0x0000000008005850      0x16c Drivers/STM32L4xx_HAL_Driver/Src/stm32l4xx_hal_i2c.o
                0x0000000008005850                HAL_I2C_Master_Seq_Transmit_DMA
 .text.HAL_I2C_Master_Seq_Receive_IT
                0x00000000080059bc       0xb4 Drivers/STM32L4xx_HAL_Driver/Src/stm32l4xx_hal_i2c.o
                0x00000000080059bc                HAL_I2C_Master_Seq_Receive_IT
 .text.HAL_I2C_Master_Seq_Receive_DMA
                0x0000000008005a70      0x16c Drivers/STM32L4xx_HAL_Driver/Src/stm32l4xx_hal_i2c.o
                0x0000000008005a70                HAL_I2C_Master_Seq_Receive_DMA
 .text.HAL_I2C_Slave_Seq_Transmit_IT
                0x0000000008005bdc       0xd0 Drivers/STM32L4xx_HAL_Driver/Src/stm32l4xx_hal_i2c.o
                0x0000000008005bdc                HAL_I2C_Slave_Seq_Transmit_IT
 .text.HAL_I2C_Slave_Seq_Transmit_DMA
                0x0000000008005cac      0x198 Drivers/STM32L4xx_HAL_Driver/Src/stm32l4xx_hal_i2c.o
                0x0000000008005cac                HAL_I2C_Slave_Seq_Transmit_DMA
 .text.HAL_I2C_Slave_Seq_Receive_IT
                0x0000000008005e44       0xd0 Drivers/STM32L4xx_HAL_Driver/Src/stm32l4xx_hal_i2c.o
                0x0000000008005e44                HAL_I2C_Slave_Seq_Receive_IT
 .text.HAL_I2C_Slave_Seq_Receive_DMA
                0x0000000008005f14      0x194 Drivers/STM32L4xx_HAL_Driver/Src/stm32l4xx_hal_i2c.o
                0x0000000008005f14                HAL_I2C_Slave_Seq_Receive_DMA
 .text.HAL_I2C_EnableListen_IT
                0x00000000080060a8       0x28 Drivers/STM32L4xx_HAL_Driver/Src/stm32l4xx_hal_i2c.o
                0x00000000080060a8                HAL_I2C_EnableListen_IT
 .text.HAL_I2C_DisableListen_IT
                0x00000000080060d0       0x38 Drivers/STM32L4xx_HAL_Driver/Src/stm32l4xx_hal_i2c.o
                0x00000000080060d0                HAL_I2C_DisableListen_IT
 .text.HAL_I2C_Master_Abort_IT
                0x0000000008006108       0x68 Drivers/STM32L4xx_HAL_Driver/Src/stm32l4xx_hal_i2c.o
                0x0000000008006108                HAL_I2C_Master_Abort_IT
 .text.HAL_I2C_EV_IRQHandler
                0x0000000008006170       0x10 Drivers/STM32L4xx_HAL_Driver/Src/stm32l4xx_hal_i2c.o
                0x0000000008006170                HAL_I2C_EV_IRQHandler
 .text.HAL_I2C_MasterTxCpltCallback
                0x0000000008006180        0x2 Drivers/STM32L4xx_HAL_Driver/Src/stm32l4xx_hal_i2c.o
                0x0000000008006180                HAL_I2C_MasterTxCpltCallback
 .text.HAL_I2C_MasterRxCpltCallback
                0x0000000008006182        0x2 Drivers/STM32L4xx_HAL_Driver/Src/stm32l4xx_hal_i2c.o
                0x0000000008006182                HAL_I2C_MasterRxCpltCallback
 .text.I2C_ITMasterSeqCplt
                0x0000000008006184       0x54 Drivers/STM32L4xx_HAL_Driver/Src/stm32l4xx_hal_i2c.o
 .text.HAL_I2C_SlaveTxCpltCallback
                0x00000000080061d8        0x2 Drivers/STM32L4xx_HAL_Driver/Src/stm32l4xx_hal_i2c.o
                0x00000000080061d8                HAL_I2C_SlaveTxCpltCallback
 .text.HAL_I2C_SlaveRxCpltCallback
                0x00000000080061da        0x2 Drivers/STM32L4xx_HAL_Driver/Src/stm32l4xx_hal_i2c.o
                0x00000000080061da                HAL_I2C_SlaveRxCpltCallback
 .text.I2C_ITSlaveSeqCplt
                0x00000000080061dc       0x5c Drivers/STM32L4xx_HAL_Driver/Src/stm32l4xx_hal_i2c.o
 .text.I2C_DMASlaveTransmitCplt
                0x0000000008006238       0x1c Drivers/STM32L4xx_HAL_Driver/Src/stm32l4xx_hal_i2c.o
 .text.I2C_DMASlaveReceiveCplt
                0x0000000008006254       0x24 Drivers/STM32L4xx_HAL_Driver/Src/stm32l4xx_hal_i2c.o
 .text.HAL_I2C_AddrCallback
                0x0000000008006278        0x2 Drivers/STM32L4xx_HAL_Driver/Src/stm32l4xx_hal_i2c.o
                0x0000000008006278                HAL_I2C_AddrCallback
 .text.I2C_ITAddrCplt
                0x000000000800627a       0x9a Drivers/STM32L4xx_HAL_Driver/Src/stm32l4xx_hal_i2c.o
 .text.HAL_I2C_ListenCpltCallback
                0x0000000008006314        0x2 Drivers/STM32L4xx_HAL_Driver/Src/stm32l4xx_hal_i2c.o
                0x0000000008006314                HAL_I2C_ListenCpltCallback
 *fill*         0x0000000008006316        0x2 
 .text.I2C_ITListenCplt
                0x0000000008006318       0x64 Drivers/STM32L4xx_HAL_Driver/Src/stm32l4xx_hal_i2c.o
 .text.HAL_I2C_MemTxCpltCallback
                0x000000000800637c        0x2 Drivers/STM32L4xx_HAL_Driver/Src/stm32l4xx_hal_i2c.o
                0x000000000800637c                HAL_I2C_MemTxCpltCallback
 .text.HAL_I2C_MemRxCpltCallback
                0x000000000800637e        0x2 Drivers/STM32L4xx_HAL_Driver/Src/stm32l4xx_hal_i2c.o
                0x000000000800637e                HAL_I2C_MemRxCpltCallback
 .text.HAL_I2C_ErrorCallback
                0x0000000008006380        0x2 Drivers/STM32L4xx_HAL_Driver/Src/stm32l4xx_hal_i2c.o
                0x0000000008006380                HAL_I2C_ErrorCallback
 .text.HAL_I2C_AbortCpltCallback
                0x0000000008006382        0x2 Drivers/STM32L4xx_HAL_Driver/Src/stm32l4xx_hal_i2c.o
                0x0000000008006382                HAL_I2C_AbortCpltCallback
 .text.I2C_ITError
                0x0000000008006384       0xf4 Drivers/STM32L4xx_HAL_Driver/Src/stm32l4xx_hal_i2c.o
 .text.I2C_ITSlaveCplt
                0x0000000008006478      0x120 Drivers/STM32L4xx_HAL_Driver/Src/stm32l4xx_hal_i2c.o
 .text.I2C_Slave_ISR_IT
                0x0000000008006598      0x146 Drivers/STM32L4xx_HAL_Driver/Src/stm32l4xx_hal_i2c.o
 .text.I2C_ITMasterCplt
                0x00000000080066de       0xe2 Drivers/STM32L4xx_HAL_Driver/Src/stm32l4xx_hal_i2c.o
 .text.I2C_Master_ISR_IT
                0x00000000080067c0      0x17c Drivers/STM32L4xx_HAL_Driver/Src/stm32l4xx_hal_i2c.o
 .text.I2C_Slave_ISR_DMA
                0x000000000800693c      0x104 Drivers/STM32L4xx_HAL_Driver/Src/stm32l4xx_hal_i2c.o
 .text.I2C_Master_ISR_DMA
                0x0000000008006a40      0x136 Drivers/STM32L4xx_HAL_Driver/Src/stm32l4xx_hal_i2c.o
 .text.I2C_DMAError
                0x0000000008006b76       0x16 Drivers/STM32L4xx_HAL_Driver/Src/stm32l4xx_hal_i2c.o
 .text.I2C_DMAMasterTransmitCplt
                0x0000000008006b8c       0x56 Drivers/STM32L4xx_HAL_Driver/Src/stm32l4xx_hal_i2c.o
 .text.I2C_DMAMasterReceiveCplt
                0x0000000008006be2       0x56 Drivers/STM32L4xx_HAL_Driver/Src/stm32l4xx_hal_i2c.o
 .text.HAL_I2C_ER_IRQHandler
                0x0000000008006c38       0x86 Drivers/STM32L4xx_HAL_Driver/Src/stm32l4xx_hal_i2c.o
                0x0000000008006c38                HAL_I2C_ER_IRQHandler
 .text.I2C_DMAAbort
                0x0000000008006cbe       0x2a Drivers/STM32L4xx_HAL_Driver/Src/stm32l4xx_hal_i2c.o
 .text.HAL_I2C_GetState
                0x0000000008006ce8        0x6 Drivers/STM32L4xx_HAL_Driver/Src/stm32l4xx_hal_i2c.o
                0x0000000008006ce8                HAL_I2C_GetState
 .text.HAL_I2C_GetMode
                0x0000000008006cee        0x6 Drivers/STM32L4xx_HAL_Driver/Src/stm32l4xx_hal_i2c.o
                0x0000000008006cee                HAL_I2C_GetMode
 .text.HAL_I2C_GetError
                0x0000000008006cf4        0x4 Drivers/STM32L4xx_HAL_Driver/Src/stm32l4xx_hal_i2c.o
                0x0000000008006cf4                HAL_I2C_GetError
 .text.HAL_I2CEx_ConfigAnalogFilter
                0x0000000008006cf8       0x5c Drivers/STM32L4xx_HAL_Driver/Src/stm32l4xx_hal_i2c_ex.o
                0x0000000008006cf8                HAL_I2CEx_ConfigAnalogFilter
 .text.HAL_I2CEx_ConfigDigitalFilter
                0x0000000008006d54       0x58 Drivers/STM32L4xx_HAL_Driver/Src/stm32l4xx_hal_i2c_ex.o
                0x0000000008006d54                HAL_I2CEx_ConfigDigitalFilter
 .text.HAL_I2CEx_EnableWakeUp
                0x0000000008006dac       0x54 Drivers/STM32L4xx_HAL_Driver/Src/stm32l4xx_hal_i2c_ex.o
                0x0000000008006dac                HAL_I2CEx_EnableWakeUp
 .text.HAL_I2CEx_DisableWakeUp
                0x0000000008006e00       0x54 Drivers/STM32L4xx_HAL_Driver/Src/stm32l4xx_hal_i2c_ex.o
                0x0000000008006e00                HAL_I2CEx_DisableWakeUp
 .text.HAL_I2CEx_EnableFastModePlus
                0x0000000008006e54       0x2c Drivers/STM32L4xx_HAL_Driver/Src/stm32l4xx_hal_i2c_ex.o
                0x0000000008006e54                HAL_I2CEx_EnableFastModePlus
 .text.HAL_I2CEx_DisableFastModePlus
                0x0000000008006e80       0x2c Drivers/STM32L4xx_HAL_Driver/Src/stm32l4xx_hal_i2c_ex.o
                0x0000000008006e80                HAL_I2CEx_DisableFastModePlus
 .text.HAL_PWR_DeInit
                0x0000000008006eac       0x18 Drivers/STM32L4xx_HAL_Driver/Src/stm32l4xx_hal_pwr.o
                0x0000000008006eac                HAL_PWR_DeInit
 .text.HAL_PWR_EnableBkUpAccess
                0x0000000008006ec4       0x10 Drivers/STM32L4xx_HAL_Driver/Src/stm32l4xx_hal_pwr.o
                0x0000000008006ec4                HAL_PWR_EnableBkUpAccess
 .text.HAL_PWR_DisableBkUpAccess
                0x0000000008006ed4       0x10 Drivers/STM32L4xx_HAL_Driver/Src/stm32l4xx_hal_pwr.o
                0x0000000008006ed4                HAL_PWR_DisableBkUpAccess
 .text.HAL_PWR_ConfigPVD
                0x0000000008006ee4       0x84 Drivers/STM32L4xx_HAL_Driver/Src/stm32l4xx_hal_pwr.o
                0x0000000008006ee4                HAL_PWR_ConfigPVD
 .text.HAL_PWR_EnablePVD
                0x0000000008006f68       0x10 Drivers/STM32L4xx_HAL_Driver/Src/stm32l4xx_hal_pwr.o
                0x0000000008006f68                HAL_PWR_EnablePVD
 .text.HAL_PWR_DisablePVD
                0x0000000008006f78       0x10 Drivers/STM32L4xx_HAL_Driver/Src/stm32l4xx_hal_pwr.o
                0x0000000008006f78                HAL_PWR_DisablePVD
 .text.HAL_PWR_EnableWakeUpPin
                0x0000000008006f88       0x20 Drivers/STM32L4xx_HAL_Driver/Src/stm32l4xx_hal_pwr.o
                0x0000000008006f88                HAL_PWR_EnableWakeUpPin
 .text.HAL_PWR_DisableWakeUpPin
                0x0000000008006fa8       0x14 Drivers/STM32L4xx_HAL_Driver/Src/stm32l4xx_hal_pwr.o
                0x0000000008006fa8                HAL_PWR_DisableWakeUpPin
 .text.HAL_PWR_EnterSLEEPMode
                0x0000000008006fbc       0x4c Drivers/STM32L4xx_HAL_Driver/Src/stm32l4xx_hal_pwr.o
                0x0000000008006fbc                HAL_PWR_EnterSLEEPMode
 .text.HAL_PWR_EnterSTOPMode
                0x0000000008007008       0x18 Drivers/STM32L4xx_HAL_Driver/Src/stm32l4xx_hal_pwr.o
                0x0000000008007008                HAL_PWR_EnterSTOPMode
 .text.HAL_PWR_EnterSTANDBYMode
                0x0000000008007020       0x24 Drivers/STM32L4xx_HAL_Driver/Src/stm32l4xx_hal_pwr.o
                0x0000000008007020                HAL_PWR_EnterSTANDBYMode
 .text.HAL_PWR_EnableSleepOnExit
                0x0000000008007044       0x10 Drivers/STM32L4xx_HAL_Driver/Src/stm32l4xx_hal_pwr.o
                0x0000000008007044                HAL_PWR_EnableSleepOnExit
 .text.HAL_PWR_DisableSleepOnExit
                0x0000000008007054       0x10 Drivers/STM32L4xx_HAL_Driver/Src/stm32l4xx_hal_pwr.o
                0x0000000008007054                HAL_PWR_DisableSleepOnExit
 .text.HAL_PWR_EnableSEVOnPend
                0x0000000008007064       0x10 Drivers/STM32L4xx_HAL_Driver/Src/stm32l4xx_hal_pwr.o
                0x0000000008007064                HAL_PWR_EnableSEVOnPend
 .text.HAL_PWR_DisableSEVOnPend
                0x0000000008007074       0x10 Drivers/STM32L4xx_HAL_Driver/Src/stm32l4xx_hal_pwr.o
                0x0000000008007074                HAL_PWR_DisableSEVOnPend
 .text.HAL_PWR_PVDCallback
                0x0000000008007084        0x2 Drivers/STM32L4xx_HAL_Driver/Src/stm32l4xx_hal_pwr.o
                0x0000000008007084                HAL_PWR_PVDCallback
 *fill*         0x0000000008007086        0x2 
 .text.HAL_PWREx_GetVoltageRange
                0x0000000008007088       0x10 Drivers/STM32L4xx_HAL_Driver/Src/stm32l4xx_hal_pwr_ex.o
                0x0000000008007088                HAL_PWREx_GetVoltageRange
 .text.HAL_PWREx_ControlVoltageScaling
                0x0000000008007098       0x98 Drivers/STM32L4xx_HAL_Driver/Src/stm32l4xx_hal_pwr_ex.o
                0x0000000008007098                HAL_PWREx_ControlVoltageScaling
 .text.HAL_PWREx_EnableBatteryCharging
                0x0000000008007130       0x1c Drivers/STM32L4xx_HAL_Driver/Src/stm32l4xx_hal_pwr_ex.o
                0x0000000008007130                HAL_PWREx_EnableBatteryCharging
 .text.HAL_PWREx_DisableBatteryCharging
                0x000000000800714c       0x10 Drivers/STM32L4xx_HAL_Driver/Src/stm32l4xx_hal_pwr_ex.o
                0x000000000800714c                HAL_PWREx_DisableBatteryCharging
 .text.HAL_PWREx_EnableVddUSB
                0x000000000800715c       0x10 Drivers/STM32L4xx_HAL_Driver/Src/stm32l4xx_hal_pwr_ex.o
                0x000000000800715c                HAL_PWREx_EnableVddUSB
 .text.HAL_PWREx_DisableVddUSB
                0x000000000800716c       0x10 Drivers/STM32L4xx_HAL_Driver/Src/stm32l4xx_hal_pwr_ex.o
                0x000000000800716c                HAL_PWREx_DisableVddUSB
 .text.HAL_PWREx_EnableVddIO2
                0x000000000800717c       0x10 Drivers/STM32L4xx_HAL_Driver/Src/stm32l4xx_hal_pwr_ex.o
                0x000000000800717c                HAL_PWREx_EnableVddIO2
 .text.HAL_PWREx_DisableVddIO2
                0x000000000800718c       0x10 Drivers/STM32L4xx_HAL_Driver/Src/stm32l4xx_hal_pwr_ex.o
                0x000000000800718c                HAL_PWREx_DisableVddIO2
 .text.HAL_PWREx_EnableInternalWakeUpLine
                0x000000000800719c       0x10 Drivers/STM32L4xx_HAL_Driver/Src/stm32l4xx_hal_pwr_ex.o
                0x000000000800719c                HAL_PWREx_EnableInternalWakeUpLine
 .text.HAL_PWREx_DisableInternalWakeUpLine
                0x00000000080071ac       0x10 Drivers/STM32L4xx_HAL_Driver/Src/stm32l4xx_hal_pwr_ex.o
                0x00000000080071ac                HAL_PWREx_DisableInternalWakeUpLine
 .text.HAL_PWREx_EnableGPIOPullUp
                0x00000000080071bc       0xc8 Drivers/STM32L4xx_HAL_Driver/Src/stm32l4xx_hal_pwr_ex.o
                0x00000000080071bc                HAL_PWREx_EnableGPIOPullUp
 .text.HAL_PWREx_DisableGPIOPullUp
                0x0000000008007284       0x90 Drivers/STM32L4xx_HAL_Driver/Src/stm32l4xx_hal_pwr_ex.o
                0x0000000008007284                HAL_PWREx_DisableGPIOPullUp
 .text.HAL_PWREx_EnableGPIOPullDown
                0x0000000008007314       0xc8 Drivers/STM32L4xx_HAL_Driver/Src/stm32l4xx_hal_pwr_ex.o
                0x0000000008007314                HAL_PWREx_EnableGPIOPullDown
 .text.HAL_PWREx_DisableGPIOPullDown
                0x00000000080073dc       0x94 Drivers/STM32L4xx_HAL_Driver/Src/stm32l4xx_hal_pwr_ex.o
                0x00000000080073dc                HAL_PWREx_DisableGPIOPullDown
 .text.HAL_PWREx_EnablePullUpPullDownConfig
                0x0000000008007470       0x10 Drivers/STM32L4xx_HAL_Driver/Src/stm32l4xx_hal_pwr_ex.o
                0x0000000008007470                HAL_PWREx_EnablePullUpPullDownConfig
 .text.HAL_PWREx_DisablePullUpPullDownConfig
                0x0000000008007480       0x10 Drivers/STM32L4xx_HAL_Driver/Src/stm32l4xx_hal_pwr_ex.o
                0x0000000008007480                HAL_PWREx_DisablePullUpPullDownConfig
 .text.HAL_PWREx_EnableSRAM2ContentRetention
                0x0000000008007490       0x10 Drivers/STM32L4xx_HAL_Driver/Src/stm32l4xx_hal_pwr_ex.o
                0x0000000008007490                HAL_PWREx_EnableSRAM2ContentRetention
 .text.HAL_PWREx_DisableSRAM2ContentRetention
                0x00000000080074a0       0x10 Drivers/STM32L4xx_HAL_Driver/Src/stm32l4xx_hal_pwr_ex.o
                0x00000000080074a0                HAL_PWREx_DisableSRAM2ContentRetention
 .text.HAL_PWREx_EnablePVM1
                0x00000000080074b0       0x10 Drivers/STM32L4xx_HAL_Driver/Src/stm32l4xx_hal_pwr_ex.o
                0x00000000080074b0                HAL_PWREx_EnablePVM1
 .text.HAL_PWREx_DisablePVM1
                0x00000000080074c0       0x10 Drivers/STM32L4xx_HAL_Driver/Src/stm32l4xx_hal_pwr_ex.o
                0x00000000080074c0                HAL_PWREx_DisablePVM1
 .text.HAL_PWREx_EnablePVM2
                0x00000000080074d0       0x10 Drivers/STM32L4xx_HAL_Driver/Src/stm32l4xx_hal_pwr_ex.o
                0x00000000080074d0                HAL_PWREx_EnablePVM2
 .text.HAL_PWREx_DisablePVM2
                0x00000000080074e0       0x10 Drivers/STM32L4xx_HAL_Driver/Src/stm32l4xx_hal_pwr_ex.o
                0x00000000080074e0                HAL_PWREx_DisablePVM2
 .text.HAL_PWREx_EnablePVM3
                0x00000000080074f0       0x10 Drivers/STM32L4xx_HAL_Driver/Src/stm32l4xx_hal_pwr_ex.o
                0x00000000080074f0                HAL_PWREx_EnablePVM3
 .text.HAL_PWREx_DisablePVM3
                0x0000000008007500       0x10 Drivers/STM32L4xx_HAL_Driver/Src/stm32l4xx_hal_pwr_ex.o
                0x0000000008007500                HAL_PWREx_DisablePVM3
 .text.HAL_PWREx_EnablePVM4
                0x0000000008007510       0x10 Drivers/STM32L4xx_HAL_Driver/Src/stm32l4xx_hal_pwr_ex.o
                0x0000000008007510                HAL_PWREx_EnablePVM4
 .text.HAL_PWREx_DisablePVM4
                0x0000000008007520       0x10 Drivers/STM32L4xx_HAL_Driver/Src/stm32l4xx_hal_pwr_ex.o
                0x0000000008007520                HAL_PWREx_DisablePVM4
 .text.HAL_PWREx_ConfigPVM
                0x0000000008007530      0x1ec Drivers/STM32L4xx_HAL_Driver/Src/stm32l4xx_hal_pwr_ex.o
                0x0000000008007530                HAL_PWREx_ConfigPVM
 .text.HAL_PWREx_EnableLowPowerRunMode
                0x000000000800771c       0x10 Drivers/STM32L4xx_HAL_Driver/Src/stm32l4xx_hal_pwr_ex.o
                0x000000000800771c                HAL_PWREx_EnableLowPowerRunMode
 .text.HAL_PWREx_DisableLowPowerRunMode
                0x000000000800772c       0x58 Drivers/STM32L4xx_HAL_Driver/Src/stm32l4xx_hal_pwr_ex.o
                0x000000000800772c                HAL_PWREx_DisableLowPowerRunMode
 .text.HAL_PWREx_EnterSTOP0Mode
                0x0000000008007784       0x38 Drivers/STM32L4xx_HAL_Driver/Src/stm32l4xx_hal_pwr_ex.o
                0x0000000008007784                HAL_PWREx_EnterSTOP0Mode
 .text.HAL_PWREx_EnterSTOP1Mode
                0x00000000080077bc       0x3c Drivers/STM32L4xx_HAL_Driver/Src/stm32l4xx_hal_pwr_ex.o
                0x00000000080077bc                HAL_PWREx_EnterSTOP1Mode
 .text.HAL_PWREx_EnterSTOP2Mode
                0x00000000080077f8       0x3c Drivers/STM32L4xx_HAL_Driver/Src/stm32l4xx_hal_pwr_ex.o
                0x00000000080077f8                HAL_PWREx_EnterSTOP2Mode
 .text.HAL_PWREx_EnterSHUTDOWNMode
                0x0000000008007834       0x24 Drivers/STM32L4xx_HAL_Driver/Src/stm32l4xx_hal_pwr_ex.o
                0x0000000008007834                HAL_PWREx_EnterSHUTDOWNMode
 .text.HAL_PWREx_PVM1Callback
                0x0000000008007858        0x2 Drivers/STM32L4xx_HAL_Driver/Src/stm32l4xx_hal_pwr_ex.o
                0x0000000008007858                HAL_PWREx_PVM1Callback
 .text.HAL_PWREx_PVM2Callback
                0x000000000800785a        0x2 Drivers/STM32L4xx_HAL_Driver/Src/stm32l4xx_hal_pwr_ex.o
                0x000000000800785a                HAL_PWREx_PVM2Callback
 .text.HAL_PWREx_PVM3Callback
                0x000000000800785c        0x2 Drivers/STM32L4xx_HAL_Driver/Src/stm32l4xx_hal_pwr_ex.o
                0x000000000800785c                HAL_PWREx_PVM3Callback
 .text.HAL_PWREx_PVM4Callback
                0x000000000800785e        0x2 Drivers/STM32L4xx_HAL_Driver/Src/stm32l4xx_hal_pwr_ex.o
                0x000000000800785e                HAL_PWREx_PVM4Callback
 .text.HAL_PWREx_PVD_PVM_IRQHandler
                0x0000000008007860       0x78 Drivers/STM32L4xx_HAL_Driver/Src/stm32l4xx_hal_pwr_ex.o
                0x0000000008007860                HAL_PWREx_PVD_PVM_IRQHandler
 .text.RCC_SetFlashLatencyFromMSIRange
                0x00000000080078d8       0x88 Drivers/STM32L4xx_HAL_Driver/Src/stm32l4xx_hal_rcc.o
 .text.HAL_RCC_DeInit
                0x0000000008007960       0xf4 Drivers/STM32L4xx_HAL_Driver/Src/stm32l4xx_hal_rcc.o
                0x0000000008007960                HAL_RCC_DeInit
 .text.HAL_RCC_MCOConfig
                0x0000000008007a54       0x4c Drivers/STM32L4xx_HAL_Driver/Src/stm32l4xx_hal_rcc.o
                0x0000000008007a54                HAL_RCC_MCOConfig
 .text.HAL_RCC_GetSysClockFreq
                0x0000000008007aa0       0xa8 Drivers/STM32L4xx_HAL_Driver/Src/stm32l4xx_hal_rcc.o
                0x0000000008007aa0                HAL_RCC_GetSysClockFreq
 .text.HAL_RCC_OscConfig
                0x0000000008007b48      0x5e0 Drivers/STM32L4xx_HAL_Driver/Src/stm32l4xx_hal_rcc.o
                0x0000000008007b48                HAL_RCC_OscConfig
 .text.HAL_RCC_ClockConfig
                0x0000000008008128      0x160 Drivers/STM32L4xx_HAL_Driver/Src/stm32l4xx_hal_rcc.o
                0x0000000008008128                HAL_RCC_ClockConfig
 .text.HAL_RCC_GetHCLKFreq
                0x0000000008008288        0xc Drivers/STM32L4xx_HAL_Driver/Src/stm32l4xx_hal_rcc.o
                0x0000000008008288                HAL_RCC_GetHCLKFreq
 .text.HAL_RCC_GetPCLK1Freq
                0x0000000008008294       0x24 Drivers/STM32L4xx_HAL_Driver/Src/stm32l4xx_hal_rcc.o
                0x0000000008008294                HAL_RCC_GetPCLK1Freq
 .text.HAL_RCC_GetPCLK2Freq
                0x00000000080082b8       0x24 Drivers/STM32L4xx_HAL_Driver/Src/stm32l4xx_hal_rcc.o
                0x00000000080082b8                HAL_RCC_GetPCLK2Freq
 .text.HAL_RCC_GetOscConfig
                0x00000000080082dc       0xfc Drivers/STM32L4xx_HAL_Driver/Src/stm32l4xx_hal_rcc.o
                0x00000000080082dc                HAL_RCC_GetOscConfig
 .text.HAL_RCC_GetClockConfig
                0x00000000080083d8       0x3c Drivers/STM32L4xx_HAL_Driver/Src/stm32l4xx_hal_rcc.o
                0x00000000080083d8                HAL_RCC_GetClockConfig
 .text.HAL_RCC_EnableCSS
                0x0000000008008414       0x10 Drivers/STM32L4xx_HAL_Driver/Src/stm32l4xx_hal_rcc.o
                0x0000000008008414                HAL_RCC_EnableCSS
 .text.HAL_RCC_CSSCallback
                0x0000000008008424        0x2 Drivers/STM32L4xx_HAL_Driver/Src/stm32l4xx_hal_rcc.o
                0x0000000008008424                HAL_RCC_CSSCallback
 *fill*         0x0000000008008426        0x2 
 .text.HAL_RCC_NMI_IRQHandler
                0x0000000008008428       0x20 Drivers/STM32L4xx_HAL_Driver/Src/stm32l4xx_hal_rcc.o
                0x0000000008008428                HAL_RCC_NMI_IRQHandler
 .text.RCCEx_GetSAIxPeriphCLKFreq
                0x0000000008008448      0x10c Drivers/STM32L4xx_HAL_Driver/Src/stm32l4xx_hal_rcc_ex.o
 .text.RCCEx_PLLSAI1_Config
                0x0000000008008554      0x160 Drivers/STM32L4xx_HAL_Driver/Src/stm32l4xx_hal_rcc_ex.o
 .text.RCCEx_PLLSAI2_Config
                0x00000000080086b4      0x13c Drivers/STM32L4xx_HAL_Driver/Src/stm32l4xx_hal_rcc_ex.o
 .text.HAL_RCCEx_PeriphCLKConfig
                0x00000000080087f0      0x464 Drivers/STM32L4xx_HAL_Driver/Src/stm32l4xx_hal_rcc_ex.o
                0x00000000080087f0                HAL_RCCEx_PeriphCLKConfig
 .text.HAL_RCCEx_GetPeriphCLKConfig
                0x0000000008008c54      0x144 Drivers/STM32L4xx_HAL_Driver/Src/stm32l4xx_hal_rcc_ex.o
                0x0000000008008c54                HAL_RCCEx_GetPeriphCLKConfig
 .text.HAL_RCCEx_GetPeriphCLKFreq
                0x0000000008008d98      0x718 Drivers/STM32L4xx_HAL_Driver/Src/stm32l4xx_hal_rcc_ex.o
                0x0000000008008d98                HAL_RCCEx_GetPeriphCLKFreq
 .text.HAL_RCCEx_EnablePLLSAI1
                0x00000000080094b0       0x94 Drivers/STM32L4xx_HAL_Driver/Src/stm32l4xx_hal_rcc_ex.o
                0x00000000080094b0                HAL_RCCEx_EnablePLLSAI1
 .text.HAL_RCCEx_DisablePLLSAI1
                0x0000000008009544       0x50 Drivers/STM32L4xx_HAL_Driver/Src/stm32l4xx_hal_rcc_ex.o
                0x0000000008009544                HAL_RCCEx_DisablePLLSAI1
 .text.HAL_RCCEx_EnablePLLSAI2
                0x0000000008009594       0x88 Drivers/STM32L4xx_HAL_Driver/Src/stm32l4xx_hal_rcc_ex.o
                0x0000000008009594                HAL_RCCEx_EnablePLLSAI2
 .text.HAL_RCCEx_DisablePLLSAI2
                0x000000000800961c       0x50 Drivers/STM32L4xx_HAL_Driver/Src/stm32l4xx_hal_rcc_ex.o
                0x000000000800961c                HAL_RCCEx_DisablePLLSAI2
 .text.HAL_RCCEx_WakeUpStopCLKConfig
                0x000000000800966c       0x14 Drivers/STM32L4xx_HAL_Driver/Src/stm32l4xx_hal_rcc_ex.o
                0x000000000800966c                HAL_RCCEx_WakeUpStopCLKConfig
 .text.HAL_RCCEx_StandbyMSIRangeConfig
                0x0000000008009680       0x18 Drivers/STM32L4xx_HAL_Driver/Src/stm32l4xx_hal_rcc_ex.o
                0x0000000008009680                HAL_RCCEx_StandbyMSIRangeConfig
 .text.HAL_RCCEx_EnableLSECSS
                0x0000000008009698       0x14 Drivers/STM32L4xx_HAL_Driver/Src/stm32l4xx_hal_rcc_ex.o
                0x0000000008009698                HAL_RCCEx_EnableLSECSS
 .text.HAL_RCCEx_DisableLSECSS
                0x00000000080096ac       0x1c Drivers/STM32L4xx_HAL_Driver/Src/stm32l4xx_hal_rcc_ex.o
                0x00000000080096ac                HAL_RCCEx_DisableLSECSS
 .text.HAL_RCCEx_EnableLSECSS_IT
                0x00000000080096c8       0x30 Drivers/STM32L4xx_HAL_Driver/Src/stm32l4xx_hal_rcc_ex.o
                0x00000000080096c8                HAL_RCCEx_EnableLSECSS_IT
 .text.HAL_RCCEx_LSECSS_Callback
                0x00000000080096f8        0x2 Drivers/STM32L4xx_HAL_Driver/Src/stm32l4xx_hal_rcc_ex.o
                0x00000000080096f8                HAL_RCCEx_LSECSS_Callback
 *fill*         0x00000000080096fa        0x2 
 .text.HAL_RCCEx_LSECSS_IRQHandler
                0x00000000080096fc       0x20 Drivers/STM32L4xx_HAL_Driver/Src/stm32l4xx_hal_rcc_ex.o
                0x00000000080096fc                HAL_RCCEx_LSECSS_IRQHandler
 .text.HAL_RCCEx_EnableLSCO
                0x000000000800971c       0xac Drivers/STM32L4xx_HAL_Driver/Src/stm32l4xx_hal_rcc_ex.o
                0x000000000800971c                HAL_RCCEx_EnableLSCO
 .text.HAL_RCCEx_DisableLSCO
                0x00000000080097c8       0x74 Drivers/STM32L4xx_HAL_Driver/Src/stm32l4xx_hal_rcc_ex.o
                0x00000000080097c8                HAL_RCCEx_DisableLSCO
 .text.HAL_RCCEx_EnableMSIPLLMode
                0x000000000800983c       0x10 Drivers/STM32L4xx_HAL_Driver/Src/stm32l4xx_hal_rcc_ex.o
                0x000000000800983c                HAL_RCCEx_EnableMSIPLLMode
 .text.HAL_RCCEx_DisableMSIPLLMode
                0x000000000800984c       0x10 Drivers/STM32L4xx_HAL_Driver/Src/stm32l4xx_hal_rcc_ex.o
                0x000000000800984c                HAL_RCCEx_DisableMSIPLLMode
 .text.SPI_WaitFlagStateUntilTimeout
                0x000000000800985c       0x90 Drivers/STM32L4xx_HAL_Driver/Src/stm32l4xx_hal_spi.o
 .text.SPI_WaitFifoStateUntilTimeout
                0x00000000080098ec       0x98 Drivers/STM32L4xx_HAL_Driver/Src/stm32l4xx_hal_spi.o
 .text.SPI_EndRxTxTransaction
                0x0000000008009984       0x66 Drivers/STM32L4xx_HAL_Driver/Src/stm32l4xx_hal_spi.o
 .text.SPI_EndRxTransaction
                0x00000000080099ea       0x88 Drivers/STM32L4xx_HAL_Driver/Src/stm32l4xx_hal_spi.o
 *fill*         0x0000000008009a72        0x2 
 .text.SPI_AbortRx_ISR
                0x0000000008009a74       0x90 Drivers/STM32L4xx_HAL_Driver/Src/stm32l4xx_hal_spi.o
 .text.SPI_AbortTx_ISR
                0x0000000008009b04       0xf0 Drivers/STM32L4xx_HAL_Driver/Src/stm32l4xx_hal_spi.o
 .text.HAL_SPI_MspInit
                0x0000000008009bf4        0x2 Drivers/STM32L4xx_HAL_Driver/Src/stm32l4xx_hal_spi.o
 .text.HAL_SPI_Init
                0x0000000008009bf6       0xe2 Drivers/STM32L4xx_HAL_Driver/Src/stm32l4xx_hal_spi.o
                0x0000000008009bf6                HAL_SPI_Init
 .text.HAL_SPI_MspDeInit
                0x0000000008009cd8        0x2 Drivers/STM32L4xx_HAL_Driver/Src/stm32l4xx_hal_spi.o
 .text.HAL_SPI_DeInit
                0x0000000008009cda       0x2c Drivers/STM32L4xx_HAL_Driver/Src/stm32l4xx_hal_spi.o
                0x0000000008009cda                HAL_SPI_DeInit
 .text.HAL_SPI_Transmit
                0x0000000008009d06      0x1da Drivers/STM32L4xx_HAL_Driver/Src/stm32l4xx_hal_spi.o
                0x0000000008009d06                HAL_SPI_Transmit
 .text.HAL_SPI_TransmitReceive
                0x0000000008009ee0      0x2d8 Drivers/STM32L4xx_HAL_Driver/Src/stm32l4xx_hal_spi.o
                0x0000000008009ee0                HAL_SPI_TransmitReceive
 .text.HAL_SPI_Receive
                0x000000000800a1b8      0x18c Drivers/STM32L4xx_HAL_Driver/Src/stm32l4xx_hal_spi.o
                0x000000000800a1b8                HAL_SPI_Receive
 .text.HAL_SPI_Transmit_IT
                0x000000000800a344       0xa4 Drivers/STM32L4xx_HAL_Driver/Src/stm32l4xx_hal_spi.o
                0x000000000800a344                HAL_SPI_Transmit_IT
 .text.HAL_SPI_TransmitReceive_IT
                0x000000000800a3e8       0xe8 Drivers/STM32L4xx_HAL_Driver/Src/stm32l4xx_hal_spi.o
                0x000000000800a3e8                HAL_SPI_TransmitReceive_IT
 .text.HAL_SPI_Receive_IT
                0x000000000800a4d0       0xdc Drivers/STM32L4xx_HAL_Driver/Src/stm32l4xx_hal_spi.o
                0x000000000800a4d0                HAL_SPI_Receive_IT
 .text.HAL_SPI_Transmit_DMA
                0x000000000800a5ac      0x12c Drivers/STM32L4xx_HAL_Driver/Src/stm32l4xx_hal_spi.o
                0x000000000800a5ac                HAL_SPI_Transmit_DMA
 .text.HAL_SPI_TransmitReceive_DMA
                0x000000000800a6d8      0x208 Drivers/STM32L4xx_HAL_Driver/Src/stm32l4xx_hal_spi.o
                0x000000000800a6d8                HAL_SPI_TransmitReceive_DMA
 .text.HAL_SPI_Receive_DMA
                0x000000000800a8e0      0x174 Drivers/STM32L4xx_HAL_Driver/Src/stm32l4xx_hal_spi.o
                0x000000000800a8e0                HAL_SPI_Receive_DMA
 .text.HAL_SPI_Abort
                0x000000000800aa54      0x190 Drivers/STM32L4xx_HAL_Driver/Src/stm32l4xx_hal_spi.o
                0x000000000800aa54                HAL_SPI_Abort
 .text.HAL_SPI_DMAPause
                0x000000000800abe4       0x26 Drivers/STM32L4xx_HAL_Driver/Src/stm32l4xx_hal_spi.o
                0x000000000800abe4                HAL_SPI_DMAPause
 .text.HAL_SPI_DMAResume
                0x000000000800ac0a       0x26 Drivers/STM32L4xx_HAL_Driver/Src/stm32l4xx_hal_spi.o
                0x000000000800ac0a                HAL_SPI_DMAResume
 .text.HAL_SPI_DMAStop
                0x000000000800ac30       0x46 Drivers/STM32L4xx_HAL_Driver/Src/stm32l4xx_hal_spi.o
                0x000000000800ac30                HAL_SPI_DMAStop
 .text.HAL_SPI_TxCpltCallback
                0x000000000800ac76        0x2 Drivers/STM32L4xx_HAL_Driver/Src/stm32l4xx_hal_spi.o
                0x000000000800ac76                HAL_SPI_TxCpltCallback
 .text.HAL_SPI_RxCpltCallback
                0x000000000800ac78        0x2 Drivers/STM32L4xx_HAL_Driver/Src/stm32l4xx_hal_spi.o
                0x000000000800ac78                HAL_SPI_RxCpltCallback
 .text.HAL_SPI_TxRxCpltCallback
                0x000000000800ac7a        0x2 Drivers/STM32L4xx_HAL_Driver/Src/stm32l4xx_hal_spi.o
                0x000000000800ac7a                HAL_SPI_TxRxCpltCallback
 .text.HAL_SPI_TxHalfCpltCallback
                0x000000000800ac7c        0x2 Drivers/STM32L4xx_HAL_Driver/Src/stm32l4xx_hal_spi.o
                0x000000000800ac7c                HAL_SPI_TxHalfCpltCallback
 .text.SPI_DMAHalfTransmitCplt
                0x000000000800ac7e        0xa Drivers/STM32L4xx_HAL_Driver/Src/stm32l4xx_hal_spi.o
 .text.HAL_SPI_RxHalfCpltCallback
                0x000000000800ac88        0x2 Drivers/STM32L4xx_HAL_Driver/Src/stm32l4xx_hal_spi.o
                0x000000000800ac88                HAL_SPI_RxHalfCpltCallback
 .text.SPI_DMAHalfReceiveCplt
                0x000000000800ac8a        0xa Drivers/STM32L4xx_HAL_Driver/Src/stm32l4xx_hal_spi.o
 .text.HAL_SPI_TxRxHalfCpltCallback
                0x000000000800ac94        0x2 Drivers/STM32L4xx_HAL_Driver/Src/stm32l4xx_hal_spi.o
                0x000000000800ac94                HAL_SPI_TxRxHalfCpltCallback
 .text.SPI_DMAHalfTransmitReceiveCplt
                0x000000000800ac96        0xa Drivers/STM32L4xx_HAL_Driver/Src/stm32l4xx_hal_spi.o
 .text.HAL_SPI_ErrorCallback
                0x000000000800aca0        0x2 Drivers/STM32L4xx_HAL_Driver/Src/stm32l4xx_hal_spi.o
                0x000000000800aca0                HAL_SPI_ErrorCallback
 .text.SPI_CloseTx_ISR
                0x000000000800aca2       0x56 Drivers/STM32L4xx_HAL_Driver/Src/stm32l4xx_hal_spi.o
 .text.SPI_TxISR_8BIT
                0x000000000800acf8       0x26 Drivers/STM32L4xx_HAL_Driver/Src/stm32l4xx_hal_spi.o
 .text.SPI_TxISR_16BIT
                0x000000000800ad1e       0x26 Drivers/STM32L4xx_HAL_Driver/Src/stm32l4xx_hal_spi.o
 .text.SPI_CloseRx_ISR
                0x000000000800ad44       0x40 Drivers/STM32L4xx_HAL_Driver/Src/stm32l4xx_hal_spi.o
 .text.SPI_RxISR_8BIT
                0x000000000800ad84       0x2c Drivers/STM32L4xx_HAL_Driver/Src/stm32l4xx_hal_spi.o
 .text.SPI_RxISR_16BIT
                0x000000000800adb0       0x2c Drivers/STM32L4xx_HAL_Driver/Src/stm32l4xx_hal_spi.o
 .text.SPI_CloseRxTx_ISR
                0x000000000800addc       0x5e Drivers/STM32L4xx_HAL_Driver/Src/stm32l4xx_hal_spi.o
 .text.SPI_2linesTxISR_8BIT
                0x000000000800ae3a       0x58 Drivers/STM32L4xx_HAL_Driver/Src/stm32l4xx_hal_spi.o
 .text.SPI_2linesRxISR_8BIT
                0x000000000800ae92       0x78 Drivers/STM32L4xx_HAL_Driver/Src/stm32l4xx_hal_spi.o
 .text.SPI_2linesTxISR_16BIT
                0x000000000800af0a       0x38 Drivers/STM32L4xx_HAL_Driver/Src/stm32l4xx_hal_spi.o
 .text.SPI_2linesRxISR_16BIT
                0x000000000800af42       0x3c Drivers/STM32L4xx_HAL_Driver/Src/stm32l4xx_hal_spi.o
 .text.SPI_DMAError
                0x000000000800af7e       0x22 Drivers/STM32L4xx_HAL_Driver/Src/stm32l4xx_hal_spi.o
 .text.SPI_DMATransmitCplt
                0x000000000800afa0       0x70 Drivers/STM32L4xx_HAL_Driver/Src/stm32l4xx_hal_spi.o
 .text.SPI_DMAReceiveCplt
                0x000000000800b010       0x58 Drivers/STM32L4xx_HAL_Driver/Src/stm32l4xx_hal_spi.o
 .text.SPI_DMATransmitReceiveCplt
                0x000000000800b068       0x5e Drivers/STM32L4xx_HAL_Driver/Src/stm32l4xx_hal_spi.o
 *fill*         0x000000000800b0c6        0x2 
 .text.HAL_SPI_IRQHandler
                0x000000000800b0c8      0x12c Drivers/STM32L4xx_HAL_Driver/Src/stm32l4xx_hal_spi.o
                0x000000000800b0c8                HAL_SPI_IRQHandler
 .text.SPI_DMAAbortOnError
                0x000000000800b1f4       0x12 Drivers/STM32L4xx_HAL_Driver/Src/stm32l4xx_hal_spi.o
 .text.HAL_SPI_AbortCpltCallback
                0x000000000800b206        0x2 Drivers/STM32L4xx_HAL_Driver/Src/stm32l4xx_hal_spi.o
                0x000000000800b206                HAL_SPI_AbortCpltCallback
 .text.HAL_SPI_Abort_IT
                0x000000000800b208      0x160 Drivers/STM32L4xx_HAL_Driver/Src/stm32l4xx_hal_spi.o
                0x000000000800b208                HAL_SPI_Abort_IT
 .text.SPI_DMARxAbortCallback
                0x000000000800b368       0x94 Drivers/STM32L4xx_HAL_Driver/Src/stm32l4xx_hal_spi.o
 .text.SPI_DMATxAbortCallback
                0x000000000800b3fc       0x90 Drivers/STM32L4xx_HAL_Driver/Src/stm32l4xx_hal_spi.o
 .text.HAL_SPI_GetState
                0x000000000800b48c        0x6 Drivers/STM32L4xx_HAL_Driver/Src/stm32l4xx_hal_spi.o
                0x000000000800b48c                HAL_SPI_GetState
 .text.HAL_SPI_GetError
                0x000000000800b492        0x4 Drivers/STM32L4xx_HAL_Driver/Src/stm32l4xx_hal_spi.o
                0x000000000800b492                HAL_SPI_GetError
 .text.HAL_SPIEx_FlushRxFifo
                0x000000000800b496       0x34 Drivers/STM32L4xx_HAL_Driver/Src/stm32l4xx_hal_spi_ex.o
                0x000000000800b496                HAL_SPIEx_FlushRxFifo
 *fill*         0x000000000800b4ca        0x2 
 .text.TIM_OC1_SetConfig
                0x000000000800b4cc       0xb0 Drivers/STM32L4xx_HAL_Driver/Src/stm32l4xx_hal_tim.o
 .text.TIM_OC3_SetConfig
                0x000000000800b57c       0x90 Drivers/STM32L4xx_HAL_Driver/Src/stm32l4xx_hal_tim.o
 .text.TIM_OC4_SetConfig
                0x000000000800b60c       0x6c Drivers/STM32L4xx_HAL_Driver/Src/stm32l4xx_hal_tim.o
 .text.TIM_OC5_SetConfig
                0x000000000800b678       0x68 Drivers/STM32L4xx_HAL_Driver/Src/stm32l4xx_hal_tim.o
 .text.TIM_OC6_SetConfig
                0x000000000800b6e0       0x6c Drivers/STM32L4xx_HAL_Driver/Src/stm32l4xx_hal_tim.o
 .text.HAL_TIM_Base_MspInit
                0x000000000800b74c        0x2 Drivers/STM32L4xx_HAL_Driver/Src/stm32l4xx_hal_tim.o
 .text.HAL_TIM_Base_MspDeInit
                0x000000000800b74e        0x2 Drivers/STM32L4xx_HAL_Driver/Src/stm32l4xx_hal_tim.o
 .text.HAL_TIM_Base_DeInit
                0x000000000800b750       0x3a Drivers/STM32L4xx_HAL_Driver/Src/stm32l4xx_hal_tim.o
                0x000000000800b750                HAL_TIM_Base_DeInit
 *fill*         0x000000000800b78a        0x2 
 .text.HAL_TIM_Base_Start
                0x000000000800b78c       0x30 Drivers/STM32L4xx_HAL_Driver/Src/stm32l4xx_hal_tim.o
                0x000000000800b78c                HAL_TIM_Base_Start
 .text.HAL_TIM_Base_Stop
                0x000000000800b7bc       0x2e Drivers/STM32L4xx_HAL_Driver/Src/stm32l4xx_hal_tim.o
                0x000000000800b7bc                HAL_TIM_Base_Stop
 *fill*         0x000000000800b7ea        0x2 
 .text.HAL_TIM_Base_Start_IT