main.c:66:6:main_wait_160us	16	static
main.c:74:6:main_wait_20us	16	static
main.c:82:6:main_wait_1us	16	static
main.c:90:5:main_get_huart_tx_state	8	static
main.c:93:6:main_transmit_buffer	8	static
main.c:96:6:main_stop_motors	8	static
main.c:101:6:main_set_motors_speed	32	static
main.c:118:9:main_read_sensor	24	static
main.c:148:6:main_write_sensor	16	static
main.c:176:6:main_write_sensor_burst	16	static
main.c:180:6:main_read_sensor_motion_burst	8	static
main.c:184:6:main_transmit_spi	16	static
main.c:193:6:TM7_IRQHandler	8	static
main.c:199:6:HAL_UART_RxCpltCallback	1176	static
main.c:214:6:HAL_TIM_PeriodElapsedCallback	8	static
main.c:297:6:SystemClock_Config	240	static
main.c:226:5:main	1136	static
main.c:645:6:Error_Handler	0	static
