main.c:67:6:main_wait_160us	16	static
main.c:75:6:main_wait_20us	16	static
main.c:83:6:main_wait_1us	16	static
main.c:91:5:main_get_huart_tx_state	8	static
main.c:94:6:main_transmit_buffer	8	static
main.c:97:6:main_stop_motors	8	static
main.c:102:6:main_set_motors_speed	32	static
main.c:119:9:main_read_sensor	24	static
main.c:149:6:main_write_sensor	16	static
main.c:177:6:main_write_sensor_burst	16	static
main.c:181:6:main_transmit_spi	16	static
main.c:190:6:TM7_IRQHandler	8	static
main.c:196:6:HAL_UART_RxCpltCallback	1176	static
main.c:211:6:HAL_TIM_PeriodElapsedCallback	8	static
main.c:294:6:SystemClock_Config	240	static
main.c:223:5:main	144	static
main.c:642:6:Error_Handler	0	static
