checksum.h:35:20:crc_accumulate	24	static
checksum.h:52:20:crc_init	16	static
mavlink_sha256.h:100:21:mavlink_sha256_init	16	static
mavlink_sha256.h:114:20:mavlink_sha256_calc	320	static
mavlink_sha256.h:161:21:mavlink_sha256_update	120	static
mavlink_sha256.h:201:21:mavlink_sha256_final_48	104	static
mavlink_helpers.h:23:34:mavlink_get_channel_status	16	static
mavlink_helpers.h:39:35:mavlink_get_channel_buffer	16	static
mavlink_helpers.h:120:21:mavlink_signature_check	184	static
mavlink_helpers.h:291:20:_mav_parse_error	16	static
mavlink_helpers.h:481:21:mavlink_start_checksum	24	static
mavlink_helpers.h:488:21:mavlink_update_checksum	24	static
mavlink_helpers.h:499:43:mavlink_get_msg_entry	32	static
mavlink_helpers.h:571:24:mavlink_frame_char_buffer	40	static
mavlink_helpers.h:891:24:mavlink_frame_char	40	static
mavlink_helpers.h:969:24:mavlink_parse_char	40	static
main.c:64:5:main_get_huart_tx_state	8	static
main.c:67:6:main_transmit_buffer	16	static
main.c:70:6:main_stop_motors	8	static
main.c:75:6:main_set_motors_speed	32	static
main.c:97:6:TM7_IRQHandler	8	static
main.c:102:6:HAL_UART_RxCpltCallback	624	static
main.c:115:6:HAL_TIM_PeriodElapsedCallback	16	static
main.c:128:5:main	8	static
main.c:186:6:SystemClock_Config	232	static
main.c:240:13:MX_TIM1_Init	112	static
main.c:324:13:MX_TIM7_Init	24	static
main.c:362:13:MX_USART2_UART_Init	16	static
main.c:408:13:MX_DMA_Init	16	static
main.c:426:13:MX_GPIO_Init	48	static
main.c:462:6:Error_Handler	4	static
