main.c:67:5:main_get_huart_tx_state	8	static
main.c:70:6:main_transmit_buffer	0	static
main.c:73:6:main_stop_motors	8	static
main.c:78:6:main_set_motors_speed	32	static
main.c:95:9:main_read_sensor	24	static
main.c:106:6:main_write_sensor	24	static
main.c:115:6:main_transmit_spi	16	static
main.c:123:6:TM7_IRQHandler	0	static
main.c:128:6:HAL_UART_RxCpltCallback	920	static
main.c:143:6:HAL_TIM_PeriodElapsedCallback	0	static
main.c:214:6:SystemClock_Config	240	static
main.c:155:5:main	136	static
main.c:541:6:Error_Handler	0	static
