main.c:66:6:main_wait_160us	16	static
main.c:74:6:main_wait_20us	16	static
main.c:82:6:main_wait_1us	16	static
main.c:90:5:main_get_huart_tx_state	8	static
main.c:93:6:main_transmit_buffer	8	static
main.c:96:6:main_stop_motors	8	static
main.c:101:6:main_set_motors_speed	32	static
main.c:118:9:main_read_sensor	48	static
main.c:132:6:main_write_sensor	40	static
main.c:146:6:main_write_sensor_burst	16	static
main.c:150:6:main_read_sensor_motion_burst	8	static
main.c:154:6:main_transmit_spi	16	static
main.c:163:6:TM7_IRQHandler	8	static
main.c:169:6:HAL_UART_RxCpltCallback	1176	static
main.c:184:6:HAL_TIM_PeriodElapsedCallback	8	static
main.c:259:6:SystemClock_Config	240	static
main.c:196:5:main	136	static
main.c:607:6:Error_Handler	0	static
