checksum.h:35:20:crc_accumulate	24	static
checksum.h:52:20:crc_init	16	static
mavlink_sha256.h:100:21:mavlink_sha256_init	16	static
mavlink_sha256.h:114:20:mavlink_sha256_calc	320	static
mavlink_sha256.h:161:21:mavlink_sha256_update	120	static
mavlink_sha256.h:201:21:mavlink_sha256_final_48	104	static
mavlink_helpers.h:23:34:mavlink_get_channel_status	16	static
mavlink_helpers.h:39:35:mavlink_get_channel_buffer	16	static
mavlink_helpers.h:109:24:_mav_trim_payload	16	static
mavlink_helpers.h:120:21:mavlink_signature_check	184	static
mavlink_helpers.h:291:20:_mav_parse_error	16	static
mavlink_helpers.h:428:25:mavlink_msg_to_send_buffer	32	static
mavlink_helpers.h:481:21:mavlink_start_checksum	24	static
mavlink_helpers.h:488:21:mavlink_update_checksum	24	static
mavlink_helpers.h:499:43:mavlink_get_msg_entry	32	static
mavlink_helpers.h:571:24:mavlink_frame_char_buffer	40	static
mavlink_helpers.h:891:24:mavlink_frame_char	40	static
mavlink_helpers.h:969:24:mavlink_parse_char	40	static
main.c:64:6:main_transmit_buffer	16	static
main.c:69:6:main_transmit_buffer_IT	16	static
main.c:83:6:main_stop_motors	8	static
main.c:88:6:main_set_motors_speed	32	static
main.c:111:6:TM7_IRQHandler	8	static
main.c:116:6:HAL_UART_RxCpltCallback	624	static
main.c:129:6:HAL_UART_TxCpltCallback	16	static
main.c:134:6:HAL_TIM_PeriodElapsedCallback	16	static
main.c:147:5:main	8	static
main.c:205:6:SystemClock_Config	232	static
main.c:259:13:MX_TIM1_Init	112	static
main.c:343:13:MX_TIM7_Init	24	static
main.c:381:13:MX_USART2_UART_Init	8	static
main.c:419:13:MX_GPIO_Init	48	static
main.c:455:6:Error_Handler	4	static
