main.c:80:6:main_wait_160us	16	static
main.c:88:6:main_wait_20us	16	static
main.c:100:6:main_wait_1us	16	static
main.c:108:5:main_get_huart_tx_state	8	static
main.c:111:6:main_transmit_buffer	8	static
main.c:114:6:main_stop_motors	8	static
main.c:119:6:main_set_motors_speed	32	static
main.c:136:9:main_read_sensor	48	static
main.c:150:6:main_write_sensor	40	static
main.c:164:6:main_write_sensor_burst	16	static
main.c:168:6:main_read_sensor_motion_burst	8	static
main.c:172:6:main_transmit_spi	16	static
main.c:189:6:TM7_IRQHandler	8	static
main.c:203:6:HAL_UART_RxCpltCallback	1176	static
main.c:225:6:HAL_TIM_PeriodElapsedCallback	8	static
main.c:299:6:SystemClock_Config	240	static
main.c:236:5:main	136	static
main.c:647:6:Error_Handler	0	static
